Modules list:
-------------
zeropage.o:
    ZEROPAGE          Offs=000000  Size=00002C  Align=00001  Fill=0000
interrupt.o:
    CODE              Offs=000000  Size=000093  Align=00001  Fill=0000
startup.o:
    VECTORS           Offs=000000  Size=000006  Align=00001  Fill=0000
    STARTUP           Offs=000000  Size=000023  Align=00001  Fill=0000
utils.o:
    CODE              Offs=000100  Size=000020  Align=00100  Fill=006D
acia.o:
    CODE              Offs=000120  Size=000072  Align=00001  Fill=0000
led.o:
    CODE              Offs=000192  Size=000027  Align=00001  Fill=0000
main.o:
    CODE              Offs=0001B9  Size=0000F8  Align=00001  Fill=0000
    RODATA            Offs=000000  Size=0000B8  Align=00001  Fill=0000
    DATA              Offs=000000  Size=000038  Align=00001  Fill=0000
uart.o:
    CODE              Offs=0002B1  Size=000174  Align=00001  Fill=0000
    RODATA            Offs=0000B8  Size=00000F  Align=00001  Fill=0000
    BSS               Offs=000000  Size=000202  Align=00001  Fill=0000
    DATA              Offs=000038  Size=000100  Align=00001  Fill=0000
gpio.o:
    CODE              Offs=000425  Size=00024F  Align=00001  Fill=0000
shell.o:
    CODE              Offs=000674  Size=000B95  Align=00001  Fill=0000
    RODATA            Offs=0000C7  Size=000316  Align=00001  Fill=0000
    BSS               Offs=000202  Size=000001  Align=00001  Fill=0000
    DATA              Offs=000138  Size=0002C4  Align=00001  Fill=0000
ps2.o:
    CODE              Offs=001209  Size=000173  Align=00001  Fill=0000
    RODATA            Offs=0003DD  Size=00001B  Align=00001  Fill=0000
    DATA              Offs=0003FC  Size=000028  Align=00001  Fill=0000
vga.o:
    CODE              Offs=00137C  Size=000279  Align=00001  Fill=0000
    RODATA            Offs=0003F8  Size=000042  Align=00001  Fill=0000
    DATA              Offs=000424  Size=000028  Align=00001  Fill=0000
cc65.lib(_hextab.o):
    RODATA            Offs=00043A  Size=000010  Align=00001  Fill=0000
cc65.lib(_longminstr.o):
    RODATA            Offs=00044A  Size=00000C  Align=00001  Fill=0000
cc65.lib(_printf.o):
    CODE              Offs=0015F5  Size=0003A5  Align=00001  Fill=0000
    BSS               Offs=000203  Size=00002B  Align=00001  Fill=0000
    DATA              Offs=00044C  Size=000003  Align=00001  Fill=0000
cc65.lib(_seterrno.o):
    CODE              Offs=00199A  Size=000009  Align=00001  Fill=0000
cc65.lib(add.o):
    CODE              Offs=0019A3  Size=00001A  Align=00001  Fill=0000
cc65.lib(addeqsp.o):
    CODE              Offs=0019BD  Size=000011  Align=00001  Fill=0000
cc65.lib(addysp.o):
    CODE              Offs=0019CE  Size=00000E  Align=00001  Fill=0000
cc65.lib(aslax1.o):
    CODE              Offs=0019DC  Size=000008  Align=00001  Fill=0000
cc65.lib(aslax2.o):
    CODE              Offs=0019E4  Size=00000B  Align=00001  Fill=0000
cc65.lib(asleax4.o):
    CODE              Offs=0019EF  Size=000011  Align=00001  Fill=0000
cc65.lib(axlong.o):
    CODE              Offs=001A00  Size=000012  Align=00001  Fill=0000
cc65.lib(call.o):
    CODE              Offs=001A12  Size=000007  Align=00001  Fill=0000
cc65.lib(condes.o):
    CODE              Offs=001A19  Size=00000C  Align=00001  Fill=0000
    DATA              Offs=00044F  Size=000025  Align=00001  Fill=0000
    INIT              Offs=000000  Size=00000C  Align=00001  Fill=0000
cc65.lib(copydata.o):
    CODE              Offs=001A25  Size=00002D  Align=00001  Fill=0000
cc65.lib(ctype.o):
    RODATA            Offs=000456  Size=000100  Align=00001  Fill=0000
cc65.lib(decax1.o):
    CODE              Offs=001A52  Size=000007  Align=00001  Fill=0000
cc65.lib(decax2.o):
    CODE              Offs=001A59  Size=000007  Align=00001  Fill=0000
cc65.lib(decaxy.o):
    CODE              Offs=001A60  Size=000009  Align=00001  Fill=0000
cc65.lib(decsp1.o):
    CODE              Offs=001A69  Size=000009  Align=00001  Fill=0000
cc65.lib(decsp2.o):
    CODE              Offs=001A72  Size=00000D  Align=00001  Fill=0000
cc65.lib(decsp3.o):
    CODE              Offs=001A7F  Size=00000D  Align=00001  Fill=0000
cc65.lib(decsp4.o):
    CODE              Offs=001A8C  Size=00000D  Align=00001  Fill=0000
cc65.lib(decsp6.o):
    CODE              Offs=001A99  Size=00000D  Align=00001  Fill=0000
cc65.lib(decsp7.o):
    CODE              Offs=001AA6  Size=00000D  Align=00001  Fill=0000
cc65.lib(decsp8.o):
    CODE              Offs=001AB3  Size=00000D  Align=00001  Fill=0000
cc65.lib(enter.o):
    CODE              Offs=001AC0  Size=00000E  Align=00001  Fill=0000
cc65.lib(errno.o):
    BSS               Offs=00022E  Size=000002  Align=00001  Fill=0000
cc65.lib(incax1.o):
    CODE              Offs=001ACE  Size=000007  Align=00001  Fill=0000
cc65.lib(incax2.o):
    CODE              Offs=001AD5  Size=000007  Align=00001  Fill=0000
cc65.lib(incax3.o):
    CODE              Offs=001ADC  Size=000005  Align=00001  Fill=0000
cc65.lib(incax5.o):
    CODE              Offs=001AE1  Size=000005  Align=00001  Fill=0000
cc65.lib(incaxy.o):
    CODE              Offs=001AE6  Size=00000B  Align=00001  Fill=0000
cc65.lib(incsp1.o):
    CODE              Offs=001AF1  Size=000007  Align=00001  Fill=0000
cc65.lib(incsp2.o):
    CODE              Offs=001AF8  Size=000016  Align=00001  Fill=0000
cc65.lib(incsp3.o):
    CODE              Offs=001B0E  Size=000005  Align=00001  Fill=0000
cc65.lib(incsp4.o):
    CODE              Offs=001B13  Size=000005  Align=00001  Fill=0000
cc65.lib(incsp6.o):
    CODE              Offs=001B18  Size=000005  Align=00001  Fill=0000
cc65.lib(incsp7.o):
    CODE              Offs=001B1D  Size=000005  Align=00001  Fill=0000
cc65.lib(isdigit.o):
    CODE              Offs=001B22  Size=00000F  Align=00001  Fill=0000
cc65.lib(islower.o):
    CODE              Offs=001B31  Size=00000F  Align=00001  Fill=0000
cc65.lib(isspace.o):
    CODE              Offs=001B40  Size=00000F  Align=00001  Fill=0000
cc65.lib(isupper.o):
    CODE              Offs=001B4F  Size=00000F  Align=00001  Fill=0000
cc65.lib(ladd.o):
    CODE              Offs=001B5E  Size=000025  Align=00001  Fill=0000
cc65.lib(land.o):
    CODE              Offs=001B83  Size=000024  Align=00001  Fill=0000
cc65.lib(lcmp.o):
    CODE              Offs=001BA7  Size=00003B  Align=00001  Fill=0000
cc65.lib(ldaxi.o):
    CODE              Offs=001BE2  Size=00000D  Align=00001  Fill=0000
cc65.lib(ldaxsp.o):
    CODE              Offs=001BEF  Size=000009  Align=00001  Fill=0000
cc65.lib(ldeaxi.o):
    CODE              Offs=001BF8  Size=000017  Align=00001  Fill=0000
cc65.lib(ldeaxysp.o):
    CODE              Offs=001C0F  Size=000013  Align=00001  Fill=0000
cc65.lib(leaaxsp.o):
    CODE              Offs=001C22  Size=00000C  Align=00001  Fill=0000
cc65.lib(leave.o):
    CODE              Offs=001C2E  Size=00001D  Align=00001  Fill=0000
cc65.lib(leq.o):
    CODE              Offs=001C4B  Size=000006  Align=00001  Fill=0000
cc65.lib(linc.o):
    CODE              Offs=001C51  Size=000011  Align=00001  Fill=0000
cc65.lib(lmul.o):
    CODE              Offs=001C62  Size=00005C  Align=00001  Fill=0000
cc65.lib(lne.o):
    CODE              Offs=001CBE  Size=000006  Align=00001  Fill=0000
cc65.lib(lneg.o):
    CODE              Offs=001CC4  Size=00001E  Align=00001  Fill=0000
cc65.lib(lpush.o):
    CODE              Offs=001CE2  Size=000021  Align=00001  Fill=0000
cc65.lib(lsave.o):
    CODE              Offs=001D03  Size=00001C  Align=00001  Fill=0000
cc65.lib(ltoa.o):
    CODE              Offs=001D1F  Size=0000AF  Align=00001  Fill=0000
cc65.lib(ludiv.o):
    CODE              Offs=001DCE  Size=00007A  Align=00001  Fill=0000
cc65.lib(lugt.o):
    CODE              Offs=001E48  Size=000006  Align=00001  Fill=0000
cc65.lib(lult.o):
    CODE              Offs=001E4E  Size=000006  Align=00001  Fill=0000
cc65.lib(lumod.o):
    CODE              Offs=001E54  Size=000019  Align=00001  Fill=0000
cc65.lib(makebool.o):
    CODE              Offs=001E6D  Size=000031  Align=00001  Fill=0000
cc65.lib(memcpy.o):
    CODE              Offs=001E9E  Size=000041  Align=00001  Fill=0000
cc65.lib(mul8.o):
    CODE              Offs=001EDF  Size=00003A  Align=00001  Fill=0000
cc65.lib(mulax6.o):
    CODE              Offs=001F19  Size=000016  Align=00001  Fill=0000
cc65.lib(or.o):
    CODE              Offs=001F2F  Size=000012  Align=00001  Fill=0000
cc65.lib(popsreg.o):
    CODE              Offs=001F41  Size=000010  Align=00001  Fill=0000
cc65.lib(push1.o):
    CODE              Offs=001F51  Size=000005  Align=00001  Fill=0000
cc65.lib(pusha.o):
    CODE              Offs=001F56  Size=000016  Align=00001  Fill=0000
cc65.lib(pushax.o):
    CODE              Offs=001F6C  Size=00001A  Align=00001  Fill=0000
cc65.lib(pushw.o):
    CODE              Offs=001F86  Size=00000F  Align=00001  Fill=0000
cc65.lib(pushwsp.o):
    CODE              Offs=001F95  Size=00001C  Align=00001  Fill=0000
cc65.lib(shl.o):
    CODE              Offs=001FB1  Size=000033  Align=00001  Fill=0000
cc65.lib(shrax4.o):
    CODE              Offs=001FE4  Size=000011  Align=00001  Fill=0000
cc65.lib(staspidx.o):
    CODE              Offs=001FF5  Size=000016  Align=00001  Fill=0000
cc65.lib(staxsp.o):
    CODE              Offs=00200B  Size=00000B  Align=00001  Fill=0000
cc65.lib(staxspi.o):
    CODE              Offs=002016  Size=00001B  Align=00001  Fill=0000
cc65.lib(steaxsp.o):
    CODE              Offs=002031  Size=000015  Align=00001  Fill=0000
cc65.lib(strcmp.o):
    CODE              Offs=002046  Size=000027  Align=00001  Fill=0000
cc65.lib(strlen.o):
    CODE              Offs=00206D  Size=000016  Align=00001  Fill=0000
cc65.lib(strlower.o):
    CODE              Offs=002083  Size=000028  Align=00001  Fill=0000
cc65.lib(strtoul.o):
    CODE              Offs=0020AB  Size=000238  Align=00001  Fill=0000
cc65.lib(subeqsp.o):
    CODE              Offs=0022E3  Size=000015  Align=00001  Fill=0000
cc65.lib(subysp.o):
    CODE              Offs=0022F8  Size=00000D  Align=00001  Fill=0000
cc65.lib(vsnprintf.o):
    CODE              Offs=002305  Size=0000C8  Align=00001  Fill=0000
    DATA              Offs=000474  Size=000008  Align=00001  Fill=0000
cc65.lib(zerobss.o):
    INIT              Offs=00000C  Size=000023  Align=00001  Fill=0000


Segment list:
-------------
Name                   Start     End    Size  Align
----------------------------------------------------
ZEROPAGE              000000  00002B  00002C  00001
DATA                  000200  00067B  00047C  00001
BSS                   00067C  0008AB  000230  00001
STARTUP               00847C  00849E  000023  00001
INIT                  00849F  0084CD  00002F  00001
CODE                  008500  00A8CC  0023CD  00100
RODATA                00A8CD  00AE22  000556  00001
VECTORS               00FFFA  00FFFF  000006  00001


Exports list by name:
---------------------
__BSS_RUN__               00067C RLA    __BSS_SIZE__              000230 REA    
__CONSTRUCTOR_COUNT__     000000 REA    __CONSTRUCTOR_TABLE__     00849F RLA    
__DATA_LOAD__             008000 RLA    __DATA_RUN__              000200 RLA    
__DATA_SIZE__             00047C REA    __DESTRUCTOR_COUNT__      000000 REA    
__DESTRUCTOR_TABLE__      00849F RLA    __RAM_SIZE__              007D00 REA    
__RAM_START__             000200 RLA    __STARTUP__               000001 REA    
__ctype                   00AD23 RLA    __errno                   0008AA RLA    
__hextab                  00AD07 RLA    __longminstr              00AD17 RLA    
__printf                  009BE8 RLA    __seterrno                009E9A RLA    
_delay_ms                 008600 RLA    _gpio_init                008925 RLA    
_gpio_read                008AE4 RLA    _gpio_write               008A21 RLA    
_hours                    000022 RLZ    _interrupted              00002B RLZ    
_isdigit                  00A022 RLA    _islower                  00A031 RLA    
_isspace                  00A040 RLA    _isupper                  00A04F RLA    
_jiffies                  00001F RLZ    _led_init                 008692 RLA    
_led_set                  0086A3 RLA    _ltoa                     00A23B RLA    
_main                     0086C3 RLA    _mdelay                   0086B9 RLA    
_memcpy                   00A39E RLA    _millis                   00001B RLZ    
_minutes                  000021 RLZ    _ps2_init                 009743 RLA    
_ps2_process              009709 RLA    _seconds                  000020 RLZ    
_shell                    00963C RLA    _strcmp                   00A546 RLA    
_strlen                   00A56D RLA    _strlower                 00A583 RLA    
_strtoul                  00A5AB RLA    _uart_handler             008891 RLA    
_uart_init                0087B1 RLA    _uart_printf              00883E RLA    
_uart_puts                0087FC RLA    _ultoa                    00A292 RLA    
_vga_ctrl                 00987C RLA    _vga_init                 009947 RLA    
_vsnprintf                00A805 RLA    addeqysp                  009EBF RLA    
addysp                    009ECF RLA    addysp1                   009ECE RLA    
aslax1                    009EDC RLA    aslax2                    009EE4 RLA    
aslaxy                    00A4B8 RLA    axlong                    009F07 RLA    
axulong                   009F00 RLA    booleq                    00A373 RLA    
boolne                    00A36D RLA    boolugt                   00A391 RLA    
boolult                   00A38B RLA    callax                    009F12 RLA    
copydata                  009F25 RLA    decax1                    009F52 RLA    
decax2                    009F59 RLA    decaxy                    009F60 RLA    
decsp1                    009F69 RLA    decsp2                    009F72 RLA    
decsp3                    009F7F RLA    decsp4                    009F8C RLA    
decsp6                    009F99 RLA    decsp7                    009FA6 RLA    
decsp8                    009FB3 RLA    donelib                   009F19 RLA    
enter                     009FC0 RLA    getlop                    00A2DF RLA    
incax1                    009FCE RLA    incax2                    009FD5 RLA    
incax3                    009FDC RLA    incax5                    009FE1 RLA    
incaxy                    009FE8 RLA    inceaxy                   00A151 RLA    
incsp1                    009FF1 RLA    incsp2                    00A000 RLA    
incsp3                    00A00E RLA    incsp4                    00A013 RLA    
incsp6                    00A018 RLA    incsp7                    00A01D RLA    
initlib                   00849F RLA    irq_handler               008530 RLA    
irq_init                  008500 RLA    ldax0sp                   00A0EF RLA    
ldaxidx                   00A0E4 RLA    ldaxysp                   00A0F1 RLA    
ldeax0sp                  00A10F RLA    ldeaxi                    00A0F8 RLA    
ldeaxidx                  00A0FA RLA    ldeaxysp                  00A111 RLA    
leaa0sp                   00A122 RLA    leavey                    00A138 RLA    
mulax6                    00A419 RLA    negeax                    00A1C4 RLA    
nmi_handler               008529 RLA    popax                     009FF8 RLA    
popsreg                   00A441 RLA    ptr1                      000008 RLZ    
ptr2                      00000A RLZ    ptr3                      00000C RLZ    
ptr4                      00000E RLZ    push0                     00A46C RLA    
push0ax                   00A1E5 RLA    push1                     00A451 RLA    
pusha                     00A45A RLA    pusha0                    00A46E RLA    
pushax                    00A470 RLA    pusheax                   00A1EB RLA    
pushl0                    00A1E2 RLA    pushw                     00A486 RLA    
pushw0sp                  00A495 RLA    pushwidx                  00A488 RLA    
pushwysp                  00A497 RLA    regbank                   000014 RLZ    
regsave                   000004 RLZ    resteax                   00A212 RLA    
saveeax                   00A203 RLA    shleax4                   009EEF RLA    
shrax4                    00A4E4 RLA    sp                        000000 RLZ    
sreg                      000002 RLZ    staspidx                  00A4F5 RLA    
stax0sp                   00A50B RLA    staxspidx                 00A516 RLA    
staxysp                   00A50D RLA    steax0sp                  00A531 RLA    
steaxysp                  00A533 RLA    subeq0sp                  00A7E3 RLA    
subysp                    00A7F8 RLA    tmp1                      000010 RLZ    
tmp2                      000011 RLZ    tmp3                      000012 RLZ    
tmp4                      000013 RLZ    tmpstack                  00001A RLZ    
tosaddax                  009EA5 RLA    tosaddeax                 00A064 RLA    
tosand0ax                 00A083 RLA    toseqeax                  00A14B RLA    
toslcmp                   00A0A7 RLA    tosmula0                  00A3DF RLA    
tosneeax                  00A1BE RLA    tosorax                   00A431 RLA    
tosudiveax                00A2D4 RLA    tosugteax                 00A348 RLA    
tosulteax                 00A34E RLA    tosumodeax                00A35A RLA    
tosumuleax                00A168 RLA    udiv32                    00A303 RLA    
zerobss                   0084AB RLA    


Exports list by value:
----------------------
__CONSTRUCTOR_COUNT__     000000 REA    __DESTRUCTOR_COUNT__      000000 REA    
sp                        000000 RLZ    __STARTUP__               000001 REA    
sreg                      000002 RLZ    regsave                   000004 RLZ    
ptr1                      000008 RLZ    ptr2                      00000A RLZ    
ptr3                      00000C RLZ    ptr4                      00000E RLZ    
tmp1                      000010 RLZ    tmp2                      000011 RLZ    
tmp3                      000012 RLZ    tmp4                      000013 RLZ    
regbank                   000014 RLZ    tmpstack                  00001A RLZ    
_millis                   00001B RLZ    _jiffies                  00001F RLZ    
_seconds                  000020 RLZ    _minutes                  000021 RLZ    
_hours                    000022 RLZ    _interrupted              00002B RLZ    
__DATA_RUN__              000200 RLA    __RAM_START__             000200 RLA    
__BSS_SIZE__              000230 REA    __DATA_SIZE__             00047C REA    
__BSS_RUN__               00067C RLA    __errno                   0008AA RLA    
__RAM_SIZE__              007D00 REA    __DATA_LOAD__             008000 RLA    
__CONSTRUCTOR_TABLE__     00849F RLA    __DESTRUCTOR_TABLE__      00849F RLA    
initlib                   00849F RLA    zerobss                   0084AB RLA    
irq_init                  008500 RLA    nmi_handler               008529 RLA    
irq_handler               008530 RLA    _delay_ms                 008600 RLA    
_led_init                 008692 RLA    _led_set                  0086A3 RLA    
_mdelay                   0086B9 RLA    _main                     0086C3 RLA    
_uart_init                0087B1 RLA    _uart_puts                0087FC RLA    
_uart_printf              00883E RLA    _uart_handler             008891 RLA    
_gpio_init                008925 RLA    _gpio_write               008A21 RLA    
_gpio_read                008AE4 RLA    _shell                    00963C RLA    
_ps2_process              009709 RLA    _ps2_init                 009743 RLA    
_vga_ctrl                 00987C RLA    _vga_init                 009947 RLA    
__printf                  009BE8 RLA    __seterrno                009E9A RLA    
tosaddax                  009EA5 RLA    addeqysp                  009EBF RLA    
addysp1                   009ECE RLA    addysp                    009ECF RLA    
aslax1                    009EDC RLA    aslax2                    009EE4 RLA    
shleax4                   009EEF RLA    axulong                   009F00 RLA    
axlong                    009F07 RLA    callax                    009F12 RLA    
donelib                   009F19 RLA    copydata                  009F25 RLA    
decax1                    009F52 RLA    decax2                    009F59 RLA    
decaxy                    009F60 RLA    decsp1                    009F69 RLA    
decsp2                    009F72 RLA    decsp3                    009F7F RLA    
decsp4                    009F8C RLA    decsp6                    009F99 RLA    
decsp7                    009FA6 RLA    decsp8                    009FB3 RLA    
enter                     009FC0 RLA    incax1                    009FCE RLA    
incax2                    009FD5 RLA    incax3                    009FDC RLA    
incax5                    009FE1 RLA    incaxy                    009FE8 RLA    
incsp1                    009FF1 RLA    popax                     009FF8 RLA    
incsp2                    00A000 RLA    incsp3                    00A00E RLA    
incsp4                    00A013 RLA    incsp6                    00A018 RLA    
incsp7                    00A01D RLA    _isdigit                  00A022 RLA    
_islower                  00A031 RLA    _isspace                  00A040 RLA    
_isupper                  00A04F RLA    tosaddeax                 00A064 RLA    
tosand0ax                 00A083 RLA    toslcmp                   00A0A7 RLA    
ldaxidx                   00A0E4 RLA    ldax0sp                   00A0EF RLA    
ldaxysp                   00A0F1 RLA    ldeaxi                    00A0F8 RLA    
ldeaxidx                  00A0FA RLA    ldeax0sp                  00A10F RLA    
ldeaxysp                  00A111 RLA    leaa0sp                   00A122 RLA    
leavey                    00A138 RLA    toseqeax                  00A14B RLA    
inceaxy                   00A151 RLA    tosumuleax                00A168 RLA    
tosneeax                  00A1BE RLA    negeax                    00A1C4 RLA    
pushl0                    00A1E2 RLA    push0ax                   00A1E5 RLA    
pusheax                   00A1EB RLA    saveeax                   00A203 RLA    
resteax                   00A212 RLA    _ltoa                     00A23B RLA    
_ultoa                    00A292 RLA    tosudiveax                00A2D4 RLA    
getlop                    00A2DF RLA    udiv32                    00A303 RLA    
tosugteax                 00A348 RLA    tosulteax                 00A34E RLA    
tosumodeax                00A35A RLA    boolne                    00A36D RLA    
booleq                    00A373 RLA    boolult                   00A38B RLA    
boolugt                   00A391 RLA    _memcpy                   00A39E RLA    
tosmula0                  00A3DF RLA    mulax6                    00A419 RLA    
tosorax                   00A431 RLA    popsreg                   00A441 RLA    
push1                     00A451 RLA    pusha                     00A45A RLA    
push0                     00A46C RLA    pusha0                    00A46E RLA    
pushax                    00A470 RLA    pushw                     00A486 RLA    
pushwidx                  00A488 RLA    pushw0sp                  00A495 RLA    
pushwysp                  00A497 RLA    aslaxy                    00A4B8 RLA    
shrax4                    00A4E4 RLA    staspidx                  00A4F5 RLA    
stax0sp                   00A50B RLA    staxysp                   00A50D RLA    
staxspidx                 00A516 RLA    steax0sp                  00A531 RLA    
steaxysp                  00A533 RLA    _strcmp                   00A546 RLA    
_strlen                   00A56D RLA    _strlower                 00A583 RLA    
_strtoul                  00A5AB RLA    subeq0sp                  00A7E3 RLA    
subysp                    00A7F8 RLA    _vsnprintf                00A805 RLA    
__hextab                  00AD07 RLA    __longminstr              00AD17 RLA    
__ctype                   00AD23 RLA    


Imports list:
-------------
__BSS_RUN__ ([linker generated]):
    zerobss.o                 common/zerobss.s(8)
__BSS_SIZE__ ([linker generated]):
    zerobss.o                 common/zerobss.s(8)
__CONSTRUCTOR_COUNT__ ([linker generated]):
    condes.o                  runtime/condes.s(18)
__CONSTRUCTOR_TABLE__ ([linker generated]):
    condes.o                  runtime/condes.s(18)
__DATA_LOAD__ ([linker generated]):
    copydata.o                common/copydata.s(8)
__DATA_RUN__ ([linker generated]):
    copydata.o                common/copydata.s(8)
__DATA_SIZE__ ([linker generated]):
    copydata.o                common/copydata.s(8)
__DESTRUCTOR_COUNT__ ([linker generated]):
    condes.o                  runtime/condes.s(19)
__DESTRUCTOR_TABLE__ ([linker generated]):
    condes.o                  runtime/condes.s(19)
__RAM_SIZE__ ([linker generated]):
    startup.o                 startup.s65(8)
__RAM_START__ ([linker generated]):
    startup.o                 startup.s65(7)
__STARTUP__ (startup.o):
    main.o                    main.s(13)
__ctype (ctype.o):
    strlower.o                common/strlower.s(13)
    isupper.o                 /home/grappendorf/cc65/asminc/ctype.inc(9)
    isspace.o                 /home/grappendorf/cc65/asminc/ctype.inc(9)
    islower.o                 /home/grappendorf/cc65/asminc/ctype.inc(9)
    isdigit.o                 /home/grappendorf/cc65/asminc/ctype.inc(9)
__errno (errno.o):
    _seterrno.o               /home/grappendorf/cc65/asminc/errno.inc(7)
__hextab (_hextab.o):
    ltoa.o                    common/ltoa.s(10)
__longminstr (_longminstr.o):
    ltoa.o                    common/ltoa.s(10)
__printf (_printf.o):
    vsnprintf.o               common/vsnprintf.s(9)
__seterrno (_seterrno.o):
    strtoul.o                 ../libwrk/sim6502/strtoul.s(17)
_delay_ms (utils.o):
    main.o                    main.s(16)
_gpio_init (gpio.o):
    vga.o                     vga.s(14)
    ps2.o                     ps2.s(14)
    shell.o                   shell.s(18)
_gpio_read (gpio.o):
    vga.o                     vga.s(16)
    ps2.o                     ps2.s(16)
    shell.o                   shell.s(20)
_gpio_write (gpio.o):
    vga.o                     vga.s(15)
    ps2.o                     ps2.s(15)
    shell.o                   shell.s(19)
_hours (zeropage.o):
    interrupt.o               zeropage.inc65(18)
_interrupted (zeropage.o):
    interrupt.o               zeropage.inc65(27)
_isdigit (isdigit.o):
    strtoul.o                 ../libwrk/sim6502/strtoul.s(13)
_islower (islower.o):
    strtoul.o                 ../libwrk/sim6502/strtoul.s(14)
_isspace (isspace.o):
    strtoul.o                 ../libwrk/sim6502/strtoul.s(15)
_isupper (isupper.o):
    strtoul.o                 ../libwrk/sim6502/strtoul.s(16)
_jiffies (zeropage.o):
    interrupt.o               zeropage.inc65(15)
_led_init (led.o):
    main.o                    main.s(14)
_led_set (led.o):
    main.o                    main.s(15)
_ltoa (ltoa.o):
    _printf.o                 common/_printf.s(12)
_main (main.o):
    startup.o                 startup.s65(9)
_mdelay (main.o):
    vga.o                     vga.s(17)
    ps2.o                     ps2.s(17)
_memcpy (memcpy.o):
    vsnprintf.o               common/vsnprintf.s(9)
_millis (zeropage.o):
    interrupt.o               zeropage.inc65(14)
_minutes (zeropage.o):
    interrupt.o               zeropage.inc65(17)
_ps2_init (ps2.o):
    main.o                    main.s(22)
_ps2_process (ps2.o):
    shell.o                   shell.s(21)
_seconds (zeropage.o):
    interrupt.o               zeropage.inc65(16)
_shell (shell.o):
    uart.o                    uart.s(20)
_strcmp (strcmp.o):
    shell.o                   shell.s(14)
_strlen (strlen.o):
    _printf.o                 common/_printf.s(13)
    shell.o                   shell.s(15)
_strlower (strlower.o):
    _printf.o                 common/_printf.s(13)
_strtoul (strtoul.o):
    shell.o                   shell.s(13)
_uart_handler (uart.o):
    main.o                    main.s(20)
_uart_init (uart.o):
    main.o                    main.s(17)
_uart_printf (uart.o):
    vga.o                     vga.s(13)
    ps2.o                     ps2.s(13)
    shell.o                   shell.s(17)
    main.o                    main.s(19)
_uart_puts (uart.o):
    main.o                    main.s(18)
_ultoa (ltoa.o):
    _printf.o                 common/_printf.s(12)
_vga_ctrl (vga.o):
    shell.o                   shell.s(22)
_vga_init (vga.o):
    main.o                    main.s(23)
_vsnprintf (vsnprintf.o):
    uart.o                    uart.s(13)
addeqysp (addeqsp.o):
    strtoul.o                 ../libwrk/sim6502/strtoul.s(295)
addysp (addysp.o):
    strtoul.o                 ../libwrk/sim6502/strtoul.s(295)
    leave.o                   runtime/leave.s(13)
    incsp7.o                  runtime/incsp7.s(8)
    incsp6.o                  runtime/incsp6.s(8)
    incsp4.o                  runtime/incsp4.s(8)
    incsp3.o                  runtime/incsp3.s(8)
    shell.o                   shell.s(1758)
    shell.o                   shell.s(1758)
    shell.o                   shell.s(1758)
    shell.o                   shell.s(1758)
    shell.o                   shell.s(1758)
    gpio.o                    gpio.s(321)
    gpio.o                    gpio.s(321)
    gpio.o                    gpio.s(321)
addysp1 (addysp.o):
    ludiv.o                   runtime/ludiv.s(8)
    lmul.o                    runtime/lmul.s(8)
    or.o                      runtime/or.s(8)
    land.o                    runtime/land.s(8)
    ladd.o                    runtime/ladd.s(8)
aslax1 (aslax1.o):
    shell.o                   shell.s(1758)
    shell.o                   shell.s(1758)
    shell.o                   shell.s(1758)
aslax2 (aslax2.o):
    vga.o                     vga.s(369)
    vga.o                     vga.s(369)
    ps2.o                     ps2.s(239)
    ps2.o                     ps2.s(239)
aslaxy (shl.o):
    vga.o                     vga.s(369)
    ps2.o                     ps2.s(239)
    gpio.o                    gpio.s(321)
    gpio.o                    gpio.s(321)
    gpio.o                    gpio.s(321)
axlong (axlong.o):
    _printf.o                 common/_printf.s(11)
    strtoul.o                 ../libwrk/sim6502/strtoul.s(295)
    uart.o                    uart.s(279)
axulong (axlong.o):
    _printf.o                 common/_printf.s(11)
    strtoul.o                 ../libwrk/sim6502/strtoul.s(295)
    shell.o                   shell.s(1758)
    shell.o                   shell.s(1758)
    shell.o                   shell.s(1758)
booleq (makebool.o):
    leq.o                     runtime/leq.s(8)
boolne (makebool.o):
    lne.o                     runtime/lne.s(8)
boolugt (makebool.o):
    lugt.o                    runtime/lugt.s(8)
boolult (makebool.o):
    lult.o                    runtime/lult.s(8)
callax (call.o):
    shell.o                   shell.s(1758)
    shell.o                   shell.s(1758)
copydata (copydata.o):
    startup.o                 startup.s65(11)
decax1 (decax1.o):
    main.o                    main.s(192)
decax2 (decax2.o):
    shell.o                   shell.s(1758)
decaxy (decaxy.o):
    strtoul.o                 ../libwrk/sim6502/strtoul.s(295)
decsp1 (decsp1.o):
    vga.o                     vga.s(369)
    vga.o                     vga.s(369)
    ps2.o                     ps2.s(239)
    ps2.o                     ps2.s(239)
    ps2.o                     ps2.s(239)
    uart.o                    uart.s(279)
    uart.o                    uart.s(279)
    uart.o                    uart.s(279)
decsp2 (decsp2.o):
    shell.o                   shell.s(1758)
    uart.o                    uart.s(279)
    uart.o                    uart.s(279)
decsp3 (decsp3.o):
    vga.o                     vga.s(369)
    shell.o                   shell.s(1758)
    shell.o                   shell.s(1758)
decsp4 (decsp4.o):
    lpush.o                   runtime/lpush.s(11)
    shell.o                   shell.s(1758)
    shell.o                   shell.s(1758)
decsp6 (decsp6.o):
    _printf.o                 common/_printf.s(11)
    strtoul.o                 ../libwrk/sim6502/strtoul.s(295)
    uart.o                    uart.s(279)
decsp7 (decsp7.o):
    shell.o                   shell.s(1758)
decsp8 (decsp8.o):
    shell.o                   shell.s(1758)
    shell.o                   shell.s(1758)
donelib (condes.o):
    startup.o                 startup.s65(13)
enter (enter.o):
    vga.o                     vga.s(369)
    uart.o                    uart.s(279)
getlop (ludiv.o):
    lumod.o                   runtime/lumod.s(8)
incax1 (incax1.o):
    shell.o                   shell.s(1758)
    shell.o                   shell.s(1758)
    gpio.o                    gpio.s(321)
    gpio.o                    gpio.s(321)
    gpio.o                    gpio.s(321)
    uart.o                    uart.s(279)
    uart.o                    uart.s(279)
incax2 (incax2.o):
    shell.o                   shell.s(1758)
    gpio.o                    gpio.s(321)
    gpio.o                    gpio.s(321)
    gpio.o                    gpio.s(321)
incax3 (incax3.o):
    gpio.o                    gpio.s(321)
    gpio.o                    gpio.s(321)
    gpio.o                    gpio.s(321)
incax5 (incax5.o):
    uart.o                    uart.s(279)
incaxy (incaxy.o):
    incax5.o                  runtime/incax5.s(8)
    incax3.o                  runtime/incax3.s(8)
    uart.o                    uart.s(279)
inceaxy (linc.o):
    shell.o                   shell.s(1758)
    shell.o                   shell.s(1758)
    shell.o                   shell.s(1758)
    shell.o                   shell.s(1758)
    shell.o                   shell.s(1758)
incsp1 (incsp1.o):
    vga.o                     vga.s(369)
    ps2.o                     ps2.s(239)
    shell.o                   shell.s(1758)
    uart.o                    uart.s(279)
    uart.o                    uart.s(279)
incsp2 (incsp2.o):
    vsnprintf.o               common/vsnprintf.s(8)
    staxspi.o                 runtime/staxspi.s(8)
    staspidx.o                runtime/staspidx.s(8)
    popsreg.o                 runtime/popsreg.s(8)
    vga.o                     vga.s(369)
    ps2.o                     ps2.s(239)
    shell.o                   shell.s(1758)
    uart.o                    uart.s(279)
    uart.o                    uart.s(279)
    main.o                    main.s(192)
incsp3 (incsp3.o):
    shell.o                   shell.s(1758)
    shell.o                   shell.s(1758)
incsp4 (incsp4.o):
    lcmp.o                    runtime/lcmp.s(9)
    shell.o                   shell.s(1758)
    shell.o                   shell.s(1758)
    uart.o                    uart.s(279)
incsp6 (incsp6.o):
    vsnprintf.o               common/vsnprintf.s(8)
    shell.o                   shell.s(1758)
incsp7 (incsp7.o):
    shell.o                   shell.s(1758)
initlib (condes.o):
    startup.o                 startup.s65(12)
irq_handler (interrupt.o):
    startup.o                 startup.s65(15)
irq_init (interrupt.o):
    startup.o                 startup.s65(16)
ldax0sp (ldaxsp.o):
    shell.o                   shell.s(1758)
    uart.o                    uart.s(279)
    main.o                    main.s(192)
ldaxidx (ldaxi.o):
    shell.o                   shell.s(1758)
ldaxysp (ldaxsp.o):
    vsnprintf.o               common/vsnprintf.s(8)
    strtoul.o                 ../libwrk/sim6502/strtoul.s(295)
    shell.o                   shell.s(1758)
    shell.o                   shell.s(1758)
    shell.o                   shell.s(1758)
    shell.o                   shell.s(1758)
    shell.o                   shell.s(1758)
    shell.o                   shell.s(1758)
    shell.o                   shell.s(1758)
    shell.o                   shell.s(1758)
    shell.o                   shell.s(1758)
    gpio.o                    gpio.s(321)
    gpio.o                    gpio.s(321)
    gpio.o                    gpio.s(321)
    uart.o                    uart.s(279)
ldeax0sp (ldeaxysp.o):
    shell.o                   shell.s(1758)
    shell.o                   shell.s(1758)
    shell.o                   shell.s(1758)
    shell.o                   shell.s(1758)
ldeaxi (ldeaxi.o):
    vga.o                     vga.s(369)
    vga.o                     vga.s(369)
    vga.o                     vga.s(369)
    ps2.o                     ps2.s(239)
    ps2.o                     ps2.s(239)
ldeaxidx (ldeaxi.o):
    shell.o                   shell.s(1758)
ldeaxysp (ldeaxysp.o):
    strtoul.o                 ../libwrk/sim6502/strtoul.s(295)
    shell.o                   shell.s(1758)
    shell.o                   shell.s(1758)
    shell.o                   shell.s(1758)
    shell.o                   shell.s(1758)
    shell.o                   shell.s(1758)
    shell.o                   shell.s(1758)
    gpio.o                    gpio.s(321)
    gpio.o                    gpio.s(321)
    gpio.o                    gpio.s(321)
leaa0sp (leaaxsp.o):
    vga.o                     vga.s(369)
    shell.o                   shell.s(1758)
    uart.o                    uart.s(279)
leavey (leave.o):
    vga.o                     vga.s(369)
    uart.o                    uart.s(279)
mulax6 (mulax6.o):
    shell.o                   shell.s(1758)
    shell.o                   shell.s(1758)
    shell.o                   shell.s(1758)
negeax (lneg.o):
    strtoul.o                 ../libwrk/sim6502/strtoul.s(295)
nmi_handler (interrupt.o):
    startup.o                 startup.s65(14)
popax (incsp2.o):
    memcpy.o                  common/memcpy.s(14)
    ltoa.o                    common/ltoa.s(9)
    _printf.o                 common/_printf.s(11)
    vsnprintf.o               common/vsnprintf.s(8)
    strcmp.o                  common/strcmp.s(8)
    shl.o                     runtime/shl.s(15)
    acia.o                    acia.s65(12)
popsreg (popsreg.o):
    mul8.o                    runtime/mul8.s(9)
ptr1 (zeropage.o):
    strlower.o                common/strlower.s(14)
    memcpy.o                  common/memcpy.s(15)
    ludiv.o                   runtime/ludiv.s(9)
    ltoa.o                    common/ltoa.s(11)
    lmul.o                    runtime/lmul.s(9)
    lcmp.o                    runtime/lcmp.s(10)
    _printf.o                 /home/grappendorf/cc65/asminc/zeropage.inc(12)
    zerobss.o                 common/zerobss.s(9)
    vsnprintf.o               common/vsnprintf.s(10)
    strlen.o                  common/strlen.s(8)
    strcmp.o                  common/strcmp.s(9)
    staxspi.o                 runtime/staxspi.s(9)
    staspidx.o                runtime/staspidx.s(9)
    pushw.o                   runtime/pushw.s(9)
    mulax6.o                  runtime/mulax6.s(9)
    ldeaxi.o                  runtime/ldeaxi.s(8)
    ldaxi.o                   runtime/ldaxi.s(8)
    copydata.o                common/copydata.s(9)
    call.o                    runtime/call.s(8)
    vga.o                     vga.s(11)
    ps2.o                     ps2.s(11)
    shell.o                   shell.s(11)
    gpio.o                    gpio.s(11)
    uart.o                    uart.s(11)
    acia.o                    zeropage.inc65(10)
ptr2 (zeropage.o):
    strlower.o                common/strlower.s(14)
    memcpy.o                  common/memcpy.s(15)
    lumod.o                   runtime/lumod.s(9)
    ludiv.o                   runtime/ludiv.s(9)
    ltoa.o                    common/ltoa.s(11)
    _printf.o                 /home/grappendorf/cc65/asminc/zeropage.inc(12)
    strcmp.o                  common/strcmp.s(9)
    copydata.o                common/copydata.s(9)
ptr3 (zeropage.o):
    memcpy.o                  common/memcpy.s(15)
    ludiv.o                   runtime/ludiv.s(9)
    ltoa.o                    common/ltoa.s(11)
    lmul.o                    runtime/lmul.s(9)
ptr4 (zeropage.o):
    ludiv.o                   runtime/ludiv.s(9)
    lmul.o                    runtime/lmul.s(9)
    mul8.o                    runtime/mul8.s(10)
    linc.o                    runtime/linc.s(8)
push0 (pushax.o):
    strtoul.o                 ../libwrk/sim6502/strtoul.s(295)
    shell.o                   shell.s(1758)
    shell.o                   shell.s(1758)
    shell.o                   shell.s(1758)
    shell.o                   shell.s(1758)
    shell.o                   shell.s(1758)
push0ax (lpush.o):
    shell.o                   shell.s(1758)
    shell.o                   shell.s(1758)
push1 (push1.o):
    _printf.o                 common/_printf.s(11)
pusha (pusha.o):
    strtoul.o                 ../libwrk/sim6502/strtoul.s(295)
    vga.o                     vga.s(369)
    vga.o                     vga.s(369)
    vga.o                     vga.s(369)
    ps2.o                     ps2.s(239)
    ps2.o                     ps2.s(239)
    shell.o                   shell.s(1758)
    shell.o                   shell.s(1758)
    uart.o                    uart.s(279)
    uart.o                    uart.s(279)
pusha0 (pushax.o):
    push1.o                   runtime/push1.s(8)
    vga.o                     vga.s(369)
    vga.o                     vga.s(369)
    ps2.o                     ps2.s(239)
    ps2.o                     ps2.s(239)
    shell.o                   shell.s(1758)
    shell.o                   shell.s(1758)
    shell.o                   shell.s(1758)
    shell.o                   shell.s(1758)
    main.o                    main.s(192)
pushax (pushax.o):
    _printf.o                 common/_printf.s(11)
    strtoul.o                 ../libwrk/sim6502/strtoul.s(295)
    pushw.o                   runtime/pushw.s(8)
    vga.o                     vga.s(369)
    vga.o                     vga.s(369)
    ps2.o                     ps2.s(239)
    shell.o                   shell.s(1758)
    shell.o                   shell.s(1758)
    shell.o                   shell.s(1758)
    shell.o                   shell.s(1758)
    shell.o                   shell.s(1758)
    shell.o                   shell.s(1758)
    shell.o                   shell.s(1758)
    shell.o                   shell.s(1758)
    shell.o                   shell.s(1758)
    shell.o                   shell.s(1758)
    uart.o                    uart.s(279)
    uart.o                    uart.s(279)
    main.o                    main.s(192)
pusheax (lpush.o):
    _printf.o                 common/_printf.s(11)
    strtoul.o                 ../libwrk/sim6502/strtoul.s(295)
    vga.o                     vga.s(369)
    vga.o                     vga.s(369)
    ps2.o                     ps2.s(239)
    ps2.o                     ps2.s(239)
    shell.o                   shell.s(1758)
    shell.o                   shell.s(1758)
    shell.o                   shell.s(1758)
    shell.o                   shell.s(1758)
    shell.o                   shell.s(1758)
    shell.o                   shell.s(1758)
    gpio.o                    gpio.s(321)
    gpio.o                    gpio.s(321)
    gpio.o                    gpio.s(321)
    main.o                    main.s(192)
pushl0 (lpush.o):
    strtoul.o                 ../libwrk/sim6502/strtoul.s(295)
    shell.o                   shell.s(1758)
pushw (pushw.o):
    shell.o                   shell.s(1758)
    shell.o                   shell.s(1758)
    shell.o                   shell.s(1758)
    shell.o                   shell.s(1758)
    uart.o                    uart.s(279)
pushw0sp (pushwsp.o):
    shell.o                   shell.s(1758)
pushwidx (pushw.o):
    shell.o                   shell.s(1758)
pushwysp (pushwsp.o):
    shell.o                   shell.s(1758)
    shell.o                   shell.s(1758)
    shell.o                   shell.s(1758)
    shell.o                   shell.s(1758)
    shell.o                   shell.s(1758)
    shell.o                   shell.s(1758)
regbank (zeropage.o):
    _printf.o                 /home/grappendorf/cc65/asminc/zeropage.inc(14)
    strtoul.o                 ../libwrk/sim6502/strtoul.s(10)
regsave (zeropage.o):
    lsave.o                   runtime/lsave.s(8)
    main.o                    main.s(10)
resteax (lsave.o):
    shell.o                   shell.s(1758)
    shell.o                   shell.s(1758)
    shell.o                   shell.s(1758)
    shell.o                   shell.s(1758)
    shell.o                   shell.s(1758)
saveeax (lsave.o):
    shell.o                   shell.s(1758)
    shell.o                   shell.s(1758)
    shell.o                   shell.s(1758)
    shell.o                   shell.s(1758)
    shell.o                   shell.s(1758)
shleax4 (asleax4.o):
    shell.o                   shell.s(1758)
shrax4 (shrax4.o):
    shell.o                   shell.s(1758)
sp (zeropage.o):
    memcpy.o                  common/memcpy.s(15)
    ludiv.o                   runtime/ludiv.s(9)
    lmul.o                    runtime/lmul.s(9)
    lcmp.o                    runtime/lcmp.s(10)
    addeqsp.o                 runtime/addeqsp.s(8)
    _printf.o                 /home/grappendorf/cc65/asminc/zeropage.inc(11)
    vsnprintf.o               common/vsnprintf.s(10)
    subysp.o                  runtime/subysp.s(9)
    subeqsp.o                 runtime/subeqsp.s(8)
    strtoul.o                 ../libwrk/sim6502/strtoul.s(10)
    steaxsp.o                 runtime/steaxsp.s(8)
    staxspi.o                 runtime/staxspi.s(9)
    staxsp.o                  runtime/staxsp.s(8)
    staspidx.o                runtime/staspidx.s(9)
    pushwsp.o                 runtime/pushwsp.s(8)
    pushax.o                  runtime/pushax.s(8)
    pusha.o                   runtime/pusha.s(8)
    popsreg.o                 runtime/popsreg.s(9)
    or.o                      runtime/or.s(9)
    lpush.o                   runtime/lpush.s(12)
    leave.o                   runtime/leave.s(14)
    leaaxsp.o                 runtime/leaaxsp.s(8)
    ldeaxysp.o                runtime/ldeaxysp.s(12)
    ldaxsp.o                  runtime/ldaxsp.s(8)
    land.o                    runtime/land.s(9)
    ladd.o                    runtime/ladd.s(9)
    incsp2.o                  runtime/incsp2.s(8)
    incsp1.o                  runtime/incsp1.s(8)
    enter.o                   runtime/enter.s(8)
    decsp8.o                  runtime/decsp8.s(8)
    decsp7.o                  runtime/decsp7.s(8)
    decsp6.o                  runtime/decsp6.s(8)
    decsp4.o                  runtime/decsp4.s(8)
    decsp3.o                  runtime/decsp3.s(8)
    decsp2.o                  runtime/decsp2.s(8)
    decsp1.o                  runtime/decsp1.s(8)
    addysp.o                  runtime/addysp.s(8)
    add.o                     runtime/add.s(11)
    vga.o                     vga.s(10)
    ps2.o                     ps2.s(10)
    shell.o                   shell.s(10)
    gpio.o                    gpio.s(10)
    uart.o                    uart.s(10)
    main.o                    main.s(10)
    startup.o                 zeropage.inc65(1)
sreg (zeropage.o):
    lumod.o                   runtime/lumod.s(9)
    ludiv.o                   runtime/ludiv.s(9)
    ltoa.o                    common/ltoa.s(11)
    lneg.o                    runtime/lneg.s(11)
    lmul.o                    runtime/lmul.s(9)
    lcmp.o                    runtime/lcmp.s(10)
    _printf.o                 /home/grappendorf/cc65/asminc/zeropage.inc(11)
    strtoul.o                 ../libwrk/sim6502/strtoul.s(10)
    steaxsp.o                 runtime/steaxsp.s(8)
    popsreg.o                 runtime/popsreg.s(9)
    mul8.o                    runtime/mul8.s(10)
    lsave.o                   runtime/lsave.s(8)
    lpush.o                   runtime/lpush.s(12)
    linc.o                    runtime/linc.s(8)
    ldeaxysp.o                runtime/ldeaxysp.s(12)
    ldeaxi.o                  runtime/ldeaxi.s(8)
    land.o                    runtime/land.s(9)
    ladd.o                    runtime/ladd.s(9)
    axlong.o                  runtime/axlong.s(8)
    asleax4.o                 runtime/asleax4.s(8)
    vga.o                     vga.s(10)
    ps2.o                     ps2.s(10)
    shell.o                   shell.s(10)
    gpio.o                    gpio.s(10)
    main.o                    main.s(10)
staspidx (staspidx.o):
    shell.o                   shell.s(1758)
stax0sp (staxsp.o):
    vga.o                     vga.s(369)
    shell.o                   shell.s(1758)
    shell.o                   shell.s(1758)
    shell.o                   shell.s(1758)
    shell.o                   shell.s(1758)
    uart.o                    uart.s(279)
    uart.o                    uart.s(279)
    main.o                    main.s(192)
staxspidx (staxspi.o):
    shell.o                   shell.s(1758)
staxysp (staxsp.o):
    strtoul.o                 ../libwrk/sim6502/strtoul.s(295)
    shell.o                   shell.s(1758)
    shell.o                   shell.s(1758)
    shell.o                   shell.s(1758)
    shell.o                   shell.s(1758)
    shell.o                   shell.s(1758)
    shell.o                   shell.s(1758)
    gpio.o                    gpio.s(321)
    gpio.o                    gpio.s(321)
    gpio.o                    gpio.s(321)
steax0sp (steaxsp.o):
    shell.o                   shell.s(1758)
    shell.o                   shell.s(1758)
    shell.o                   shell.s(1758)
    shell.o                   shell.s(1758)
steaxysp (steaxsp.o):
    strtoul.o                 ../libwrk/sim6502/strtoul.s(295)
    shell.o                   shell.s(1758)
    shell.o                   shell.s(1758)
    shell.o                   shell.s(1758)
    shell.o                   shell.s(1758)
    shell.o                   shell.s(1758)
    uart.o                    uart.s(279)
subeq0sp (subeqsp.o):
    vga.o                     vga.s(369)
subysp (subysp.o):
    shell.o                   shell.s(1758)
    shell.o                   shell.s(1758)
    shell.o                   shell.s(1758)
    gpio.o                    gpio.s(321)
    gpio.o                    gpio.s(321)
    gpio.o                    gpio.s(321)
tmp1 (zeropage.o):
    ltoa.o                    common/ltoa.s(11)
    decaxy.o                  runtime/decaxy.s(8)
    _printf.o                 /home/grappendorf/cc65/asminc/zeropage.inc(13)
    strtoul.o                 ../libwrk/sim6502/strtoul.s(11)
    staxspi.o                 runtime/staxspi.s(9)
    staspidx.o                runtime/staspidx.s(9)
    shrax4.o                  runtime/shrax4.s(8)
    shl.o                     runtime/shl.s(16)
    or.o                      runtime/or.s(9)
    land.o                    runtime/land.s(9)
    ladd.o                    runtime/ladd.s(9)
    incaxy.o                  runtime/incaxy.s(8)
    copydata.o                common/copydata.s(9)
    asleax4.o                 runtime/asleax4.s(8)
    aslax2.o                  runtime/aslax2.s(8)
    aslax1.o                  runtime/aslax1.s(8)
    acia.o                    zeropage.inc65(5)
    utils.o                   zeropage.inc65(5)
tmp2 (zeropage.o):
    lmul.o                    runtime/lmul.s(9)
tmp3 (zeropage.o):
    lumod.o                   runtime/lumod.s(9)
    ludiv.o                   runtime/ludiv.s(9)
    lmul.o                    runtime/lmul.s(9)
tmp4 (zeropage.o):
    lumod.o                   runtime/lumod.s(9)
    ludiv.o                   runtime/ludiv.s(9)
    lmul.o                    runtime/lmul.s(9)
tmpstack (zeropage.o):
    acia.o                    zeropage.inc65(9)
tosaddax (add.o):
    shell.o                   shell.s(1758)
    shell.o                   shell.s(1758)
    shell.o                   shell.s(1758)
tosaddeax (ladd.o):
    strtoul.o                 ../libwrk/sim6502/strtoul.s(295)
    shell.o                   shell.s(1758)
tosand0ax (land.o):
    gpio.o                    gpio.s(321)
    gpio.o                    gpio.s(321)
    gpio.o                    gpio.s(321)
toseqeax (leq.o):
    strtoul.o                 ../libwrk/sim6502/strtoul.s(295)
    shell.o                   shell.s(1758)
    shell.o                   shell.s(1758)
    shell.o                   shell.s(1758)
toslcmp (lcmp.o):
    lugt.o                    runtime/lugt.s(8)
    lult.o                    runtime/lult.s(8)
    lne.o                     runtime/lne.s(8)
    leq.o                     runtime/leq.s(8)
tosmula0 (mul8.o):
    shell.o                   shell.s(1758)
tosneeax (lne.o):
    shell.o                   shell.s(1758)
tosorax (or.o):
    ps2.o                     ps2.s(239)
tosudiveax (ludiv.o):
    strtoul.o                 ../libwrk/sim6502/strtoul.s(295)
tosugteax (lugt.o):
    strtoul.o                 ../libwrk/sim6502/strtoul.s(295)
tosulteax (lult.o):
    shell.o                   shell.s(1758)
    shell.o                   shell.s(1758)
tosumodeax (lumod.o):
    strtoul.o                 ../libwrk/sim6502/strtoul.s(295)
tosumuleax (lmul.o):
    strtoul.o                 ../libwrk/sim6502/strtoul.s(295)
udiv32 (ludiv.o):
    lumod.o                   runtime/lumod.s(8)
zerobss (zerobss.o):
    startup.o                 startup.s65(10)

