Modules list:
-------------
zeropage.o:
    ZEROPAGE          Offs=000000  Size=00002C  Align=00001  Fill=0000
interrupt.o:
    CODE              Offs=000000  Size=000093  Align=00001  Fill=0000
startup.o:
    VECTORS           Offs=000000  Size=000006  Align=00001  Fill=0000
    STARTUP           Offs=000000  Size=000023  Align=00001  Fill=0000
utils.o:
    CODE              Offs=000100  Size=000020  Align=00100  Fill=006D
acia.o:
    CODE              Offs=000120  Size=000072  Align=00001  Fill=0000
led.o:
    CODE              Offs=000192  Size=000027  Align=00001  Fill=0000
main.o:
    CODE              Offs=0001B9  Size=0000EE  Align=00001  Fill=0000
    RODATA            Offs=000000  Size=0000B8  Align=00001  Fill=0000
    DATA              Offs=000000  Size=000038  Align=00001  Fill=0000
uart.o:
    CODE              Offs=0002A7  Size=000174  Align=00001  Fill=0000
    RODATA            Offs=0000B8  Size=00000F  Align=00001  Fill=0000
    BSS               Offs=000000  Size=000202  Align=00001  Fill=0000
    DATA              Offs=000038  Size=000100  Align=00001  Fill=0000
gpio.o:
    CODE              Offs=00041B  Size=00024F  Align=00001  Fill=0000
shell.o:
    CODE              Offs=00066A  Size=000DED  Align=00001  Fill=0000
    RODATA            Offs=0000C7  Size=0003B7  Align=00001  Fill=0000
    BSS               Offs=000202  Size=000001  Align=00001  Fill=0000
    DATA              Offs=000138  Size=0002CA  Align=00001  Fill=0000
ps2.o:
    CODE              Offs=001457  Size=0001A2  Align=00001  Fill=0000
    RODATA            Offs=00047E  Size=00001B  Align=00001  Fill=0000
    DATA              Offs=000402  Size=000028  Align=00001  Fill=0000
vga.o:
    CODE              Offs=0015F9  Size=0003EF  Align=00001  Fill=0000
    DATA              Offs=00042A  Size=0000B0  Align=00001  Fill=0000
cc65.lib(_hextab.o):
    RODATA            Offs=000499  Size=000010  Align=00001  Fill=0000
cc65.lib(_longminstr.o):
    RODATA            Offs=0004A9  Size=00000C  Align=00001  Fill=0000
cc65.lib(_printf.o):
    CODE              Offs=0019E8  Size=0003A5  Align=00001  Fill=0000
    BSS               Offs=000203  Size=00002B  Align=00001  Fill=0000
    DATA              Offs=0004DA  Size=000003  Align=00001  Fill=0000
cc65.lib(_seterrno.o):
    CODE              Offs=001D8D  Size=000009  Align=00001  Fill=0000
cc65.lib(add.o):
    CODE              Offs=001D96  Size=00001A  Align=00001  Fill=0000
cc65.lib(addeqsp.o):
    CODE              Offs=001DB0  Size=000011  Align=00001  Fill=0000
cc65.lib(addysp.o):
    CODE              Offs=001DC1  Size=00000E  Align=00001  Fill=0000
cc65.lib(aslax1.o):
    CODE              Offs=001DCF  Size=000008  Align=00001  Fill=0000
cc65.lib(aslax2.o):
    CODE              Offs=001DD7  Size=00000B  Align=00001  Fill=0000
cc65.lib(asleax4.o):
    CODE              Offs=001DE2  Size=000011  Align=00001  Fill=0000
cc65.lib(axlong.o):
    CODE              Offs=001DF3  Size=000012  Align=00001  Fill=0000
cc65.lib(call.o):
    CODE              Offs=001E05  Size=000007  Align=00001  Fill=0000
cc65.lib(condes.o):
    CODE              Offs=001E0C  Size=00000C  Align=00001  Fill=0000
    DATA              Offs=0004DD  Size=000025  Align=00001  Fill=0000
    INIT              Offs=000000  Size=00000C  Align=00001  Fill=0000
cc65.lib(copydata.o):
    CODE              Offs=001E18  Size=00002D  Align=00001  Fill=0000
cc65.lib(ctype.o):
    RODATA            Offs=0004B5  Size=000100  Align=00001  Fill=0000
cc65.lib(decax1.o):
    CODE              Offs=001E45  Size=000007  Align=00001  Fill=0000
cc65.lib(decax2.o):
    CODE              Offs=001E4C  Size=000007  Align=00001  Fill=0000
cc65.lib(decaxy.o):
    CODE              Offs=001E53  Size=000009  Align=00001  Fill=0000
cc65.lib(decsp1.o):
    CODE              Offs=001E5C  Size=000009  Align=00001  Fill=0000
cc65.lib(decsp2.o):
    CODE              Offs=001E65  Size=00000D  Align=00001  Fill=0000
cc65.lib(decsp3.o):
    CODE              Offs=001E72  Size=00000D  Align=00001  Fill=0000
cc65.lib(decsp4.o):
    CODE              Offs=001E7F  Size=00000D  Align=00001  Fill=0000
cc65.lib(decsp6.o):
    CODE              Offs=001E8C  Size=00000D  Align=00001  Fill=0000
cc65.lib(decsp7.o):
    CODE              Offs=001E99  Size=00000D  Align=00001  Fill=0000
cc65.lib(decsp8.o):
    CODE              Offs=001EA6  Size=00000D  Align=00001  Fill=0000
cc65.lib(enter.o):
    CODE              Offs=001EB3  Size=00000E  Align=00001  Fill=0000
cc65.lib(errno.o):
    BSS               Offs=00022E  Size=000002  Align=00001  Fill=0000
cc65.lib(incax1.o):
    CODE              Offs=001EC1  Size=000007  Align=00001  Fill=0000
cc65.lib(incax2.o):
    CODE              Offs=001EC8  Size=000007  Align=00001  Fill=0000
cc65.lib(incax3.o):
    CODE              Offs=001ECF  Size=000005  Align=00001  Fill=0000
cc65.lib(incax5.o):
    CODE              Offs=001ED4  Size=000005  Align=00001  Fill=0000
cc65.lib(incax8.o):
    CODE              Offs=001ED9  Size=000005  Align=00001  Fill=0000
cc65.lib(incaxy.o):
    CODE              Offs=001EDE  Size=00000B  Align=00001  Fill=0000
cc65.lib(incsp1.o):
    CODE              Offs=001EE9  Size=000007  Align=00001  Fill=0000
cc65.lib(incsp2.o):
    CODE              Offs=001EF0  Size=000016  Align=00001  Fill=0000
cc65.lib(incsp3.o):
    CODE              Offs=001F06  Size=000005  Align=00001  Fill=0000
cc65.lib(incsp4.o):
    CODE              Offs=001F0B  Size=000005  Align=00001  Fill=0000
cc65.lib(incsp6.o):
    CODE              Offs=001F10  Size=000005  Align=00001  Fill=0000
cc65.lib(incsp7.o):
    CODE              Offs=001F15  Size=000005  Align=00001  Fill=0000
cc65.lib(isdigit.o):
    CODE              Offs=001F1A  Size=00000F  Align=00001  Fill=0000
cc65.lib(islower.o):
    CODE              Offs=001F29  Size=00000F  Align=00001  Fill=0000
cc65.lib(isspace.o):
    CODE              Offs=001F38  Size=00000F  Align=00001  Fill=0000
cc65.lib(isupper.o):
    CODE              Offs=001F47  Size=00000F  Align=00001  Fill=0000
cc65.lib(ladd.o):
    CODE              Offs=001F56  Size=000025  Align=00001  Fill=0000
cc65.lib(land.o):
    CODE              Offs=001F7B  Size=000024  Align=00001  Fill=0000
cc65.lib(lcmp.o):
    CODE              Offs=001F9F  Size=00003B  Align=00001  Fill=0000
cc65.lib(ldaxi.o):
    CODE              Offs=001FDA  Size=00000D  Align=00001  Fill=0000
cc65.lib(ldaxsp.o):
    CODE              Offs=001FE7  Size=000009  Align=00001  Fill=0000
cc65.lib(ldeaxi.o):
    CODE              Offs=001FF0  Size=000017  Align=00001  Fill=0000
cc65.lib(ldeaxysp.o):
    CODE              Offs=002007  Size=000013  Align=00001  Fill=0000
cc65.lib(leaaxsp.o):
    CODE              Offs=00201A  Size=00000C  Align=00001  Fill=0000
cc65.lib(leave.o):
    CODE              Offs=002026  Size=00001D  Align=00001  Fill=0000
cc65.lib(leq.o):
    CODE              Offs=002043  Size=000006  Align=00001  Fill=0000
cc65.lib(linc.o):
    CODE              Offs=002049  Size=000011  Align=00001  Fill=0000
cc65.lib(lmul.o):
    CODE              Offs=00205A  Size=00005C  Align=00001  Fill=0000
cc65.lib(lne.o):
    CODE              Offs=0020B6  Size=000006  Align=00001  Fill=0000
cc65.lib(lneg.o):
    CODE              Offs=0020BC  Size=00001E  Align=00001  Fill=0000
cc65.lib(lpush.o):
    CODE              Offs=0020DA  Size=000021  Align=00001  Fill=0000
cc65.lib(lsave.o):
    CODE              Offs=0020FB  Size=00001C  Align=00001  Fill=0000
cc65.lib(ltoa.o):
    CODE              Offs=002117  Size=0000AF  Align=00001  Fill=0000
cc65.lib(ludiv.o):
    CODE              Offs=0021C6  Size=00007A  Align=00001  Fill=0000
cc65.lib(lugt.o):
    CODE              Offs=002240  Size=000006  Align=00001  Fill=0000
cc65.lib(lult.o):
    CODE              Offs=002246  Size=000006  Align=00001  Fill=0000
cc65.lib(lumod.o):
    CODE              Offs=00224C  Size=000019  Align=00001  Fill=0000
cc65.lib(makebool.o):
    CODE              Offs=002265  Size=000031  Align=00001  Fill=0000
cc65.lib(memcpy.o):
    CODE              Offs=002296  Size=000041  Align=00001  Fill=0000
cc65.lib(mul8.o):
    CODE              Offs=0022D7  Size=00003A  Align=00001  Fill=0000
cc65.lib(mulax6.o):
    CODE              Offs=002311  Size=000016  Align=00001  Fill=0000
cc65.lib(or.o):
    CODE              Offs=002327  Size=000012  Align=00001  Fill=0000
cc65.lib(popsreg.o):
    CODE              Offs=002339  Size=000010  Align=00001  Fill=0000
cc65.lib(push1.o):
    CODE              Offs=002349  Size=000005  Align=00001  Fill=0000
cc65.lib(pusha.o):
    CODE              Offs=00234E  Size=000016  Align=00001  Fill=0000
cc65.lib(pushax.o):
    CODE              Offs=002364  Size=00001A  Align=00001  Fill=0000
cc65.lib(pushw.o):
    CODE              Offs=00237E  Size=00000F  Align=00001  Fill=0000
cc65.lib(pushwsp.o):
    CODE              Offs=00238D  Size=00001C  Align=00001  Fill=0000
cc65.lib(shl.o):
    CODE              Offs=0023A9  Size=000033  Align=00001  Fill=0000
cc65.lib(shrax4.o):
    CODE              Offs=0023DC  Size=000011  Align=00001  Fill=0000
cc65.lib(staspidx.o):
    CODE              Offs=0023ED  Size=000016  Align=00001  Fill=0000
cc65.lib(staxsp.o):
    CODE              Offs=002403  Size=00000B  Align=00001  Fill=0000
cc65.lib(staxspi.o):
    CODE              Offs=00240E  Size=00001B  Align=00001  Fill=0000
cc65.lib(steaxsp.o):
    CODE              Offs=002429  Size=000015  Align=00001  Fill=0000
cc65.lib(strcmp.o):
    CODE              Offs=00243E  Size=000027  Align=00001  Fill=0000
cc65.lib(strlen.o):
    CODE              Offs=002465  Size=000016  Align=00001  Fill=0000
cc65.lib(strlower.o):
    CODE              Offs=00247B  Size=000028  Align=00001  Fill=0000
cc65.lib(strtoul.o):
    CODE              Offs=0024A3  Size=000238  Align=00001  Fill=0000
cc65.lib(subeqsp.o):
    CODE              Offs=0026DB  Size=000015  Align=00001  Fill=0000
cc65.lib(subysp.o):
    CODE              Offs=0026F0  Size=00000D  Align=00001  Fill=0000
cc65.lib(vsnprintf.o):
    CODE              Offs=0026FD  Size=0000C8  Align=00001  Fill=0000
    DATA              Offs=000502  Size=000008  Align=00001  Fill=0000
cc65.lib(zerobss.o):
    INIT              Offs=00000C  Size=000023  Align=00001  Fill=0000


Segment list:
-------------
Name                   Start     End    Size  Align
----------------------------------------------------
ZEROPAGE              000000  00002B  00002C  00001
DATA                  000200  000709  00050A  00001
BSS                   00070A  000939  000230  00001
STARTUP               00850A  00852C  000023  00001
INIT                  00852D  00855B  00002F  00001
CODE                  008600  00ADC4  0027C5  00100
RODATA                00ADC5  00B379  0005B5  00001
VECTORS               00FFFA  00FFFF  000006  00001


Exports list by name:
---------------------
__BSS_RUN__               00070A RLA    __BSS_SIZE__              000230 REA    
__CONSTRUCTOR_COUNT__     000000 REA    __CONSTRUCTOR_TABLE__     00852D RLA    
__DATA_LOAD__             008000 RLA    __DATA_RUN__              000200 RLA    
__DATA_SIZE__             00050A REA    __DESTRUCTOR_COUNT__      000000 REA    
__DESTRUCTOR_TABLE__      00852D RLA    __RAM_SIZE__              007D00 REA    
__RAM_START__             000200 RLA    __STARTUP__               000001 REA    
__ctype                   00B27A RLA    __errno                   000938 RLA    
__hextab                  00B25E RLA    __longminstr              00B26E RLA    
__printf                  00A0DB RLA    __seterrno                00A38D RLA    
_delay_ms                 008700 RLA    _gpio_init                008A1B RLA    
_gpio_read                008BDA RLA    _gpio_write               008B17 RLA    
_hours                    000022 RLZ    _interrupted              00002B RLZ    
_isdigit                  00A51A RLA    _islower                  00A529 RLA    
_isspace                  00A538 RLA    _isupper                  00A547 RLA    
_jiffies                  00001F RLZ    _led_init                 008792 RLA    
_led_set                  0087A3 RLA    _ltoa                     00A733 RLA    
_main                     0087C3 RLA    _mdelay                   0087B9 RLA    
_memcpy                   00A896 RLA    _millis                   00001B RLZ    
_minutes                  000021 RLZ    _ps2_getc                 009B19 RLA    
_ps2_init                 009A91 RLA    _ps2_process              009A57 RLA    
_seconds                  000020 RLZ    _strcmp                   00AA3E RLA    
_strlen                   00AA65 RLA    _strlower                 00AA7B RLA    
_strtoul                  00AAA3 RLA    _uart_handler             008987 RLA    
_uart_init                0088A7 RLA    _uart_printf              008934 RLA    
_uart_puts                0088F2 RLA    _uart_shell               00998A RLA    
_ultoa                    00A78A RLA    _vga_ctrl                 009C4A RLA    
_vga_init                 009D4A RLA    _vga_printf               009BF9 RLA    
_vsnprintf                00ACFD RLA    addeqysp                  00A3B2 RLA    
addysp                    00A3C2 RLA    addysp1                   00A3C1 RLA    
aslax1                    00A3CF RLA    aslax2                    00A3D7 RLA    
aslaxy                    00A9B0 RLA    axlong                    00A3FA RLA    
axulong                   00A3F3 RLA    booleq                    00A86B RLA    
boolne                    00A865 RLA    boolugt                   00A889 RLA    
boolult                   00A883 RLA    callax                    00A405 RLA    
copydata                  00A418 RLA    decax1                    00A445 RLA    
decax2                    00A44C RLA    decaxy                    00A453 RLA    
decsp1                    00A45C RLA    decsp2                    00A465 RLA    
decsp3                    00A472 RLA    decsp4                    00A47F RLA    
decsp6                    00A48C RLA    decsp7                    00A499 RLA    
decsp8                    00A4A6 RLA    donelib                   00A40C RLA    
enter                     00A4B3 RLA    getlop                    00A7D7 RLA    
incax1                    00A4C1 RLA    incax2                    00A4C8 RLA    
incax3                    00A4CF RLA    incax5                    00A4D4 RLA    
incax8                    00A4D9 RLA    incaxy                    00A4E0 RLA    
inceaxy                   00A649 RLA    incsp1                    00A4E9 RLA    
incsp2                    00A4F8 RLA    incsp3                    00A506 RLA    
incsp4                    00A50B RLA    incsp6                    00A510 RLA    
incsp7                    00A515 RLA    initlib                   00852D RLA    
irq_handler               008630 RLA    irq_init                  008600 RLA    
ldax0sp                   00A5E7 RLA    ldaxidx                   00A5DC RLA    
ldaxysp                   00A5E9 RLA    ldeax0sp                  00A607 RLA    
ldeaxi                    00A5F0 RLA    ldeaxidx                  00A5F2 RLA    
ldeaxysp                  00A609 RLA    leaa0sp                   00A61A RLA    
leavey                    00A630 RLA    mulax6                    00A911 RLA    
negeax                    00A6BC RLA    nmi_handler               008629 RLA    
popax                     00A4F0 RLA    popsreg                   00A939 RLA    
ptr1                      000008 RLZ    ptr2                      00000A RLZ    
ptr3                      00000C RLZ    ptr4                      00000E RLZ    
push0                     00A964 RLA    push0ax                   00A6DD RLA    
push1                     00A949 RLA    pusha                     00A952 RLA    
pusha0                    00A966 RLA    pushax                    00A968 RLA    
pusheax                   00A6E3 RLA    pushl0                    00A6DA RLA    
pushw                     00A97E RLA    pushw0sp                  00A98D RLA    
pushwidx                  00A980 RLA    pushwysp                  00A98F RLA    
regbank                   000014 RLZ    regsave                   000004 RLZ    
resteax                   00A70A RLA    saveeax                   00A6FB RLA    
shleax4                   00A3E2 RLA    shrax4                    00A9DC RLA    
sp                        000000 RLZ    sreg                      000002 RLZ    
staspidx                  00A9ED RLA    stax0sp                   00AA03 RLA    
staxspidx                 00AA0E RLA    staxysp                   00AA05 RLA    
steax0sp                  00AA29 RLA    steaxysp                  00AA2B RLA    
subeq0sp                  00ACDB RLA    subysp                    00ACF0 RLA    
tmp1                      000010 RLZ    tmp2                      000011 RLZ    
tmp3                      000012 RLZ    tmp4                      000013 RLZ    
tmpstack                  00001A RLZ    tosaddax                  00A398 RLA    
tosaddeax                 00A55C RLA    tosand0ax                 00A57B RLA    
toseqeax                  00A643 RLA    toslcmp                   00A59F RLA    
tosmula0                  00A8D7 RLA    tosneeax                  00A6B6 RLA    
tosorax                   00A929 RLA    tosudiveax                00A7CC RLA    
tosugteax                 00A840 RLA    tosulteax                 00A846 RLA    
tosumodeax                00A852 RLA    tosumuleax                00A660 RLA    
udiv32                    00A7FB RLA    zerobss                   008539 RLA    



Exports list by value:
----------------------
__CONSTRUCTOR_COUNT__     000000 REA    __DESTRUCTOR_COUNT__      000000 REA    
sp                        000000 RLZ    __STARTUP__               000001 REA    
sreg                      000002 RLZ    regsave                   000004 RLZ    
ptr1                      000008 RLZ    ptr2                      00000A RLZ    
ptr3                      00000C RLZ    ptr4                      00000E RLZ    
tmp1                      000010 RLZ    tmp2                      000011 RLZ    
tmp3                      000012 RLZ    tmp4                      000013 RLZ    
regbank                   000014 RLZ    tmpstack                  00001A RLZ    
_millis                   00001B RLZ    _jiffies                  00001F RLZ    
_seconds                  000020 RLZ    _minutes                  000021 RLZ    
_hours                    000022 RLZ    _interrupted              00002B RLZ    
__DATA_RUN__              000200 RLA    __RAM_START__             000200 RLA    
__BSS_SIZE__              000230 REA    __DATA_SIZE__             00050A REA    
__BSS_RUN__               00070A RLA    __errno                   000938 RLA    
__RAM_SIZE__              007D00 REA    __DATA_LOAD__             008000 RLA    
__CONSTRUCTOR_TABLE__     00852D RLA    __DESTRUCTOR_TABLE__      00852D RLA    
initlib                   00852D RLA    zerobss                   008539 RLA    
irq_init                  008600 RLA    nmi_handler               008629 RLA    
irq_handler               008630 RLA    _delay_ms                 008700 RLA    
_led_init                 008792 RLA    _led_set                  0087A3 RLA    
_mdelay                   0087B9 RLA    _main                     0087C3 RLA    
_uart_init                0088A7 RLA    _uart_puts                0088F2 RLA    
_uart_printf              008934 RLA    _uart_handler             008987 RLA    
_gpio_init                008A1B RLA    _gpio_write               008B17 RLA    
_gpio_read                008BDA RLA    _uart_shell               00998A RLA    
_ps2_process              009A57 RLA    _ps2_init                 009A91 RLA    
_ps2_getc                 009B19 RLA    _vga_printf               009BF9 RLA    
_vga_ctrl                 009C4A RLA    _vga_init                 009D4A RLA    
__printf                  00A0DB RLA    __seterrno                00A38D RLA    
tosaddax                  00A398 RLA    addeqysp                  00A3B2 RLA    
addysp1                   00A3C1 RLA    addysp                    00A3C2 RLA    
aslax1                    00A3CF RLA    aslax2                    00A3D7 RLA    
shleax4                   00A3E2 RLA    axulong                   00A3F3 RLA    
axlong                    00A3FA RLA    callax                    00A405 RLA    
donelib                   00A40C RLA    copydata                  00A418 RLA    
decax1                    00A445 RLA    decax2                    00A44C RLA    
decaxy                    00A453 RLA    decsp1                    00A45C RLA    
decsp2                    00A465 RLA    decsp3                    00A472 RLA    
decsp4                    00A47F RLA    decsp6                    00A48C RLA    
decsp7                    00A499 RLA    decsp8                    00A4A6 RLA    
enter                     00A4B3 RLA    incax1                    00A4C1 RLA    
incax2                    00A4C8 RLA    incax3                    00A4CF RLA    
incax5                    00A4D4 RLA    incax8                    00A4D9 RLA    
incaxy                    00A4E0 RLA    incsp1                    00A4E9 RLA    
popax                     00A4F0 RLA    incsp2                    00A4F8 RLA    
incsp3                    00A506 RLA    incsp4                    00A50B RLA    
incsp6                    00A510 RLA    incsp7                    00A515 RLA    
_isdigit                  00A51A RLA    _islower                  00A529 RLA    
_isspace                  00A538 RLA    _isupper                  00A547 RLA    
tosaddeax                 00A55C RLA    tosand0ax                 00A57B RLA    
toslcmp                   00A59F RLA    ldaxidx                   00A5DC RLA    
ldax0sp                   00A5E7 RLA    ldaxysp                   00A5E9 RLA    
ldeaxi                    00A5F0 RLA    ldeaxidx                  00A5F2 RLA    
ldeax0sp                  00A607 RLA    ldeaxysp                  00A609 RLA    
leaa0sp                   00A61A RLA    leavey                    00A630 RLA    
toseqeax                  00A643 RLA    inceaxy                   00A649 RLA    
tosumuleax                00A660 RLA    tosneeax                  00A6B6 RLA    
negeax                    00A6BC RLA    pushl0                    00A6DA RLA    
push0ax                   00A6DD RLA    pusheax                   00A6E3 RLA    
saveeax                   00A6FB RLA    resteax                   00A70A RLA    
_ltoa                     00A733 RLA    _ultoa                    00A78A RLA    
tosudiveax                00A7CC RLA    getlop                    00A7D7 RLA    
udiv32                    00A7FB RLA    tosugteax                 00A840 RLA    
tosulteax                 00A846 RLA    tosumodeax                00A852 RLA    
boolne                    00A865 RLA    booleq                    00A86B RLA    
boolult                   00A883 RLA    boolugt                   00A889 RLA    
_memcpy                   00A896 RLA    tosmula0                  00A8D7 RLA    
mulax6                    00A911 RLA    tosorax                   00A929 RLA    
popsreg                   00A939 RLA    push1                     00A949 RLA    
pusha                     00A952 RLA    push0                     00A964 RLA    
pusha0                    00A966 RLA    pushax                    00A968 RLA    
pushw                     00A97E RLA    pushwidx                  00A980 RLA    
pushw0sp                  00A98D RLA    pushwysp                  00A98F RLA    
aslaxy                    00A9B0 RLA    shrax4                    00A9DC RLA    
staspidx                  00A9ED RLA    stax0sp                   00AA03 RLA    
staxysp                   00AA05 RLA    staxspidx                 00AA0E RLA    
steax0sp                  00AA29 RLA    steaxysp                  00AA2B RLA    
_strcmp                   00AA3E RLA    _strlen                   00AA65 RLA    
_strlower                 00AA7B RLA    _strtoul                  00AAA3 RLA    
subeq0sp                  00ACDB RLA    subysp                    00ACF0 RLA    
_vsnprintf                00ACFD RLA    __hextab                  00B25E RLA    
__longminstr              00B26E RLA    __ctype                   00B27A RLA    



Imports list:
-------------
__BSS_RUN__ ([linker generated]):
    zerobss.o                 common/zerobss.s(8)
__BSS_SIZE__ ([linker generated]):
    zerobss.o                 common/zerobss.s(8)
__CONSTRUCTOR_COUNT__ ([linker generated]):
    condes.o                  runtime/condes.s(18)
__CONSTRUCTOR_TABLE__ ([linker generated]):
    condes.o                  runtime/condes.s(18)
__DATA_LOAD__ ([linker generated]):
    copydata.o                common/copydata.s(8)
__DATA_RUN__ ([linker generated]):
    copydata.o                common/copydata.s(8)
__DATA_SIZE__ ([linker generated]):
    copydata.o                common/copydata.s(8)
__DESTRUCTOR_COUNT__ ([linker generated]):
    condes.o                  runtime/condes.s(19)
__DESTRUCTOR_TABLE__ ([linker generated]):
    condes.o                  runtime/condes.s(19)
__RAM_SIZE__ ([linker generated]):
    startup.o                 startup.s65(8)
__RAM_START__ ([linker generated]):
    startup.o                 startup.s65(7)
__STARTUP__ (startup.o):
    main.o                    main.s(13)
__ctype (ctype.o):
    strlower.o                common/strlower.s(13)
    isupper.o                 /home/grappendorf/cc65/asminc/ctype.inc(9)
    isspace.o                 /home/grappendorf/cc65/asminc/ctype.inc(9)
    islower.o                 /home/grappendorf/cc65/asminc/ctype.inc(9)
    isdigit.o                 /home/grappendorf/cc65/asminc/ctype.inc(9)
__errno (errno.o):
    _seterrno.o               /home/grappendorf/cc65/asminc/errno.inc(7)
__hextab (_hextab.o):
    ltoa.o                    common/ltoa.s(10)
__longminstr (_longminstr.o):
    ltoa.o                    common/ltoa.s(10)
__printf (_printf.o):
    vsnprintf.o               common/vsnprintf.s(9)
__seterrno (_seterrno.o):
    strtoul.o                 ../libwrk/sim6502/strtoul.s(17)
_delay_ms (utils.o):
    main.o                    main.s(16)
_gpio_init (gpio.o):
    vga.o                     vga.s(14)
    ps2.o                     ps2.s(14)
    shell.o                   shell.s(21)
_gpio_read (gpio.o):
    vga.o                     vga.s(16)
    ps2.o                     ps2.s(16)
    shell.o                   shell.s(23)
_gpio_write (gpio.o):
    vga.o                     vga.s(15)
    ps2.o                     ps2.s(15)
    shell.o                   shell.s(22)
_hours (zeropage.o):
    shell.o                   shell.s(19)
    interrupt.o               zeropage.inc65(18)
_interrupted (zeropage.o):
    interrupt.o               zeropage.inc65(27)
_isdigit (isdigit.o):
    strtoul.o                 ../libwrk/sim6502/strtoul.s(13)
_islower (islower.o):
    strtoul.o                 ../libwrk/sim6502/strtoul.s(14)
_isspace (isspace.o):
    strtoul.o                 ../libwrk/sim6502/strtoul.s(15)
_isupper (isupper.o):
    strtoul.o                 ../libwrk/sim6502/strtoul.s(16)
_jiffies (zeropage.o):
    interrupt.o               zeropage.inc65(15)
_led_init (led.o):
    main.o                    main.s(14)
_led_set (led.o):
    main.o                    main.s(15)
_ltoa (ltoa.o):
    _printf.o                 common/_printf.s(12)
_main (main.o):
    startup.o                 startup.s65(9)
_mdelay (main.o):
    vga.o                     vga.s(17)
    ps2.o                     ps2.s(17)
_memcpy (memcpy.o):
    vsnprintf.o               common/vsnprintf.s(9)
_millis (zeropage.o):
    interrupt.o               zeropage.inc65(14)
_minutes (zeropage.o):
    shell.o                   shell.s(18)
    interrupt.o               zeropage.inc65(17)
_ps2_getc (ps2.o):
    shell.o                   shell.s(25)
_ps2_init (ps2.o):
    main.o                    main.s(22)
_ps2_process (ps2.o):
    shell.o                   shell.s(24)
_seconds (zeropage.o):
    shell.o                   shell.s(17)
    interrupt.o               zeropage.inc65(16)
_strcmp (strcmp.o):
    shell.o                   shell.s(14)
_strlen (strlen.o):
    _printf.o                 common/_printf.s(13)
    shell.o                   shell.s(15)
_strlower (strlower.o):
    _printf.o                 common/_printf.s(13)
_strtoul (strtoul.o):
    shell.o                   shell.s(13)
_uart_handler (uart.o):
    main.o                    main.s(20)
_uart_init (uart.o):
    main.o                    main.s(17)
_uart_printf (uart.o):
    ps2.o                     ps2.s(13)
    shell.o                   shell.s(20)
    main.o                    main.s(19)
_uart_puts (uart.o):
    main.o                    main.s(18)
_uart_shell (shell.o):
    uart.o                    uart.s(20)
_ultoa (ltoa.o):
    _printf.o                 common/_printf.s(12)
_vga_ctrl (vga.o):
    shell.o                   shell.s(27)
_vga_init (vga.o):
    main.o                    main.s(23)
_vga_printf (vga.o):
    shell.o                   shell.s(26)
_vsnprintf (vsnprintf.o):
    vga.o                     vga.s(13)
    uart.o                    uart.s(13)
addeqysp (addeqsp.o):
    strtoul.o                 ../libwrk/sim6502/strtoul.s(295)
addysp (addysp.o):
    strtoul.o                 ../libwrk/sim6502/strtoul.s(295)
    leave.o                   runtime/leave.s(13)
    incsp7.o                  runtime/incsp7.s(8)
    incsp6.o                  runtime/incsp6.s(8)
    incsp4.o                  runtime/incsp4.s(8)
    incsp3.o                  runtime/incsp3.s(8)
    shell.o                   shell.s(2050)
    shell.o                   shell.s(2050)
    shell.o                   shell.s(2050)
    shell.o                   shell.s(2050)
    shell.o                   shell.s(2050)
    shell.o                   shell.s(2050)
    gpio.o                    gpio.s(321)
    gpio.o                    gpio.s(321)
    gpio.o                    gpio.s(321)
addysp1 (addysp.o):
    ludiv.o                   runtime/ludiv.s(8)
    lmul.o                    runtime/lmul.s(8)
    or.o                      runtime/or.s(8)
    land.o                    runtime/land.s(8)
    ladd.o                    runtime/ladd.s(8)
aslax1 (aslax1.o):
    shell.o                   shell.s(2050)
    shell.o                   shell.s(2050)
    shell.o                   shell.s(2050)
aslax2 (aslax2.o):
    vga.o                     vga.s(550)
    vga.o                     vga.s(550)
    ps2.o                     ps2.s(274)
    ps2.o                     ps2.s(274)
aslaxy (shl.o):
    vga.o                     vga.s(550)
    ps2.o                     ps2.s(274)
    gpio.o                    gpio.s(321)
    gpio.o                    gpio.s(321)
    gpio.o                    gpio.s(321)
axlong (axlong.o):
    _printf.o                 common/_printf.s(11)
    strtoul.o                 ../libwrk/sim6502/strtoul.s(295)
    vga.o                     vga.s(550)
    uart.o                    uart.s(279)
axulong (axlong.o):
    _printf.o                 common/_printf.s(11)
    strtoul.o                 ../libwrk/sim6502/strtoul.s(295)
    shell.o                   shell.s(2050)
    shell.o                   shell.s(2050)
    shell.o                   shell.s(2050)
booleq (makebool.o):
    leq.o                     runtime/leq.s(8)
boolne (makebool.o):
    lne.o                     runtime/lne.s(8)
boolugt (makebool.o):
    lugt.o                    runtime/lugt.s(8)
boolult (makebool.o):
    lult.o                    runtime/lult.s(8)
callax (call.o):
    shell.o                   shell.s(2050)
    shell.o                   shell.s(2050)
copydata (copydata.o):
    startup.o                 startup.s65(11)
decax1 (decax1.o):
    main.o                    main.s(187)
decax2 (decax2.o):
    shell.o                   shell.s(2050)
decaxy (decaxy.o):
    strtoul.o                 ../libwrk/sim6502/strtoul.s(295)
decsp1 (decsp1.o):
    vga.o                     vga.s(550)
    vga.o                     vga.s(550)
    ps2.o                     ps2.s(274)
    ps2.o                     ps2.s(274)
    ps2.o                     ps2.s(274)
    ps2.o                     ps2.s(274)
    uart.o                    uart.s(279)
    uart.o                    uart.s(279)
    uart.o                    uart.s(279)
decsp2 (decsp2.o):
    vga.o                     vga.s(550)
    shell.o                   shell.s(2050)
    uart.o                    uart.s(279)
    uart.o                    uart.s(279)
decsp3 (decsp3.o):
    shell.o                   shell.s(2050)
    shell.o                   shell.s(2050)
decsp4 (decsp4.o):
    lpush.o                   runtime/lpush.s(11)
    shell.o                   shell.s(2050)
    shell.o                   shell.s(2050)
decsp6 (decsp6.o):
    _printf.o                 common/_printf.s(11)
    strtoul.o                 ../libwrk/sim6502/strtoul.s(295)
    vga.o                     vga.s(550)
    uart.o                    uart.s(279)
decsp7 (decsp7.o):
    shell.o                   shell.s(2050)
decsp8 (decsp8.o):
    shell.o                   shell.s(2050)
    shell.o                   shell.s(2050)
donelib (condes.o):
    startup.o                 startup.s65(13)
enter (enter.o):
    vga.o                     vga.s(550)
    vga.o                     vga.s(550)
    uart.o                    uart.s(279)
getlop (ludiv.o):
    lumod.o                   runtime/lumod.s(8)
incax1 (incax1.o):
    vga.o                     vga.s(550)
    shell.o                   shell.s(2050)
    shell.o                   shell.s(2050)
    gpio.o                    gpio.s(321)
    gpio.o                    gpio.s(321)
    gpio.o                    gpio.s(321)
    uart.o                    uart.s(279)
    uart.o                    uart.s(279)
incax2 (incax2.o):
    shell.o                   shell.s(2050)
    gpio.o                    gpio.s(321)
    gpio.o                    gpio.s(321)
    gpio.o                    gpio.s(321)
incax3 (incax3.o):
    gpio.o                    gpio.s(321)
    gpio.o                    gpio.s(321)
    gpio.o                    gpio.s(321)
incax5 (incax5.o):
    vga.o                     vga.s(550)
    uart.o                    uart.s(279)
incax8 (incax8.o):
    vga.o                     vga.s(550)
incaxy (incaxy.o):
    incax8.o                  runtime/incax8.s(8)
    incax5.o                  runtime/incax5.s(8)
    incax3.o                  runtime/incax3.s(8)
    vga.o                     vga.s(550)
    uart.o                    uart.s(279)
inceaxy (linc.o):
    vga.o                     vga.s(550)
    shell.o                   shell.s(2050)
    shell.o                   shell.s(2050)
    shell.o                   shell.s(2050)
    shell.o                   shell.s(2050)
    shell.o                   shell.s(2050)
    shell.o                   shell.s(2050)
incsp1 (incsp1.o):
    vga.o                     vga.s(550)
    vga.o                     vga.s(550)
    ps2.o                     ps2.s(274)
    ps2.o                     ps2.s(274)
    shell.o                   shell.s(2050)
    uart.o                    uart.s(279)
    uart.o                    uart.s(279)
incsp2 (incsp2.o):
    vsnprintf.o               common/vsnprintf.s(8)
    staxspi.o                 runtime/staxspi.s(8)
    staspidx.o                runtime/staspidx.s(8)
    popsreg.o                 runtime/popsreg.s(8)
    vga.o                     vga.s(550)
    ps2.o                     ps2.s(274)
    shell.o                   shell.s(2050)
    uart.o                    uart.s(279)
    uart.o                    uart.s(279)
    main.o                    main.s(187)
incsp3 (incsp3.o):
    shell.o                   shell.s(2050)
    shell.o                   shell.s(2050)
incsp4 (incsp4.o):
    lcmp.o                    runtime/lcmp.s(9)
    vga.o                     vga.s(550)
    shell.o                   shell.s(2050)
    shell.o                   shell.s(2050)
    uart.o                    uart.s(279)
incsp6 (incsp6.o):
    vsnprintf.o               common/vsnprintf.s(8)
    shell.o                   shell.s(2050)
incsp7 (incsp7.o):
    shell.o                   shell.s(2050)
initlib (condes.o):
    startup.o                 startup.s65(12)
irq_handler (interrupt.o):
    startup.o                 startup.s65(15)
irq_init (interrupt.o):
    startup.o                 startup.s65(16)
ldax0sp (ldaxsp.o):
    vga.o                     vga.s(550)
    shell.o                   shell.s(2050)
    uart.o                    uart.s(279)
    main.o                    main.s(187)
ldaxidx (ldaxi.o):
    shell.o                   shell.s(2050)
ldaxysp (ldaxsp.o):
    vsnprintf.o               common/vsnprintf.s(8)
    strtoul.o                 ../libwrk/sim6502/strtoul.s(295)
    vga.o                     vga.s(550)
    shell.o                   shell.s(2050)
    shell.o                   shell.s(2050)
    shell.o                   shell.s(2050)
    shell.o                   shell.s(2050)
    shell.o                   shell.s(2050)
    shell.o                   shell.s(2050)
    shell.o                   shell.s(2050)
    shell.o                   shell.s(2050)
    shell.o                   shell.s(2050)
    gpio.o                    gpio.s(321)
    gpio.o                    gpio.s(321)
    gpio.o                    gpio.s(321)
    uart.o                    uart.s(279)
ldeax0sp (ldeaxysp.o):
    shell.o                   shell.s(2050)
    shell.o                   shell.s(2050)
    shell.o                   shell.s(2050)
    shell.o                   shell.s(2050)
ldeaxi (ldeaxi.o):
    vga.o                     vga.s(550)
    vga.o                     vga.s(550)
    vga.o                     vga.s(550)
    ps2.o                     ps2.s(274)
    ps2.o                     ps2.s(274)
ldeaxidx (ldeaxi.o):
    shell.o                   shell.s(2050)
ldeaxysp (ldeaxysp.o):
    strtoul.o                 ../libwrk/sim6502/strtoul.s(295)
    shell.o                   shell.s(2050)
    shell.o                   shell.s(2050)
    shell.o                   shell.s(2050)
    shell.o                   shell.s(2050)
    shell.o                   shell.s(2050)
    shell.o                   shell.s(2050)
    shell.o                   shell.s(2050)
    gpio.o                    gpio.s(321)
    gpio.o                    gpio.s(321)
    gpio.o                    gpio.s(321)
leaa0sp (leaaxsp.o):
    vga.o                     vga.s(550)
    vga.o                     vga.s(550)
    shell.o                   shell.s(2050)
    uart.o                    uart.s(279)
leavey (leave.o):
    vga.o                     vga.s(550)
    vga.o                     vga.s(550)
    uart.o                    uart.s(279)
mulax6 (mulax6.o):
    shell.o                   shell.s(2050)
    shell.o                   shell.s(2050)
    shell.o                   shell.s(2050)
negeax (lneg.o):
    strtoul.o                 ../libwrk/sim6502/strtoul.s(295)
nmi_handler (interrupt.o):
    startup.o                 startup.s65(14)
popax (incsp2.o):
    memcpy.o                  common/memcpy.s(14)
    ltoa.o                    common/ltoa.s(9)
    _printf.o                 common/_printf.s(11)
    vsnprintf.o               common/vsnprintf.s(8)
    strcmp.o                  common/strcmp.s(8)
    shl.o                     runtime/shl.s(15)
    acia.o                    acia.s65(12)
popsreg (popsreg.o):
    mul8.o                    runtime/mul8.s(9)
ptr1 (zeropage.o):
    strlower.o                common/strlower.s(14)
    memcpy.o                  common/memcpy.s(15)
    ludiv.o                   runtime/ludiv.s(9)
    ltoa.o                    common/ltoa.s(11)
    lmul.o                    runtime/lmul.s(9)
    lcmp.o                    runtime/lcmp.s(10)
    _printf.o                 /home/grappendorf/cc65/asminc/zeropage.inc(12)
    zerobss.o                 common/zerobss.s(9)
    vsnprintf.o               common/vsnprintf.s(10)
    strlen.o                  common/strlen.s(8)
    strcmp.o                  common/strcmp.s(9)
    staxspi.o                 runtime/staxspi.s(9)
    staspidx.o                runtime/staspidx.s(9)
    pushw.o                   runtime/pushw.s(9)
    mulax6.o                  runtime/mulax6.s(9)
    ldeaxi.o                  runtime/ldeaxi.s(8)
    ldaxi.o                   runtime/ldaxi.s(8)
    copydata.o                common/copydata.s(9)
    call.o                    runtime/call.s(8)
    vga.o                     vga.s(11)
    ps2.o                     ps2.s(11)
    shell.o                   shell.s(11)
    gpio.o                    gpio.s(11)
    uart.o                    uart.s(11)
    acia.o                    zeropage.inc65(10)
ptr2 (zeropage.o):
    strlower.o                common/strlower.s(14)
    memcpy.o                  common/memcpy.s(15)
    lumod.o                   runtime/lumod.s(9)
    ludiv.o                   runtime/ludiv.s(9)
    ltoa.o                    common/ltoa.s(11)
    _printf.o                 /home/grappendorf/cc65/asminc/zeropage.inc(12)
    strcmp.o                  common/strcmp.s(9)
    copydata.o                common/copydata.s(9)
ptr3 (zeropage.o):
    memcpy.o                  common/memcpy.s(15)
    ludiv.o                   runtime/ludiv.s(9)
    ltoa.o                    common/ltoa.s(11)
    lmul.o                    runtime/lmul.s(9)
ptr4 (zeropage.o):
    ludiv.o                   runtime/ludiv.s(9)
    lmul.o                    runtime/lmul.s(9)
    mul8.o                    runtime/mul8.s(10)
    linc.o                    runtime/linc.s(8)
push0 (pushax.o):
    strtoul.o                 ../libwrk/sim6502/strtoul.s(295)
    shell.o                   shell.s(2050)
    shell.o                   shell.s(2050)
    shell.o                   shell.s(2050)
    shell.o                   shell.s(2050)
    shell.o                   shell.s(2050)
    shell.o                   shell.s(2050)
push0ax (lpush.o):
    vga.o                     vga.s(550)
    shell.o                   shell.s(2050)
    shell.o                   shell.s(2050)
push1 (push1.o):
    _printf.o                 common/_printf.s(11)
pusha (pusha.o):
    strtoul.o                 ../libwrk/sim6502/strtoul.s(295)
    vga.o                     vga.s(550)
    vga.o                     vga.s(550)
    vga.o                     vga.s(550)
    vga.o                     vga.s(550)
    ps2.o                     ps2.s(274)
    ps2.o                     ps2.s(274)
    shell.o                   shell.s(2050)
    shell.o                   shell.s(2050)
    uart.o                    uart.s(279)
    uart.o                    uart.s(279)
pusha0 (pushax.o):
    push1.o                   runtime/push1.s(8)
    vga.o                     vga.s(550)
    vga.o                     vga.s(550)
    vga.o                     vga.s(550)
    ps2.o                     ps2.s(274)
    ps2.o                     ps2.s(274)
    ps2.o                     ps2.s(274)
    shell.o                   shell.s(2050)
    shell.o                   shell.s(2050)
    shell.o                   shell.s(2050)
    shell.o                   shell.s(2050)
    shell.o                   shell.s(2050)
    shell.o                   shell.s(2050)
    main.o                    main.s(187)
pushax (pushax.o):
    _printf.o                 common/_printf.s(11)
    strtoul.o                 ../libwrk/sim6502/strtoul.s(295)
    pushw.o                   runtime/pushw.s(8)
    vga.o                     vga.s(550)
    ps2.o                     ps2.s(274)
    ps2.o                     ps2.s(274)
    shell.o                   shell.s(2050)
    shell.o                   shell.s(2050)
    shell.o                   shell.s(2050)
    shell.o                   shell.s(2050)
    shell.o                   shell.s(2050)
    shell.o                   shell.s(2050)
    shell.o                   shell.s(2050)
    shell.o                   shell.s(2050)
    shell.o                   shell.s(2050)
    shell.o                   shell.s(2050)
    shell.o                   shell.s(2050)
    shell.o                   shell.s(2050)
    uart.o                    uart.s(279)
    uart.o                    uart.s(279)
    main.o                    main.s(187)
pusheax (lpush.o):
    _printf.o                 common/_printf.s(11)
    strtoul.o                 ../libwrk/sim6502/strtoul.s(295)
    vga.o                     vga.s(550)
    vga.o                     vga.s(550)
    vga.o                     vga.s(550)
    ps2.o                     ps2.s(274)
    ps2.o                     ps2.s(274)
    shell.o                   shell.s(2050)
    shell.o                   shell.s(2050)
    shell.o                   shell.s(2050)
    shell.o                   shell.s(2050)
    shell.o                   shell.s(2050)
    shell.o                   shell.s(2050)
    shell.o                   shell.s(2050)
    gpio.o                    gpio.s(321)
    gpio.o                    gpio.s(321)
    gpio.o                    gpio.s(321)
    main.o                    main.s(187)
pushl0 (lpush.o):
    strtoul.o                 ../libwrk/sim6502/strtoul.s(295)
    shell.o                   shell.s(2050)
pushw (pushw.o):
    vga.o                     vga.s(550)
    shell.o                   shell.s(2050)
    shell.o                   shell.s(2050)
    shell.o                   shell.s(2050)
    shell.o                   shell.s(2050)
    uart.o                    uart.s(279)
pushw0sp (pushwsp.o):
    shell.o                   shell.s(2050)
pushwidx (pushw.o):
    shell.o                   shell.s(2050)
pushwysp (pushwsp.o):
    shell.o                   shell.s(2050)
    shell.o                   shell.s(2050)
    shell.o                   shell.s(2050)
    shell.o                   shell.s(2050)
    shell.o                   shell.s(2050)
    shell.o                   shell.s(2050)
regbank (zeropage.o):
    _printf.o                 /home/grappendorf/cc65/asminc/zeropage.inc(14)
    strtoul.o                 ../libwrk/sim6502/strtoul.s(10)
regsave (zeropage.o):
    lsave.o                   runtime/lsave.s(8)
    main.o                    main.s(10)
resteax (lsave.o):
    vga.o                     vga.s(550)
    shell.o                   shell.s(2050)
    shell.o                   shell.s(2050)
    shell.o                   shell.s(2050)
    shell.o                   shell.s(2050)
    shell.o                   shell.s(2050)
    shell.o                   shell.s(2050)
saveeax (lsave.o):
    vga.o                     vga.s(550)
    shell.o                   shell.s(2050)
    shell.o                   shell.s(2050)
    shell.o                   shell.s(2050)
    shell.o                   shell.s(2050)
    shell.o                   shell.s(2050)
    shell.o                   shell.s(2050)
shleax4 (asleax4.o):
    shell.o                   shell.s(2050)
shrax4 (shrax4.o):
    shell.o                   shell.s(2050)
sp (zeropage.o):
    memcpy.o                  common/memcpy.s(15)
    ludiv.o                   runtime/ludiv.s(9)
    lmul.o                    runtime/lmul.s(9)
    lcmp.o                    runtime/lcmp.s(10)
    addeqsp.o                 runtime/addeqsp.s(8)
    _printf.o                 /home/grappendorf/cc65/asminc/zeropage.inc(11)
    vsnprintf.o               common/vsnprintf.s(10)
    subysp.o                  runtime/subysp.s(9)
    subeqsp.o                 runtime/subeqsp.s(8)
    strtoul.o                 ../libwrk/sim6502/strtoul.s(10)
    steaxsp.o                 runtime/steaxsp.s(8)
    staxspi.o                 runtime/staxspi.s(9)
    staxsp.o                  runtime/staxsp.s(8)
    staspidx.o                runtime/staspidx.s(9)
    pushwsp.o                 runtime/pushwsp.s(8)
    pushax.o                  runtime/pushax.s(8)
    pusha.o                   runtime/pusha.s(8)
    popsreg.o                 runtime/popsreg.s(9)
    or.o                      runtime/or.s(9)
    lpush.o                   runtime/lpush.s(12)
    leave.o                   runtime/leave.s(14)
    leaaxsp.o                 runtime/leaaxsp.s(8)
    ldeaxysp.o                runtime/ldeaxysp.s(12)
    ldaxsp.o                  runtime/ldaxsp.s(8)
    land.o                    runtime/land.s(9)
    ladd.o                    runtime/ladd.s(9)
    incsp2.o                  runtime/incsp2.s(8)
    incsp1.o                  runtime/incsp1.s(8)
    enter.o                   runtime/enter.s(8)
    decsp8.o                  runtime/decsp8.s(8)
    decsp7.o                  runtime/decsp7.s(8)
    decsp6.o                  runtime/decsp6.s(8)
    decsp4.o                  runtime/decsp4.s(8)
    decsp3.o                  runtime/decsp3.s(8)
    decsp2.o                  runtime/decsp2.s(8)
    decsp1.o                  runtime/decsp1.s(8)
    addysp.o                  runtime/addysp.s(8)
    add.o                     runtime/add.s(11)
    vga.o                     vga.s(10)
    ps2.o                     ps2.s(10)
    shell.o                   shell.s(10)
    gpio.o                    gpio.s(10)
    uart.o                    uart.s(10)
    main.o                    main.s(10)
    startup.o                 zeropage.inc65(1)
sreg (zeropage.o):
    lumod.o                   runtime/lumod.s(9)
    ludiv.o                   runtime/ludiv.s(9)
    ltoa.o                    common/ltoa.s(11)
    lneg.o                    runtime/lneg.s(11)
    lmul.o                    runtime/lmul.s(9)
    lcmp.o                    runtime/lcmp.s(10)
    _printf.o                 /home/grappendorf/cc65/asminc/zeropage.inc(11)
    strtoul.o                 ../libwrk/sim6502/strtoul.s(10)
    steaxsp.o                 runtime/steaxsp.s(8)
    popsreg.o                 runtime/popsreg.s(9)
    mul8.o                    runtime/mul8.s(10)
    lsave.o                   runtime/lsave.s(8)
    lpush.o                   runtime/lpush.s(12)
    linc.o                    runtime/linc.s(8)
    ldeaxysp.o                runtime/ldeaxysp.s(12)
    ldeaxi.o                  runtime/ldeaxi.s(8)
    land.o                    runtime/land.s(9)
    ladd.o                    runtime/ladd.s(9)
    axlong.o                  runtime/axlong.s(8)
    asleax4.o                 runtime/asleax4.s(8)
    vga.o                     vga.s(10)
    ps2.o                     ps2.s(10)
    shell.o                   shell.s(10)
    gpio.o                    gpio.s(10)
    main.o                    main.s(10)
staspidx (staspidx.o):
    shell.o                   shell.s(2050)
stax0sp (staxsp.o):
    vga.o                     vga.s(550)
    vga.o                     vga.s(550)
    vga.o                     vga.s(550)
    shell.o                   shell.s(2050)
    shell.o                   shell.s(2050)
    shell.o                   shell.s(2050)
    shell.o                   shell.s(2050)
    uart.o                    uart.s(279)
    uart.o                    uart.s(279)
    main.o                    main.s(187)
staxspidx (staxspi.o):
    shell.o                   shell.s(2050)
staxysp (staxsp.o):
    strtoul.o                 ../libwrk/sim6502/strtoul.s(295)
    shell.o                   shell.s(2050)
    shell.o                   shell.s(2050)
    shell.o                   shell.s(2050)
    shell.o                   shell.s(2050)
    shell.o                   shell.s(2050)
    shell.o                   shell.s(2050)
    gpio.o                    gpio.s(321)
    gpio.o                    gpio.s(321)
    gpio.o                    gpio.s(321)
steax0sp (steaxsp.o):
    shell.o                   shell.s(2050)
    shell.o                   shell.s(2050)
    shell.o                   shell.s(2050)
    shell.o                   shell.s(2050)
steaxysp (steaxsp.o):
    strtoul.o                 ../libwrk/sim6502/strtoul.s(295)
    vga.o                     vga.s(550)
    vga.o                     vga.s(550)
    shell.o                   shell.s(2050)
    shell.o                   shell.s(2050)
    shell.o                   shell.s(2050)
    shell.o                   shell.s(2050)
    shell.o                   shell.s(2050)
    shell.o                   shell.s(2050)
    uart.o                    uart.s(279)
subeq0sp (subeqsp.o):
    vga.o                     vga.s(550)
subysp (subysp.o):
    vga.o                     vga.s(550)
    shell.o                   shell.s(2050)
    shell.o                   shell.s(2050)
    shell.o                   shell.s(2050)
    shell.o                   shell.s(2050)
    gpio.o                    gpio.s(321)
    gpio.o                    gpio.s(321)
    gpio.o                    gpio.s(321)
tmp1 (zeropage.o):
    ltoa.o                    common/ltoa.s(11)
    decaxy.o                  runtime/decaxy.s(8)
    _printf.o                 /home/grappendorf/cc65/asminc/zeropage.inc(13)
    strtoul.o                 ../libwrk/sim6502/strtoul.s(11)
    staxspi.o                 runtime/staxspi.s(9)
    staspidx.o                runtime/staspidx.s(9)
    shrax4.o                  runtime/shrax4.s(8)
    shl.o                     runtime/shl.s(16)
    or.o                      runtime/or.s(9)
    land.o                    runtime/land.s(9)
    ladd.o                    runtime/ladd.s(9)
    incaxy.o                  runtime/incaxy.s(8)
    copydata.o                common/copydata.s(9)
    asleax4.o                 runtime/asleax4.s(8)
    aslax2.o                  runtime/aslax2.s(8)
    aslax1.o                  runtime/aslax1.s(8)
    acia.o                    zeropage.inc65(5)
    utils.o                   zeropage.inc65(5)
tmp2 (zeropage.o):
    lmul.o                    runtime/lmul.s(9)
tmp3 (zeropage.o):
    lumod.o                   runtime/lumod.s(9)
    ludiv.o                   runtime/ludiv.s(9)
    lmul.o                    runtime/lmul.s(9)
tmp4 (zeropage.o):
    lumod.o                   runtime/lumod.s(9)
    ludiv.o                   runtime/ludiv.s(9)
    lmul.o                    runtime/lmul.s(9)
tmpstack (zeropage.o):
    acia.o                    zeropage.inc65(9)
tosaddax (add.o):
    shell.o                   shell.s(2050)
    shell.o                   shell.s(2050)
    shell.o                   shell.s(2050)
tosaddeax (ladd.o):
    strtoul.o                 ../libwrk/sim6502/strtoul.s(295)
    shell.o                   shell.s(2050)
tosand0ax (land.o):
    gpio.o                    gpio.s(321)
    gpio.o                    gpio.s(321)
    gpio.o                    gpio.s(321)
toseqeax (leq.o):
    strtoul.o                 ../libwrk/sim6502/strtoul.s(295)
    vga.o                     vga.s(550)
    shell.o                   shell.s(2050)
    shell.o                   shell.s(2050)
    shell.o                   shell.s(2050)
    shell.o                   shell.s(2050)
toslcmp (lcmp.o):
    lugt.o                    runtime/lugt.s(8)
    lult.o                    runtime/lult.s(8)
    lne.o                     runtime/lne.s(8)
    leq.o                     runtime/leq.s(8)
tosmula0 (mul8.o):
    shell.o                   shell.s(2050)
tosneeax (lne.o):
    shell.o                   shell.s(2050)
tosorax (or.o):
    ps2.o                     ps2.s(274)
tosudiveax (ludiv.o):
    strtoul.o                 ../libwrk/sim6502/strtoul.s(295)
tosugteax (lugt.o):
    strtoul.o                 ../libwrk/sim6502/strtoul.s(295)
tosulteax (lult.o):
    shell.o                   shell.s(2050)
    shell.o                   shell.s(2050)
tosumodeax (lumod.o):
    strtoul.o                 ../libwrk/sim6502/strtoul.s(295)
tosumuleax (lmul.o):
    strtoul.o                 ../libwrk/sim6502/strtoul.s(295)
udiv32 (ludiv.o):
    lumod.o                   runtime/lumod.s(8)
zerobss (zerobss.o):
    startup.o                 startup.s65(10)

