Modules list:
-------------
zeropage.o:
    ZEROPAGE          Offs=000000  Size=00002C  Align=00001  Fill=0000
interrupt.o:
    CODE              Offs=000000  Size=000093  Align=00001  Fill=0000
startup.o:
    VECTORS           Offs=000000  Size=000006  Align=00001  Fill=0000
    STARTUP           Offs=000000  Size=000023  Align=00001  Fill=0000
utils.o:
    CODE              Offs=000100  Size=000020  Align=00100  Fill=006D
acia.o:
    CODE              Offs=000120  Size=000072  Align=00001  Fill=0000
led.o:
    CODE              Offs=000192  Size=000027  Align=00001  Fill=0000
main.o:
    CODE              Offs=0001B9  Size=0000EE  Align=00001  Fill=0000
    RODATA            Offs=000000  Size=0000B8  Align=00001  Fill=0000
    DATA              Offs=000000  Size=000038  Align=00001  Fill=0000
uart.o:
    CODE              Offs=0002A7  Size=000174  Align=00001  Fill=0000
    RODATA            Offs=0000B8  Size=00000F  Align=00001  Fill=0000
    BSS               Offs=000000  Size=000202  Align=00001  Fill=0000
    DATA              Offs=000038  Size=000100  Align=00001  Fill=0000
gpio.o:
    CODE              Offs=00041B  Size=00024F  Align=00001  Fill=0000
shell.o:
    CODE              Offs=00066A  Size=000C85  Align=00001  Fill=0000
    RODATA            Offs=0000C7  Size=000349  Align=00001  Fill=0000
    BSS               Offs=000202  Size=000001  Align=00001  Fill=0000
    DATA              Offs=000138  Size=0002C4  Align=00001  Fill=0000
ps2.o:
    CODE              Offs=0012EF  Size=000173  Align=00001  Fill=0000
    RODATA            Offs=000410  Size=00001B  Align=00001  Fill=0000
    DATA              Offs=0003FC  Size=000028  Align=00001  Fill=0000
vga.o:
    CODE              Offs=001462  Size=00033B  Align=00001  Fill=0000
    RODATA            Offs=00042B  Size=000083  Align=00001  Fill=0000
    DATA              Offs=000424  Size=000028  Align=00001  Fill=0000
cc65.lib(_hextab.o):
    RODATA            Offs=0004AE  Size=000010  Align=00001  Fill=0000
cc65.lib(_longminstr.o):
    RODATA            Offs=0004BE  Size=00000C  Align=00001  Fill=0000
cc65.lib(_printf.o):
    CODE              Offs=00179D  Size=0003A5  Align=00001  Fill=0000
    BSS               Offs=000203  Size=00002B  Align=00001  Fill=0000
    DATA              Offs=00044C  Size=000003  Align=00001  Fill=0000
cc65.lib(_seterrno.o):
    CODE              Offs=001B42  Size=000009  Align=00001  Fill=0000
cc65.lib(add.o):
    CODE              Offs=001B4B  Size=00001A  Align=00001  Fill=0000
cc65.lib(addeqsp.o):
    CODE              Offs=001B65  Size=000011  Align=00001  Fill=0000
cc65.lib(addysp.o):
    CODE              Offs=001B76  Size=00000E  Align=00001  Fill=0000
cc65.lib(aslax1.o):
    CODE              Offs=001B84  Size=000008  Align=00001  Fill=0000
cc65.lib(aslax2.o):
    CODE              Offs=001B8C  Size=00000B  Align=00001  Fill=0000
cc65.lib(asleax4.o):
    CODE              Offs=001B97  Size=000011  Align=00001  Fill=0000
cc65.lib(axlong.o):
    CODE              Offs=001BA8  Size=000012  Align=00001  Fill=0000
cc65.lib(call.o):
    CODE              Offs=001BBA  Size=000007  Align=00001  Fill=0000
cc65.lib(condes.o):
    CODE              Offs=001BC1  Size=00000C  Align=00001  Fill=0000
    DATA              Offs=00044F  Size=000025  Align=00001  Fill=0000
    INIT              Offs=000000  Size=00000C  Align=00001  Fill=0000
cc65.lib(copydata.o):
    CODE              Offs=001BCD  Size=00002D  Align=00001  Fill=0000
cc65.lib(ctype.o):
    RODATA            Offs=0004CA  Size=000100  Align=00001  Fill=0000
cc65.lib(decax1.o):
    CODE              Offs=001BFA  Size=000007  Align=00001  Fill=0000
cc65.lib(decax2.o):
    CODE              Offs=001C01  Size=000007  Align=00001  Fill=0000
cc65.lib(decaxy.o):
    CODE              Offs=001C08  Size=000009  Align=00001  Fill=0000
cc65.lib(decsp1.o):
    CODE              Offs=001C11  Size=000009  Align=00001  Fill=0000
cc65.lib(decsp2.o):
    CODE              Offs=001C1A  Size=00000D  Align=00001  Fill=0000
cc65.lib(decsp3.o):
    CODE              Offs=001C27  Size=00000D  Align=00001  Fill=0000
cc65.lib(decsp4.o):
    CODE              Offs=001C34  Size=00000D  Align=00001  Fill=0000
cc65.lib(decsp6.o):
    CODE              Offs=001C41  Size=00000D  Align=00001  Fill=0000
cc65.lib(decsp7.o):
    CODE              Offs=001C4E  Size=00000D  Align=00001  Fill=0000
cc65.lib(decsp8.o):
    CODE              Offs=001C5B  Size=00000D  Align=00001  Fill=0000
cc65.lib(enter.o):
    CODE              Offs=001C68  Size=00000E  Align=00001  Fill=0000
cc65.lib(errno.o):
    BSS               Offs=00022E  Size=000002  Align=00001  Fill=0000
cc65.lib(incax1.o):
    CODE              Offs=001C76  Size=000007  Align=00001  Fill=0000
cc65.lib(incax2.o):
    CODE              Offs=001C7D  Size=000007  Align=00001  Fill=0000
cc65.lib(incax3.o):
    CODE              Offs=001C84  Size=000005  Align=00001  Fill=0000
cc65.lib(incax5.o):
    CODE              Offs=001C89  Size=000005  Align=00001  Fill=0000
cc65.lib(incax8.o):
    CODE              Offs=001C8E  Size=000005  Align=00001  Fill=0000
cc65.lib(incaxy.o):
    CODE              Offs=001C93  Size=00000B  Align=00001  Fill=0000
cc65.lib(incsp1.o):
    CODE              Offs=001C9E  Size=000007  Align=00001  Fill=0000
cc65.lib(incsp2.o):
    CODE              Offs=001CA5  Size=000016  Align=00001  Fill=0000
cc65.lib(incsp3.o):
    CODE              Offs=001CBB  Size=000005  Align=00001  Fill=0000
cc65.lib(incsp4.o):
    CODE              Offs=001CC0  Size=000005  Align=00001  Fill=0000
cc65.lib(incsp6.o):
    CODE              Offs=001CC5  Size=000005  Align=00001  Fill=0000
cc65.lib(incsp7.o):
    CODE              Offs=001CCA  Size=000005  Align=00001  Fill=0000
cc65.lib(isdigit.o):
    CODE              Offs=001CCF  Size=00000F  Align=00001  Fill=0000
cc65.lib(islower.o):
    CODE              Offs=001CDE  Size=00000F  Align=00001  Fill=0000
cc65.lib(isspace.o):
    CODE              Offs=001CED  Size=00000F  Align=00001  Fill=0000
cc65.lib(isupper.o):
    CODE              Offs=001CFC  Size=00000F  Align=00001  Fill=0000
cc65.lib(ladd.o):
    CODE              Offs=001D0B  Size=000025  Align=00001  Fill=0000
cc65.lib(land.o):
    CODE              Offs=001D30  Size=000024  Align=00001  Fill=0000
cc65.lib(lcmp.o):
    CODE              Offs=001D54  Size=00003B  Align=00001  Fill=0000
cc65.lib(ldaxi.o):
    CODE              Offs=001D8F  Size=00000D  Align=00001  Fill=0000
cc65.lib(ldaxsp.o):
    CODE              Offs=001D9C  Size=000009  Align=00001  Fill=0000
cc65.lib(ldeaxi.o):
    CODE              Offs=001DA5  Size=000017  Align=00001  Fill=0000
cc65.lib(ldeaxysp.o):
    CODE              Offs=001DBC  Size=000013  Align=00001  Fill=0000
cc65.lib(leaaxsp.o):
    CODE              Offs=001DCF  Size=00000C  Align=00001  Fill=0000
cc65.lib(leave.o):
    CODE              Offs=001DDB  Size=00001D  Align=00001  Fill=0000
cc65.lib(leq.o):
    CODE              Offs=001DF8  Size=000006  Align=00001  Fill=0000
cc65.lib(linc.o):
    CODE              Offs=001DFE  Size=000011  Align=00001  Fill=0000
cc65.lib(lmul.o):
    CODE              Offs=001E0F  Size=00005C  Align=00001  Fill=0000
cc65.lib(lne.o):
    CODE              Offs=001E6B  Size=000006  Align=00001  Fill=0000
cc65.lib(lneg.o):
    CODE              Offs=001E71  Size=00001E  Align=00001  Fill=0000
cc65.lib(lpush.o):
    CODE              Offs=001E8F  Size=000021  Align=00001  Fill=0000
cc65.lib(lsave.o):
    CODE              Offs=001EB0  Size=00001C  Align=00001  Fill=0000
cc65.lib(ltoa.o):
    CODE              Offs=001ECC  Size=0000AF  Align=00001  Fill=0000
cc65.lib(ludiv.o):
    CODE              Offs=001F7B  Size=00007A  Align=00001  Fill=0000
cc65.lib(lugt.o):
    CODE              Offs=001FF5  Size=000006  Align=00001  Fill=0000
cc65.lib(lult.o):
    CODE              Offs=001FFB  Size=000006  Align=00001  Fill=0000
cc65.lib(lumod.o):
    CODE              Offs=002001  Size=000019  Align=00001  Fill=0000
cc65.lib(makebool.o):
    CODE              Offs=00201A  Size=000031  Align=00001  Fill=0000
cc65.lib(memcpy.o):
    CODE              Offs=00204B  Size=000041  Align=00001  Fill=0000
cc65.lib(mul8.o):
    CODE              Offs=00208C  Size=00003A  Align=00001  Fill=0000
cc65.lib(mulax6.o):
    CODE              Offs=0020C6  Size=000016  Align=00001  Fill=0000
cc65.lib(or.o):
    CODE              Offs=0020DC  Size=000012  Align=00001  Fill=0000
cc65.lib(popsreg.o):
    CODE              Offs=0020EE  Size=000010  Align=00001  Fill=0000
cc65.lib(push1.o):
    CODE              Offs=0020FE  Size=000005  Align=00001  Fill=0000
cc65.lib(pusha.o):
    CODE              Offs=002103  Size=000016  Align=00001  Fill=0000
cc65.lib(pushax.o):
    CODE              Offs=002119  Size=00001A  Align=00001  Fill=0000
cc65.lib(pushw.o):
    CODE              Offs=002133  Size=00000F  Align=00001  Fill=0000
cc65.lib(pushwsp.o):
    CODE              Offs=002142  Size=00001C  Align=00001  Fill=0000
cc65.lib(shl.o):
    CODE              Offs=00215E  Size=000033  Align=00001  Fill=0000
cc65.lib(shrax4.o):
    CODE              Offs=002191  Size=000011  Align=00001  Fill=0000
cc65.lib(staspidx.o):
    CODE              Offs=0021A2  Size=000016  Align=00001  Fill=0000
cc65.lib(staxsp.o):
    CODE              Offs=0021B8  Size=00000B  Align=00001  Fill=0000
cc65.lib(staxspi.o):
    CODE              Offs=0021C3  Size=00001B  Align=00001  Fill=0000
cc65.lib(steaxsp.o):
    CODE              Offs=0021DE  Size=000015  Align=00001  Fill=0000
cc65.lib(strcmp.o):
    CODE              Offs=0021F3  Size=000027  Align=00001  Fill=0000
cc65.lib(strlen.o):
    CODE              Offs=00221A  Size=000016  Align=00001  Fill=0000
cc65.lib(strlower.o):
    CODE              Offs=002230  Size=000028  Align=00001  Fill=0000
cc65.lib(strtoul.o):
    CODE              Offs=002258  Size=000238  Align=00001  Fill=0000
cc65.lib(subeqsp.o):
    CODE              Offs=002490  Size=000015  Align=00001  Fill=0000
cc65.lib(subysp.o):
    CODE              Offs=0024A5  Size=00000D  Align=00001  Fill=0000
cc65.lib(vsnprintf.o):
    CODE              Offs=0024B2  Size=0000C8  Align=00001  Fill=0000
    DATA              Offs=000474  Size=000008  Align=00001  Fill=0000
cc65.lib(zerobss.o):
    INIT              Offs=00000C  Size=000023  Align=00001  Fill=0000


Segment list:
-------------
Name                   Start     End    Size  Align
----------------------------------------------------
ZEROPAGE              000000  00002B  00002C  00001
DATA                  000200  00067B  00047C  00001
BSS                   00067C  0008AB  000230  00001
STARTUP               00847C  00849E  000023  00001
INIT                  00849F  0084CD  00002F  00001
CODE                  008500  00AA79  00257A  00100
RODATA                00AA7A  00B043  0005CA  00001
VECTORS               00FFFA  00FFFF  000006  00001


Exports list by name:
---------------------
__BSS_RUN__               00067C RLA    __BSS_SIZE__              000230 REA    
__CONSTRUCTOR_COUNT__     000000 REA    __CONSTRUCTOR_TABLE__     00849F RLA    
__DATA_LOAD__             008000 RLA    __DATA_RUN__              000200 RLA    
__DATA_SIZE__             00047C REA    __DESTRUCTOR_COUNT__      000000 REA    
__DESTRUCTOR_TABLE__      00849F RLA    __RAM_SIZE__              007D00 REA    
__RAM_START__             000200 RLA    __STARTUP__               000001 REA    
__ctype                   00AF44 RLA    __errno                   0008AA RLA    
__hextab                  00AF28 RLA    __longminstr              00AF38 RLA    
__printf                  009D90 RLA    __seterrno                00A042 RLA    
_delay_ms                 008600 RLA    _gpio_init                00891B RLA    
_gpio_read                008ADA RLA    _gpio_write               008A17 RLA    
_hours                    000022 RLZ    _interrupted              00002B RLZ    
_isdigit                  00A1CF RLA    _islower                  00A1DE RLA    
_isspace                  00A1ED RLA    _isupper                  00A1FC RLA    
_jiffies                  00001F RLZ    _led_init                 008692 RLA    
_led_set                  0086A3 RLA    _ltoa                     00A3E8 RLA    
_main                     0086C3 RLA    _mdelay                   0086B9 RLA    
_memcpy                   00A54B RLA    _millis                   00001B RLZ    
_minutes                  000021 RLZ    _ps2_process              0097EF RLA    
_seconds                  000020 RLZ    _shell                    009722 RLA    
_strcmp                   00A6F3 RLA    _strlen                   00A71A RLA    
_strlower                 00A730 RLA    _strtoul                  00A758 RLA    
_uart_handler             008887 RLA    _uart_init                0087A7 RLA    
_uart_printf              008834 RLA    _uart_puts                0087F2 RLA    
_ultoa                    00A43F RLA    _vga_ctrl                 009962 RLA    
_vsnprintf                00A9B2 RLA    addeqysp                  00A067 RLA    
addysp                    00A077 RLA    addysp1                   00A076 RLA    
aslax1                    00A084 RLA    aslax2                    00A08C RLA    
aslaxy                    00A665 RLA    axlong                    00A0AF RLA    
axulong                   00A0A8 RLA    booleq                    00A520 RLA    
boolne                    00A51A RLA    boolugt                   00A53E RLA    
boolult                   00A538 RLA    callax                    00A0BA RLA    
copydata                  00A0CD RLA    decax1                    00A0FA RLA    
decax2                    00A101 RLA    decaxy                    00A108 RLA    
decsp1                    00A111 RLA    decsp2                    00A11A RLA    
decsp3                    00A127 RLA    decsp4                    00A134 RLA    
decsp6                    00A141 RLA    decsp7                    00A14E RLA    
decsp8                    00A15B RLA    donelib                   00A0C1 RLA    
enter                     00A168 RLA    getlop                    00A48C RLA    
incax1                    00A176 RLA    incax2                    00A17D RLA    
incax3                    00A184 RLA    incax5                    00A189 RLA    
incax8                    00A18E RLA    incaxy                    00A195 RLA    
inceaxy                   00A2FE RLA    incsp1                    00A19E RLA    
incsp2                    00A1AD RLA    incsp3                    00A1BB RLA    
incsp4                    00A1C0 RLA    incsp6                    00A1C5 RLA    
incsp7                    00A1CA RLA    initlib                   00849F RLA    
irq_handler               008530 RLA    irq_init                  008500 RLA    
ldax0sp                   00A29C RLA    ldaxidx                   00A291 RLA    
ldaxysp                   00A29E RLA    ldeax0sp                  00A2BC RLA    
ldeaxi                    00A2A5 RLA    ldeaxidx                  00A2A7 RLA    
ldeaxysp                  00A2BE RLA    leaa0sp                   00A2CF RLA    
leavey                    00A2E5 RLA    mulax6                    00A5C6 RLA    
negeax                    00A371 RLA    nmi_handler               008529 RLA    
popax                     00A1A5 RLA    popsreg                   00A5EE RLA    
ptr1                      000008 RLZ    ptr2                      00000A RLZ    
ptr3                      00000C RLZ    ptr4                      00000E RLZ    
push0                     00A619 RLA    push0ax                   00A392 RLA    
push1                     00A5FE RLA    pusha                     00A607 RLA    
pusha0                    00A61B RLA    pushax                    00A61D RLA    
pusheax                   00A398 RLA    pushl0                    00A38F RLA    
pushw                     00A633 RLA    pushw0sp                  00A642 RLA    
pushwidx                  00A635 RLA    pushwysp                  00A644 RLA    
regbank                   000014 RLZ    regsave                   000004 RLZ    
resteax                   00A3BF RLA    saveeax                   00A3B0 RLA    
shleax4                   00A097 RLA    shrax4                    00A691 RLA    
sp                        000000 RLZ    sreg                      000002 RLZ    
staspidx                  00A6A2 RLA    stax0sp                   00A6B8 RLA    
staxspidx                 00A6C3 RLA    staxysp                   00A6BA RLA    
steax0sp                  00A6DE RLA    steaxysp                  00A6E0 RLA    
subeq0sp                  00A990 RLA    subysp                    00A9A5 RLA    
tmp1                      000010 RLZ    tmp2                      000011 RLZ    
tmp3                      000012 RLZ    tmp4                      000013 RLZ    
tmpstack                  00001A RLZ    tosaddax                  00A04D RLA    
tosaddeax                 00A211 RLA    tosand0ax                 00A230 RLA    
toseqeax                  00A2F8 RLA    toslcmp                   00A254 RLA    
tosmula0                  00A58C RLA    tosneeax                  00A36B RLA    
tosorax                   00A5DE RLA    tosudiveax                00A481 RLA    
tosugteax                 00A4F5 RLA    tosulteax                 00A4FB RLA    
tosumodeax                00A507 RLA    tosumuleax                00A315 RLA    
udiv32                    00A4B0 RLA    zerobss                   0084AB RLA    



Exports list by value:
----------------------
__CONSTRUCTOR_COUNT__     000000 REA    __DESTRUCTOR_COUNT__      000000 REA    
sp                        000000 RLZ    __STARTUP__               000001 REA    
sreg                      000002 RLZ    regsave                   000004 RLZ    
ptr1                      000008 RLZ    ptr2                      00000A RLZ    
ptr3                      00000C RLZ    ptr4                      00000E RLZ    
tmp1                      000010 RLZ    tmp2                      000011 RLZ    
tmp3                      000012 RLZ    tmp4                      000013 RLZ    
regbank                   000014 RLZ    tmpstack                  00001A RLZ    
_millis                   00001B RLZ    _jiffies                  00001F RLZ    
_seconds                  000020 RLZ    _minutes                  000021 RLZ    
_hours                    000022 RLZ    _interrupted              00002B RLZ    
__DATA_RUN__              000200 RLA    __RAM_START__             000200 RLA    
__BSS_SIZE__              000230 REA    __DATA_SIZE__             00047C REA    
__BSS_RUN__               00067C RLA    __errno                   0008AA RLA    
__RAM_SIZE__              007D00 REA    __DATA_LOAD__             008000 RLA    
__CONSTRUCTOR_TABLE__     00849F RLA    __DESTRUCTOR_TABLE__      00849F RLA    
initlib                   00849F RLA    zerobss                   0084AB RLA    
irq_init                  008500 RLA    nmi_handler               008529 RLA    
irq_handler               008530 RLA    _delay_ms                 008600 RLA    
_led_init                 008692 RLA    _led_set                  0086A3 RLA    
_mdelay                   0086B9 RLA    _main                     0086C3 RLA    
_uart_init                0087A7 RLA    _uart_puts                0087F2 RLA    
_uart_printf              008834 RLA    _uart_handler             008887 RLA    
_gpio_init                00891B RLA    _gpio_write               008A17 RLA    
_gpio_read                008ADA RLA    _shell                    009722 RLA    
_ps2_process              0097EF RLA    _vga_ctrl                 009962 RLA    
__printf                  009D90 RLA    __seterrno                00A042 RLA    
tosaddax                  00A04D RLA    addeqysp                  00A067 RLA    
addysp1                   00A076 RLA    addysp                    00A077 RLA    
aslax1                    00A084 RLA    aslax2                    00A08C RLA    
shleax4                   00A097 RLA    axulong                   00A0A8 RLA    
axlong                    00A0AF RLA    callax                    00A0BA RLA    
donelib                   00A0C1 RLA    copydata                  00A0CD RLA    
decax1                    00A0FA RLA    decax2                    00A101 RLA    
decaxy                    00A108 RLA    decsp1                    00A111 RLA    
decsp2                    00A11A RLA    decsp3                    00A127 RLA    
decsp4                    00A134 RLA    decsp6                    00A141 RLA    
decsp7                    00A14E RLA    decsp8                    00A15B RLA    
enter                     00A168 RLA    incax1                    00A176 RLA    
incax2                    00A17D RLA    incax3                    00A184 RLA    
incax5                    00A189 RLA    incax8                    00A18E RLA    
incaxy                    00A195 RLA    incsp1                    00A19E RLA    
popax                     00A1A5 RLA    incsp2                    00A1AD RLA    
incsp3                    00A1BB RLA    incsp4                    00A1C0 RLA    
incsp6                    00A1C5 RLA    incsp7                    00A1CA RLA    
_isdigit                  00A1CF RLA    _islower                  00A1DE RLA    
_isspace                  00A1ED RLA    _isupper                  00A1FC RLA    
tosaddeax                 00A211 RLA    tosand0ax                 00A230 RLA    
toslcmp                   00A254 RLA    ldaxidx                   00A291 RLA    
ldax0sp                   00A29C RLA    ldaxysp                   00A29E RLA    
ldeaxi                    00A2A5 RLA    ldeaxidx                  00A2A7 RLA    
ldeax0sp                  00A2BC RLA    ldeaxysp                  00A2BE RLA    
leaa0sp                   00A2CF RLA    leavey                    00A2E5 RLA    
toseqeax                  00A2F8 RLA    inceaxy                   00A2FE RLA    
tosumuleax                00A315 RLA    tosneeax                  00A36B RLA    
negeax                    00A371 RLA    pushl0                    00A38F RLA    
push0ax                   00A392 RLA    pusheax                   00A398 RLA    
saveeax                   00A3B0 RLA    resteax                   00A3BF RLA    
_ltoa                     00A3E8 RLA    _ultoa                    00A43F RLA    
tosudiveax                00A481 RLA    getlop                    00A48C RLA    
udiv32                    00A4B0 RLA    tosugteax                 00A4F5 RLA    
tosulteax                 00A4FB RLA    tosumodeax                00A507 RLA    
boolne                    00A51A RLA    booleq                    00A520 RLA    
boolult                   00A538 RLA    boolugt                   00A53E RLA    
_memcpy                   00A54B RLA    tosmula0                  00A58C RLA    
mulax6                    00A5C6 RLA    tosorax                   00A5DE RLA    
popsreg                   00A5EE RLA    push1                     00A5FE RLA    
pusha                     00A607 RLA    push0                     00A619 RLA    
pusha0                    00A61B RLA    pushax                    00A61D RLA    
pushw                     00A633 RLA    pushwidx                  00A635 RLA    
pushw0sp                  00A642 RLA    pushwysp                  00A644 RLA    
aslaxy                    00A665 RLA    shrax4                    00A691 RLA    
staspidx                  00A6A2 RLA    stax0sp                   00A6B8 RLA    
staxysp                   00A6BA RLA    staxspidx                 00A6C3 RLA    
steax0sp                  00A6DE RLA    steaxysp                  00A6E0 RLA    
_strcmp                   00A6F3 RLA    _strlen                   00A71A RLA    
_strlower                 00A730 RLA    _strtoul                  00A758 RLA    
subeq0sp                  00A990 RLA    subysp                    00A9A5 RLA    
_vsnprintf                00A9B2 RLA    __hextab                  00AF28 RLA    
__longminstr              00AF38 RLA    __ctype                   00AF44 RLA    



Imports list:
-------------
__BSS_RUN__ ([linker generated]):
    zerobss.o                 common/zerobss.s(8)
__BSS_SIZE__ ([linker generated]):
    zerobss.o                 common/zerobss.s(8)
__CONSTRUCTOR_COUNT__ ([linker generated]):
    condes.o                  runtime/condes.s(18)
__CONSTRUCTOR_TABLE__ ([linker generated]):
    condes.o                  runtime/condes.s(18)
__DATA_LOAD__ ([linker generated]):
    copydata.o                common/copydata.s(8)
__DATA_RUN__ ([linker generated]):
    copydata.o                common/copydata.s(8)
__DATA_SIZE__ ([linker generated]):
    copydata.o                common/copydata.s(8)
__DESTRUCTOR_COUNT__ ([linker generated]):
    condes.o                  runtime/condes.s(19)
__DESTRUCTOR_TABLE__ ([linker generated]):
    condes.o                  runtime/condes.s(19)
__RAM_SIZE__ ([linker generated]):
    startup.o                 startup.s65(8)
__RAM_START__ ([linker generated]):
    startup.o                 startup.s65(7)
__STARTUP__ (startup.o):
    main.o                    main.s(13)
__ctype (ctype.o):
    strlower.o                common/strlower.s(13)
    isupper.o                 /home/grappendorf/cc65/asminc/ctype.inc(9)
    isspace.o                 /home/grappendorf/cc65/asminc/ctype.inc(9)
    islower.o                 /home/grappendorf/cc65/asminc/ctype.inc(9)
    isdigit.o                 /home/grappendorf/cc65/asminc/ctype.inc(9)
__errno (errno.o):
    _seterrno.o               /home/grappendorf/cc65/asminc/errno.inc(7)
__hextab (_hextab.o):
    ltoa.o                    common/ltoa.s(10)
__longminstr (_longminstr.o):
    ltoa.o                    common/ltoa.s(10)
__printf (_printf.o):
    vsnprintf.o               common/vsnprintf.s(9)
__seterrno (_seterrno.o):
    strtoul.o                 ../libwrk/sim6502/strtoul.s(17)
_delay_ms (utils.o):
    main.o                    main.s(16)
_gpio_init (gpio.o):
    vga.o                     vga.s(14)
    ps2.o                     ps2.s(14)
    shell.o                   shell.s(18)
_gpio_read (gpio.o):
    vga.o                     vga.s(16)
    ps2.o                     ps2.s(16)
    shell.o                   shell.s(20)
_gpio_write (gpio.o):
    vga.o                     vga.s(15)
    ps2.o                     ps2.s(15)
    shell.o                   shell.s(19)
_hours (zeropage.o):
    interrupt.o               zeropage.inc65(18)
_interrupted (zeropage.o):
    interrupt.o               zeropage.inc65(27)
_isdigit (isdigit.o):
    strtoul.o                 ../libwrk/sim6502/strtoul.s(13)
_islower (islower.o):
    strtoul.o                 ../libwrk/sim6502/strtoul.s(14)
_isspace (isspace.o):
    strtoul.o                 ../libwrk/sim6502/strtoul.s(15)
_isupper (isupper.o):
    strtoul.o                 ../libwrk/sim6502/strtoul.s(16)
_jiffies (zeropage.o):
    interrupt.o               zeropage.inc65(15)
_led_init (led.o):
    main.o                    main.s(14)
_led_set (led.o):
    main.o                    main.s(15)
_ltoa (ltoa.o):
    _printf.o                 common/_printf.s(12)
_main (main.o):
    startup.o                 startup.s65(9)
_mdelay (main.o):
    vga.o                     vga.s(17)
    ps2.o                     ps2.s(17)
_memcpy (memcpy.o):
    vsnprintf.o               common/vsnprintf.s(9)
_millis (zeropage.o):
    interrupt.o               zeropage.inc65(14)
_minutes (zeropage.o):
    interrupt.o               zeropage.inc65(17)
_ps2_process (ps2.o):
    shell.o                   shell.s(21)
_seconds (zeropage.o):
    interrupt.o               zeropage.inc65(16)
_shell (shell.o):
    uart.o                    uart.s(20)
_strcmp (strcmp.o):
    shell.o                   shell.s(14)
_strlen (strlen.o):
    _printf.o                 common/_printf.s(13)
    shell.o                   shell.s(15)
_strlower (strlower.o):
    _printf.o                 common/_printf.s(13)
_strtoul (strtoul.o):
    shell.o                   shell.s(13)
_uart_handler (uart.o):
    main.o                    main.s(20)
_uart_init (uart.o):
    main.o                    main.s(17)
_uart_printf (uart.o):
    vga.o                     vga.s(13)
    ps2.o                     ps2.s(13)
    shell.o                   shell.s(17)
    main.o                    main.s(19)
_uart_puts (uart.o):
    main.o                    main.s(18)
_ultoa (ltoa.o):
    _printf.o                 common/_printf.s(12)
_vga_ctrl (vga.o):
    shell.o                   shell.s(22)
_vsnprintf (vsnprintf.o):
    uart.o                    uart.s(13)
addeqysp (addeqsp.o):
    strtoul.o                 ../libwrk/sim6502/strtoul.s(295)
addysp (addysp.o):
    strtoul.o                 ../libwrk/sim6502/strtoul.s(295)
    leave.o                   runtime/leave.s(13)
    incsp7.o                  runtime/incsp7.s(8)
    incsp6.o                  runtime/incsp6.s(8)
    incsp4.o                  runtime/incsp4.s(8)
    incsp3.o                  runtime/incsp3.s(8)
    shell.o                   shell.s(1864)
    shell.o                   shell.s(1864)
    shell.o                   shell.s(1864)
    shell.o                   shell.s(1864)
    shell.o                   shell.s(1864)
    shell.o                   shell.s(1864)
    gpio.o                    gpio.s(321)
    gpio.o                    gpio.s(321)
    gpio.o                    gpio.s(321)
addysp1 (addysp.o):
    ludiv.o                   runtime/ludiv.s(8)
    lmul.o                    runtime/lmul.s(8)
    or.o                      runtime/or.s(8)
    land.o                    runtime/land.s(8)
    ladd.o                    runtime/ladd.s(8)
aslax1 (aslax1.o):
    shell.o                   shell.s(1864)
    shell.o                   shell.s(1864)
    shell.o                   shell.s(1864)
aslax2 (aslax2.o):
    vga.o                     vga.s(451)
    vga.o                     vga.s(451)
    ps2.o                     ps2.s(239)
    ps2.o                     ps2.s(239)
aslaxy (shl.o):
    vga.o                     vga.s(451)
    ps2.o                     ps2.s(239)
    gpio.o                    gpio.s(321)
    gpio.o                    gpio.s(321)
    gpio.o                    gpio.s(321)
axlong (axlong.o):
    _printf.o                 common/_printf.s(11)
    strtoul.o                 ../libwrk/sim6502/strtoul.s(295)
    uart.o                    uart.s(279)
axulong (axlong.o):
    _printf.o                 common/_printf.s(11)
    strtoul.o                 ../libwrk/sim6502/strtoul.s(295)
    shell.o                   shell.s(1864)
    shell.o                   shell.s(1864)
    shell.o                   shell.s(1864)
booleq (makebool.o):
    leq.o                     runtime/leq.s(8)
boolne (makebool.o):
    lne.o                     runtime/lne.s(8)
boolugt (makebool.o):
    lugt.o                    runtime/lugt.s(8)
boolult (makebool.o):
    lult.o                    runtime/lult.s(8)
callax (call.o):
    shell.o                   shell.s(1864)
    shell.o                   shell.s(1864)
copydata (copydata.o):
    startup.o                 startup.s65(11)
decax1 (decax1.o):
    main.o                    main.s(186)
decax2 (decax2.o):
    shell.o                   shell.s(1864)
decaxy (decaxy.o):
    strtoul.o                 ../libwrk/sim6502/strtoul.s(295)
decsp1 (decsp1.o):
    vga.o                     vga.s(451)
    vga.o                     vga.s(451)
    ps2.o                     ps2.s(239)
    ps2.o                     ps2.s(239)
    ps2.o                     ps2.s(239)
    uart.o                    uart.s(279)
    uart.o                    uart.s(279)
    uart.o                    uart.s(279)
decsp2 (decsp2.o):
    shell.o                   shell.s(1864)
    uart.o                    uart.s(279)
    uart.o                    uart.s(279)
decsp3 (decsp3.o):
    shell.o                   shell.s(1864)
    shell.o                   shell.s(1864)
decsp4 (decsp4.o):
    lpush.o                   runtime/lpush.s(11)
    shell.o                   shell.s(1864)
    shell.o                   shell.s(1864)
decsp6 (decsp6.o):
    _printf.o                 common/_printf.s(11)
    strtoul.o                 ../libwrk/sim6502/strtoul.s(295)
    uart.o                    uart.s(279)
decsp7 (decsp7.o):
    shell.o                   shell.s(1864)
decsp8 (decsp8.o):
    shell.o                   shell.s(1864)
    shell.o                   shell.s(1864)
donelib (condes.o):
    startup.o                 startup.s65(13)
enter (enter.o):
    vga.o                     vga.s(451)
    uart.o                    uart.s(279)
getlop (ludiv.o):
    lumod.o                   runtime/lumod.s(8)
incax1 (incax1.o):
    shell.o                   shell.s(1864)
    shell.o                   shell.s(1864)
    gpio.o                    gpio.s(321)
    gpio.o                    gpio.s(321)
    gpio.o                    gpio.s(321)
    uart.o                    uart.s(279)
    uart.o                    uart.s(279)
incax2 (incax2.o):
    shell.o                   shell.s(1864)
    gpio.o                    gpio.s(321)
    gpio.o                    gpio.s(321)
    gpio.o                    gpio.s(321)
incax3 (incax3.o):
    gpio.o                    gpio.s(321)
    gpio.o                    gpio.s(321)
    gpio.o                    gpio.s(321)
incax5 (incax5.o):
    uart.o                    uart.s(279)
incax8 (incax8.o):
    vga.o                     vga.s(451)
incaxy (incaxy.o):
    incax8.o                  runtime/incax8.s(8)
    incax5.o                  runtime/incax5.s(8)
    incax3.o                  runtime/incax3.s(8)
    vga.o                     vga.s(451)
    uart.o                    uart.s(279)
inceaxy (linc.o):
    shell.o                   shell.s(1864)
    shell.o                   shell.s(1864)
    shell.o                   shell.s(1864)
    shell.o                   shell.s(1864)
    shell.o                   shell.s(1864)
incsp1 (incsp1.o):
    vga.o                     vga.s(451)
    ps2.o                     ps2.s(239)
    shell.o                   shell.s(1864)
    uart.o                    uart.s(279)
    uart.o                    uart.s(279)
incsp2 (incsp2.o):
    vsnprintf.o               common/vsnprintf.s(8)
    staxspi.o                 runtime/staxspi.s(8)
    staspidx.o                runtime/staspidx.s(8)
    popsreg.o                 runtime/popsreg.s(8)
    vga.o                     vga.s(451)
    ps2.o                     ps2.s(239)
    shell.o                   shell.s(1864)
    uart.o                    uart.s(279)
    uart.o                    uart.s(279)
    main.o                    main.s(186)
incsp3 (incsp3.o):
    shell.o                   shell.s(1864)
    shell.o                   shell.s(1864)
incsp4 (incsp4.o):
    lcmp.o                    runtime/lcmp.s(9)
    shell.o                   shell.s(1864)
    shell.o                   shell.s(1864)
    uart.o                    uart.s(279)
incsp6 (incsp6.o):
    vsnprintf.o               common/vsnprintf.s(8)
    shell.o                   shell.s(1864)
incsp7 (incsp7.o):
    shell.o                   shell.s(1864)
initlib (condes.o):
    startup.o                 startup.s65(12)
irq_handler (interrupt.o):
    startup.o                 startup.s65(15)
irq_init (interrupt.o):
    startup.o                 startup.s65(16)
ldax0sp (ldaxsp.o):
    shell.o                   shell.s(1864)
    uart.o                    uart.s(279)
    main.o                    main.s(186)
ldaxidx (ldaxi.o):
    shell.o                   shell.s(1864)
ldaxysp (ldaxsp.o):
    vsnprintf.o               common/vsnprintf.s(8)
    strtoul.o                 ../libwrk/sim6502/strtoul.s(295)
    shell.o                   shell.s(1864)
    shell.o                   shell.s(1864)
    shell.o                   shell.s(1864)
    shell.o                   shell.s(1864)
    shell.o                   shell.s(1864)
    shell.o                   shell.s(1864)
    shell.o                   shell.s(1864)
    shell.o                   shell.s(1864)
    shell.o                   shell.s(1864)
    gpio.o                    gpio.s(321)
    gpio.o                    gpio.s(321)
    gpio.o                    gpio.s(321)
    uart.o                    uart.s(279)
ldeax0sp (ldeaxysp.o):
    shell.o                   shell.s(1864)
    shell.o                   shell.s(1864)
    shell.o                   shell.s(1864)
    shell.o                   shell.s(1864)
ldeaxi (ldeaxi.o):
    vga.o                     vga.s(451)
    vga.o                     vga.s(451)
    vga.o                     vga.s(451)
    ps2.o                     ps2.s(239)
    ps2.o                     ps2.s(239)
ldeaxidx (ldeaxi.o):
    shell.o                   shell.s(1864)
ldeaxysp (ldeaxysp.o):
    strtoul.o                 ../libwrk/sim6502/strtoul.s(295)
    vga.o                     vga.s(451)
    shell.o                   shell.s(1864)
    shell.o                   shell.s(1864)
    shell.o                   shell.s(1864)
    shell.o                   shell.s(1864)
    shell.o                   shell.s(1864)
    shell.o                   shell.s(1864)
    shell.o                   shell.s(1864)
    gpio.o                    gpio.s(321)
    gpio.o                    gpio.s(321)
    gpio.o                    gpio.s(321)
leaa0sp (leaaxsp.o):
    vga.o                     vga.s(451)
    shell.o                   shell.s(1864)
    uart.o                    uart.s(279)
leavey (leave.o):
    vga.o                     vga.s(451)
    uart.o                    uart.s(279)
mulax6 (mulax6.o):
    shell.o                   shell.s(1864)
    shell.o                   shell.s(1864)
    shell.o                   shell.s(1864)
negeax (lneg.o):
    strtoul.o                 ../libwrk/sim6502/strtoul.s(295)
nmi_handler (interrupt.o):
    startup.o                 startup.s65(14)
popax (incsp2.o):
    memcpy.o                  common/memcpy.s(14)
    ltoa.o                    common/ltoa.s(9)
    _printf.o                 common/_printf.s(11)
    vsnprintf.o               common/vsnprintf.s(8)
    strcmp.o                  common/strcmp.s(8)
    shl.o                     runtime/shl.s(15)
    acia.o                    acia.s65(12)
popsreg (popsreg.o):
    mul8.o                    runtime/mul8.s(9)
ptr1 (zeropage.o):
    strlower.o                common/strlower.s(14)
    memcpy.o                  common/memcpy.s(15)
    ludiv.o                   runtime/ludiv.s(9)
    ltoa.o                    common/ltoa.s(11)
    lmul.o                    runtime/lmul.s(9)
    lcmp.o                    runtime/lcmp.s(10)
    _printf.o                 /home/grappendorf/cc65/asminc/zeropage.inc(12)
    zerobss.o                 common/zerobss.s(9)
    vsnprintf.o               common/vsnprintf.s(10)
    strlen.o                  common/strlen.s(8)
    strcmp.o                  common/strcmp.s(9)
    staxspi.o                 runtime/staxspi.s(9)
    staspidx.o                runtime/staspidx.s(9)
    pushw.o                   runtime/pushw.s(9)
    mulax6.o                  runtime/mulax6.s(9)
    ldeaxi.o                  runtime/ldeaxi.s(8)
    ldaxi.o                   runtime/ldaxi.s(8)
    copydata.o                common/copydata.s(9)
    call.o                    runtime/call.s(8)
    vga.o                     vga.s(11)
    ps2.o                     ps2.s(11)
    shell.o                   shell.s(11)
    gpio.o                    gpio.s(11)
    uart.o                    uart.s(11)
    acia.o                    zeropage.inc65(10)
ptr2 (zeropage.o):
    strlower.o                common/strlower.s(14)
    memcpy.o                  common/memcpy.s(15)
    lumod.o                   runtime/lumod.s(9)
    ludiv.o                   runtime/ludiv.s(9)
    ltoa.o                    common/ltoa.s(11)
    _printf.o                 /home/grappendorf/cc65/asminc/zeropage.inc(12)
    strcmp.o                  common/strcmp.s(9)
    copydata.o                common/copydata.s(9)
ptr3 (zeropage.o):
    memcpy.o                  common/memcpy.s(15)
    ludiv.o                   runtime/ludiv.s(9)
    ltoa.o                    common/ltoa.s(11)
    lmul.o                    runtime/lmul.s(9)
ptr4 (zeropage.o):
    ludiv.o                   runtime/ludiv.s(9)
    lmul.o                    runtime/lmul.s(9)
    mul8.o                    runtime/mul8.s(10)
    linc.o                    runtime/linc.s(8)
push0 (pushax.o):
    strtoul.o                 ../libwrk/sim6502/strtoul.s(295)
    shell.o                   shell.s(1864)
    shell.o                   shell.s(1864)
    shell.o                   shell.s(1864)
    shell.o                   shell.s(1864)
    shell.o                   shell.s(1864)
    shell.o                   shell.s(1864)
push0ax (lpush.o):
    shell.o                   shell.s(1864)
    shell.o                   shell.s(1864)
push1 (push1.o):
    _printf.o                 common/_printf.s(11)
pusha (pusha.o):
    strtoul.o                 ../libwrk/sim6502/strtoul.s(295)
    vga.o                     vga.s(451)
    vga.o                     vga.s(451)
    vga.o                     vga.s(451)
    ps2.o                     ps2.s(239)
    ps2.o                     ps2.s(239)
    shell.o                   shell.s(1864)
    shell.o                   shell.s(1864)
    uart.o                    uart.s(279)
    uart.o                    uart.s(279)
pusha0 (pushax.o):
    push1.o                   runtime/push1.s(8)
    vga.o                     vga.s(451)
    vga.o                     vga.s(451)
    ps2.o                     ps2.s(239)
    ps2.o                     ps2.s(239)
    shell.o                   shell.s(1864)
    shell.o                   shell.s(1864)
    shell.o                   shell.s(1864)
    shell.o                   shell.s(1864)
    shell.o                   shell.s(1864)
    main.o                    main.s(186)
pushax (pushax.o):
    _printf.o                 common/_printf.s(11)
    strtoul.o                 ../libwrk/sim6502/strtoul.s(295)
    pushw.o                   runtime/pushw.s(8)
    vga.o                     vga.s(451)
    vga.o                     vga.s(451)
    ps2.o                     ps2.s(239)
    shell.o                   shell.s(1864)
    shell.o                   shell.s(1864)
    shell.o                   shell.s(1864)
    shell.o                   shell.s(1864)
    shell.o                   shell.s(1864)
    shell.o                   shell.s(1864)
    shell.o                   shell.s(1864)
    shell.o                   shell.s(1864)
    shell.o                   shell.s(1864)
    shell.o                   shell.s(1864)
    shell.o                   shell.s(1864)
    uart.o                    uart.s(279)
    uart.o                    uart.s(279)
    main.o                    main.s(186)
pusheax (lpush.o):
    _printf.o                 common/_printf.s(11)
    strtoul.o                 ../libwrk/sim6502/strtoul.s(295)
    vga.o                     vga.s(451)
    vga.o                     vga.s(451)
    vga.o                     vga.s(451)
    ps2.o                     ps2.s(239)
    ps2.o                     ps2.s(239)
    shell.o                   shell.s(1864)
    shell.o                   shell.s(1864)
    shell.o                   shell.s(1864)
    shell.o                   shell.s(1864)
    shell.o                   shell.s(1864)
    shell.o                   shell.s(1864)
    shell.o                   shell.s(1864)
    gpio.o                    gpio.s(321)
    gpio.o                    gpio.s(321)
    gpio.o                    gpio.s(321)
    main.o                    main.s(186)
pushl0 (lpush.o):
    strtoul.o                 ../libwrk/sim6502/strtoul.s(295)
    shell.o                   shell.s(1864)
pushw (pushw.o):
    shell.o                   shell.s(1864)
    shell.o                   shell.s(1864)
    shell.o                   shell.s(1864)
    shell.o                   shell.s(1864)
    uart.o                    uart.s(279)
pushw0sp (pushwsp.o):
    shell.o                   shell.s(1864)
pushwidx (pushw.o):
    shell.o                   shell.s(1864)
pushwysp (pushwsp.o):
    shell.o                   shell.s(1864)
    shell.o                   shell.s(1864)
    shell.o                   shell.s(1864)
    shell.o                   shell.s(1864)
    shell.o                   shell.s(1864)
    shell.o                   shell.s(1864)
regbank (zeropage.o):
    _printf.o                 /home/grappendorf/cc65/asminc/zeropage.inc(14)
    strtoul.o                 ../libwrk/sim6502/strtoul.s(10)
regsave (zeropage.o):
    lsave.o                   runtime/lsave.s(8)
    main.o                    main.s(10)
resteax (lsave.o):
    shell.o                   shell.s(1864)
    shell.o                   shell.s(1864)
    shell.o                   shell.s(1864)
    shell.o                   shell.s(1864)
    shell.o                   shell.s(1864)
saveeax (lsave.o):
    shell.o                   shell.s(1864)
    shell.o                   shell.s(1864)
    shell.o                   shell.s(1864)
    shell.o                   shell.s(1864)
    shell.o                   shell.s(1864)
shleax4 (asleax4.o):
    shell.o                   shell.s(1864)
shrax4 (shrax4.o):
    shell.o                   shell.s(1864)
sp (zeropage.o):
    memcpy.o                  common/memcpy.s(15)
    ludiv.o                   runtime/ludiv.s(9)
    lmul.o                    runtime/lmul.s(9)
    lcmp.o                    runtime/lcmp.s(10)
    addeqsp.o                 runtime/addeqsp.s(8)
    _printf.o                 /home/grappendorf/cc65/asminc/zeropage.inc(11)
    vsnprintf.o               common/vsnprintf.s(10)
    subysp.o                  runtime/subysp.s(9)
    subeqsp.o                 runtime/subeqsp.s(8)
    strtoul.o                 ../libwrk/sim6502/strtoul.s(10)
    steaxsp.o                 runtime/steaxsp.s(8)
    staxspi.o                 runtime/staxspi.s(9)
    staxsp.o                  runtime/staxsp.s(8)
    staspidx.o                runtime/staspidx.s(9)
    pushwsp.o                 runtime/pushwsp.s(8)
    pushax.o                  runtime/pushax.s(8)
    pusha.o                   runtime/pusha.s(8)
    popsreg.o                 runtime/popsreg.s(9)
    or.o                      runtime/or.s(9)
    lpush.o                   runtime/lpush.s(12)
    leave.o                   runtime/leave.s(14)
    leaaxsp.o                 runtime/leaaxsp.s(8)
    ldeaxysp.o                runtime/ldeaxysp.s(12)
    ldaxsp.o                  runtime/ldaxsp.s(8)
    land.o                    runtime/land.s(9)
    ladd.o                    runtime/ladd.s(9)
    incsp2.o                  runtime/incsp2.s(8)
    incsp1.o                  runtime/incsp1.s(8)
    enter.o                   runtime/enter.s(8)
    decsp8.o                  runtime/decsp8.s(8)
    decsp7.o                  runtime/decsp7.s(8)
    decsp6.o                  runtime/decsp6.s(8)
    decsp4.o                  runtime/decsp4.s(8)
    decsp3.o                  runtime/decsp3.s(8)
    decsp2.o                  runtime/decsp2.s(8)
    decsp1.o                  runtime/decsp1.s(8)
    addysp.o                  runtime/addysp.s(8)
    add.o                     runtime/add.s(11)
    vga.o                     vga.s(10)
    ps2.o                     ps2.s(10)
    shell.o                   shell.s(10)
    gpio.o                    gpio.s(10)
    uart.o                    uart.s(10)
    main.o                    main.s(10)
    startup.o                 zeropage.inc65(1)
sreg (zeropage.o):
    lumod.o                   runtime/lumod.s(9)
    ludiv.o                   runtime/ludiv.s(9)
    ltoa.o                    common/ltoa.s(11)
    lneg.o                    runtime/lneg.s(11)
    lmul.o                    runtime/lmul.s(9)
    lcmp.o                    runtime/lcmp.s(10)
    _printf.o                 /home/grappendorf/cc65/asminc/zeropage.inc(11)
    strtoul.o                 ../libwrk/sim6502/strtoul.s(10)
    steaxsp.o                 runtime/steaxsp.s(8)
    popsreg.o                 runtime/popsreg.s(9)
    mul8.o                    runtime/mul8.s(10)
    lsave.o                   runtime/lsave.s(8)
    lpush.o                   runtime/lpush.s(12)
    linc.o                    runtime/linc.s(8)
    ldeaxysp.o                runtime/ldeaxysp.s(12)
    ldeaxi.o                  runtime/ldeaxi.s(8)
    land.o                    runtime/land.s(9)
    ladd.o                    runtime/ladd.s(9)
    axlong.o                  runtime/axlong.s(8)
    asleax4.o                 runtime/asleax4.s(8)
    vga.o                     vga.s(10)
    ps2.o                     ps2.s(10)
    shell.o                   shell.s(10)
    gpio.o                    gpio.s(10)
    main.o                    main.s(10)
staspidx (staspidx.o):
    shell.o                   shell.s(1864)
stax0sp (staxsp.o):
    vga.o                     vga.s(451)
    shell.o                   shell.s(1864)
    shell.o                   shell.s(1864)
    shell.o                   shell.s(1864)
    shell.o                   shell.s(1864)
    uart.o                    uart.s(279)
    uart.o                    uart.s(279)
    main.o                    main.s(186)
staxspidx (staxspi.o):
    shell.o                   shell.s(1864)
staxysp (staxsp.o):
    strtoul.o                 ../libwrk/sim6502/strtoul.s(295)
    shell.o                   shell.s(1864)
    shell.o                   shell.s(1864)
    shell.o                   shell.s(1864)
    shell.o                   shell.s(1864)
    shell.o                   shell.s(1864)
    shell.o                   shell.s(1864)
    gpio.o                    gpio.s(321)
    gpio.o                    gpio.s(321)
    gpio.o                    gpio.s(321)
steax0sp (steaxsp.o):
    shell.o                   shell.s(1864)
    shell.o                   shell.s(1864)
    shell.o                   shell.s(1864)
    shell.o                   shell.s(1864)
steaxysp (steaxsp.o):
    strtoul.o                 ../libwrk/sim6502/strtoul.s(295)
    vga.o                     vga.s(451)
    shell.o                   shell.s(1864)
    shell.o                   shell.s(1864)
    shell.o                   shell.s(1864)
    shell.o                   shell.s(1864)
    shell.o                   shell.s(1864)
    shell.o                   shell.s(1864)
    uart.o                    uart.s(279)
subeq0sp (subeqsp.o):
    vga.o                     vga.s(451)
subysp (subysp.o):
    vga.o                     vga.s(451)
    shell.o                   shell.s(1864)
    shell.o                   shell.s(1864)
    shell.o                   shell.s(1864)
    shell.o                   shell.s(1864)
    gpio.o                    gpio.s(321)
    gpio.o                    gpio.s(321)
    gpio.o                    gpio.s(321)
tmp1 (zeropage.o):
    ltoa.o                    common/ltoa.s(11)
    decaxy.o                  runtime/decaxy.s(8)
    _printf.o                 /home/grappendorf/cc65/asminc/zeropage.inc(13)
    strtoul.o                 ../libwrk/sim6502/strtoul.s(11)
    staxspi.o                 runtime/staxspi.s(9)
    staspidx.o                runtime/staspidx.s(9)
    shrax4.o                  runtime/shrax4.s(8)
    shl.o                     runtime/shl.s(16)
    or.o                      runtime/or.s(9)
    land.o                    runtime/land.s(9)
    ladd.o                    runtime/ladd.s(9)
    incaxy.o                  runtime/incaxy.s(8)
    copydata.o                common/copydata.s(9)
    asleax4.o                 runtime/asleax4.s(8)
    aslax2.o                  runtime/aslax2.s(8)
    aslax1.o                  runtime/aslax1.s(8)
    acia.o                    zeropage.inc65(5)
    utils.o                   zeropage.inc65(5)
tmp2 (zeropage.o):
    lmul.o                    runtime/lmul.s(9)
tmp3 (zeropage.o):
    lumod.o                   runtime/lumod.s(9)
    ludiv.o                   runtime/ludiv.s(9)
    lmul.o                    runtime/lmul.s(9)
tmp4 (zeropage.o):
    lumod.o                   runtime/lumod.s(9)
    ludiv.o                   runtime/ludiv.s(9)
    lmul.o                    runtime/lmul.s(9)
tmpstack (zeropage.o):
    acia.o                    zeropage.inc65(9)
tosaddax (add.o):
    shell.o                   shell.s(1864)
    shell.o                   shell.s(1864)
    shell.o                   shell.s(1864)
tosaddeax (ladd.o):
    strtoul.o                 ../libwrk/sim6502/strtoul.s(295)
    shell.o                   shell.s(1864)
tosand0ax (land.o):
    gpio.o                    gpio.s(321)
    gpio.o                    gpio.s(321)
    gpio.o                    gpio.s(321)
toseqeax (leq.o):
    strtoul.o                 ../libwrk/sim6502/strtoul.s(295)
    shell.o                   shell.s(1864)
    shell.o                   shell.s(1864)
    shell.o                   shell.s(1864)
toslcmp (lcmp.o):
    lugt.o                    runtime/lugt.s(8)
    lult.o                    runtime/lult.s(8)
    lne.o                     runtime/lne.s(8)
    leq.o                     runtime/leq.s(8)
tosmula0 (mul8.o):
    shell.o                   shell.s(1864)
tosneeax (lne.o):
    shell.o                   shell.s(1864)
tosorax (or.o):
    ps2.o                     ps2.s(239)
tosudiveax (ludiv.o):
    strtoul.o                 ../libwrk/sim6502/strtoul.s(295)
tosugteax (lugt.o):
    strtoul.o                 ../libwrk/sim6502/strtoul.s(295)
tosulteax (lult.o):
    shell.o                   shell.s(1864)
    shell.o                   shell.s(1864)
tosumodeax (lumod.o):
    strtoul.o                 ../libwrk/sim6502/strtoul.s(295)
tosumuleax (lmul.o):
    strtoul.o                 ../libwrk/sim6502/strtoul.s(295)
udiv32 (ludiv.o):
    lumod.o                   runtime/lumod.s(8)
zerobss (zerobss.o):
    startup.o                 startup.s65(10)

