Modules list:
-------------
zeropage.o:
    ZEROPAGE          Offs=000000  Size=00002C  Align=00001  Fill=0000
interrupt.o:
    CODE              Offs=000000  Size=000093  Align=00001  Fill=0000
startup.o:
    VECTORS           Offs=000000  Size=000006  Align=00001  Fill=0000
    STARTUP           Offs=000000  Size=000023  Align=00001  Fill=0000
utils.o:
    CODE              Offs=000100  Size=000020  Align=00100  Fill=006D
acia.o:
    CODE              Offs=000120  Size=000072  Align=00001  Fill=0000
led.o:
    CODE              Offs=000192  Size=000027  Align=00001  Fill=0000
main.o:
    CODE              Offs=0001B9  Size=0000F8  Align=00001  Fill=0000
    RODATA            Offs=000000  Size=0000B8  Align=00001  Fill=0000
    DATA              Offs=000000  Size=000038  Align=00001  Fill=0000
uart.o:
    CODE              Offs=0002B1  Size=000174  Align=00001  Fill=0000
    RODATA            Offs=0000B8  Size=00000F  Align=00001  Fill=0000
    BSS               Offs=000000  Size=000202  Align=00001  Fill=0000
    DATA              Offs=000038  Size=000100  Align=00001  Fill=0000
gpio.o:
    CODE              Offs=000425  Size=00024F  Align=00001  Fill=0000
shell.o:
    CODE              Offs=000674  Size=000D6B  Align=00001  Fill=0000
    RODATA            Offs=0000C7  Size=00039A  Align=00001  Fill=0000
    BSS               Offs=000202  Size=000001  Align=00001  Fill=0000
    DATA              Offs=000138  Size=0002CA  Align=00001  Fill=0000
ps2.o:
    CODE              Offs=0013DF  Size=0001A2  Align=00001  Fill=0000
    RODATA            Offs=000461  Size=00001B  Align=00001  Fill=0000
    DATA              Offs=000402  Size=000028  Align=00001  Fill=0000
vga.o:
    CODE              Offs=001581  Size=00027E  Align=00001  Fill=0000
    DATA              Offs=00042A  Size=000028  Align=00001  Fill=0000
cc65.lib(_hextab.o):
    RODATA            Offs=00047C  Size=000010  Align=00001  Fill=0000
cc65.lib(_longminstr.o):
    RODATA            Offs=00048C  Size=00000C  Align=00001  Fill=0000
cc65.lib(_printf.o):
    CODE              Offs=0017FF  Size=0003A5  Align=00001  Fill=0000
    BSS               Offs=000203  Size=00002B  Align=00001  Fill=0000
    DATA              Offs=000452  Size=000003  Align=00001  Fill=0000
cc65.lib(_seterrno.o):
    CODE              Offs=001BA4  Size=000009  Align=00001  Fill=0000
cc65.lib(add.o):
    CODE              Offs=001BAD  Size=00001A  Align=00001  Fill=0000
cc65.lib(addeqsp.o):
    CODE              Offs=001BC7  Size=000011  Align=00001  Fill=0000
cc65.lib(addysp.o):
    CODE              Offs=001BD8  Size=00000E  Align=00001  Fill=0000
cc65.lib(aslax1.o):
    CODE              Offs=001BE6  Size=000008  Align=00001  Fill=0000
cc65.lib(aslax2.o):
    CODE              Offs=001BEE  Size=00000B  Align=00001  Fill=0000
cc65.lib(asleax4.o):
    CODE              Offs=001BF9  Size=000011  Align=00001  Fill=0000
cc65.lib(axlong.o):
    CODE              Offs=001C0A  Size=000012  Align=00001  Fill=0000
cc65.lib(call.o):
    CODE              Offs=001C1C  Size=000007  Align=00001  Fill=0000
cc65.lib(condes.o):
    CODE              Offs=001C23  Size=00000C  Align=00001  Fill=0000
    DATA              Offs=000455  Size=000025  Align=00001  Fill=0000
    INIT              Offs=000000  Size=00000C  Align=00001  Fill=0000
cc65.lib(copydata.o):
    CODE              Offs=001C2F  Size=00002D  Align=00001  Fill=0000
cc65.lib(ctype.o):
    RODATA            Offs=000498  Size=000100  Align=00001  Fill=0000
cc65.lib(decax1.o):
    CODE              Offs=001C5C  Size=000007  Align=00001  Fill=0000
cc65.lib(decax2.o):
    CODE              Offs=001C63  Size=000007  Align=00001  Fill=0000
cc65.lib(decaxy.o):
    CODE              Offs=001C6A  Size=000009  Align=00001  Fill=0000
cc65.lib(decsp1.o):
    CODE              Offs=001C73  Size=000009  Align=00001  Fill=0000
cc65.lib(decsp2.o):
    CODE              Offs=001C7C  Size=00000D  Align=00001  Fill=0000
cc65.lib(decsp3.o):
    CODE              Offs=001C89  Size=00000D  Align=00001  Fill=0000
cc65.lib(decsp4.o):
    CODE              Offs=001C96  Size=00000D  Align=00001  Fill=0000
cc65.lib(decsp6.o):
    CODE              Offs=001CA3  Size=00000D  Align=00001  Fill=0000
cc65.lib(decsp7.o):
    CODE              Offs=001CB0  Size=00000D  Align=00001  Fill=0000
cc65.lib(decsp8.o):
    CODE              Offs=001CBD  Size=00000D  Align=00001  Fill=0000
cc65.lib(enter.o):
    CODE              Offs=001CCA  Size=00000E  Align=00001  Fill=0000
cc65.lib(errno.o):
    BSS               Offs=00022E  Size=000002  Align=00001  Fill=0000
cc65.lib(incax1.o):
    CODE              Offs=001CD8  Size=000007  Align=00001  Fill=0000
cc65.lib(incax2.o):
    CODE              Offs=001CDF  Size=000007  Align=00001  Fill=0000
cc65.lib(incax3.o):
    CODE              Offs=001CE6  Size=000005  Align=00001  Fill=0000
cc65.lib(incax5.o):
    CODE              Offs=001CEB  Size=000005  Align=00001  Fill=0000
cc65.lib(incax8.o):
    CODE              Offs=001CF0  Size=000005  Align=00001  Fill=0000
cc65.lib(incaxy.o):
    CODE              Offs=001CF5  Size=00000B  Align=00001  Fill=0000
cc65.lib(incsp1.o):
    CODE              Offs=001D00  Size=000007  Align=00001  Fill=0000
cc65.lib(incsp2.o):
    CODE              Offs=001D07  Size=000016  Align=00001  Fill=0000
cc65.lib(incsp3.o):
    CODE              Offs=001D1D  Size=000005  Align=00001  Fill=0000
cc65.lib(incsp4.o):
    CODE              Offs=001D22  Size=000005  Align=00001  Fill=0000
cc65.lib(incsp6.o):
    CODE              Offs=001D27  Size=000005  Align=00001  Fill=0000
cc65.lib(incsp7.o):
    CODE              Offs=001D2C  Size=000005  Align=00001  Fill=0000
cc65.lib(isdigit.o):
    CODE              Offs=001D31  Size=00000F  Align=00001  Fill=0000
cc65.lib(islower.o):
    CODE              Offs=001D40  Size=00000F  Align=00001  Fill=0000
cc65.lib(isspace.o):
    CODE              Offs=001D4F  Size=00000F  Align=00001  Fill=0000
cc65.lib(isupper.o):
    CODE              Offs=001D5E  Size=00000F  Align=00001  Fill=0000
cc65.lib(ladd.o):
    CODE              Offs=001D6D  Size=000025  Align=00001  Fill=0000
cc65.lib(land.o):
    CODE              Offs=001D92  Size=000024  Align=00001  Fill=0000
cc65.lib(lcmp.o):
    CODE              Offs=001DB6  Size=00003B  Align=00001  Fill=0000
cc65.lib(ldaxi.o):
    CODE              Offs=001DF1  Size=00000D  Align=00001  Fill=0000
cc65.lib(ldaxsp.o):
    CODE              Offs=001DFE  Size=000009  Align=00001  Fill=0000
cc65.lib(ldeaxi.o):
    CODE              Offs=001E07  Size=000017  Align=00001  Fill=0000
cc65.lib(ldeaxysp.o):
    CODE              Offs=001E1E  Size=000013  Align=00001  Fill=0000
cc65.lib(leaaxsp.o):
    CODE              Offs=001E31  Size=00000C  Align=00001  Fill=0000
cc65.lib(leave.o):
    CODE              Offs=001E3D  Size=00001D  Align=00001  Fill=0000
cc65.lib(leq.o):
    CODE              Offs=001E5A  Size=000006  Align=00001  Fill=0000
cc65.lib(linc.o):
    CODE              Offs=001E60  Size=000011  Align=00001  Fill=0000
cc65.lib(lmul.o):
    CODE              Offs=001E71  Size=00005C  Align=00001  Fill=0000
cc65.lib(lne.o):
    CODE              Offs=001ECD  Size=000006  Align=00001  Fill=0000
cc65.lib(lneg.o):
    CODE              Offs=001ED3  Size=00001E  Align=00001  Fill=0000
cc65.lib(lpush.o):
    CODE              Offs=001EF1  Size=000021  Align=00001  Fill=0000
cc65.lib(lsave.o):
    CODE              Offs=001F12  Size=00001C  Align=00001  Fill=0000
cc65.lib(ltoa.o):
    CODE              Offs=001F2E  Size=0000AF  Align=00001  Fill=0000
cc65.lib(ludiv.o):
    CODE              Offs=001FDD  Size=00007A  Align=00001  Fill=0000
cc65.lib(lugt.o):
    CODE              Offs=002057  Size=000006  Align=00001  Fill=0000
cc65.lib(lult.o):
    CODE              Offs=00205D  Size=000006  Align=00001  Fill=0000
cc65.lib(lumod.o):
    CODE              Offs=002063  Size=000019  Align=00001  Fill=0000
cc65.lib(makebool.o):
    CODE              Offs=00207C  Size=000031  Align=00001  Fill=0000
cc65.lib(memcpy.o):
    CODE              Offs=0020AD  Size=000041  Align=00001  Fill=0000
cc65.lib(mul8.o):
    CODE              Offs=0020EE  Size=00003A  Align=00001  Fill=0000
cc65.lib(mulax6.o):
    CODE              Offs=002128  Size=000016  Align=00001  Fill=0000
cc65.lib(or.o):
    CODE              Offs=00213E  Size=000012  Align=00001  Fill=0000
cc65.lib(popsreg.o):
    CODE              Offs=002150  Size=000010  Align=00001  Fill=0000
cc65.lib(push1.o):
    CODE              Offs=002160  Size=000005  Align=00001  Fill=0000
cc65.lib(pusha.o):
    CODE              Offs=002165  Size=000016  Align=00001  Fill=0000
cc65.lib(pushax.o):
    CODE              Offs=00217B  Size=00001A  Align=00001  Fill=0000
cc65.lib(pushw.o):
    CODE              Offs=002195  Size=00000F  Align=00001  Fill=0000
cc65.lib(pushwsp.o):
    CODE              Offs=0021A4  Size=00001C  Align=00001  Fill=0000
cc65.lib(shl.o):
    CODE              Offs=0021C0  Size=000033  Align=00001  Fill=0000
cc65.lib(shrax4.o):
    CODE              Offs=0021F3  Size=000011  Align=00001  Fill=0000
cc65.lib(staspidx.o):
    CODE              Offs=002204  Size=000016  Align=00001  Fill=0000
cc65.lib(staxsp.o):
    CODE              Offs=00221A  Size=00000B  Align=00001  Fill=0000
cc65.lib(staxspi.o):
    CODE              Offs=002225  Size=00001B  Align=00001  Fill=0000
cc65.lib(steaxsp.o):
    CODE              Offs=002240  Size=000015  Align=00001  Fill=0000
cc65.lib(strcmp.o):
    CODE              Offs=002255  Size=000027  Align=00001  Fill=0000
cc65.lib(strlen.o):
    CODE              Offs=00227C  Size=000016  Align=00001  Fill=0000
cc65.lib(strlower.o):
    CODE              Offs=002292  Size=000028  Align=00001  Fill=0000
cc65.lib(strtoul.o):
    CODE              Offs=0022BA  Size=000238  Align=00001  Fill=0000
cc65.lib(subeqsp.o):
    CODE              Offs=0024F2  Size=000015  Align=00001  Fill=0000
cc65.lib(subysp.o):
    CODE              Offs=002507  Size=00000D  Align=00001  Fill=0000
cc65.lib(vsnprintf.o):
    CODE              Offs=002514  Size=0000C8  Align=00001  Fill=0000
    DATA              Offs=00047A  Size=000008  Align=00001  Fill=0000
cc65.lib(zerobss.o):
    INIT              Offs=00000C  Size=000023  Align=00001  Fill=0000


Segment list:
-------------
Name                   Start     End    Size  Align
----------------------------------------------------
ZEROPAGE              000000  00002B  00002C  00001
DATA                  000200  000681  000482  00001
BSS                   000682  0008B1  000230  00001
STARTUP               008482  0084A4  000023  00001
INIT                  0084A5  0084D3  00002F  00001
CODE                  008500  00AADB  0025DC  00100
RODATA                00AADC  00B073  000598  00001
VECTORS               00FFFA  00FFFF  000006  00001


Exports list by name:
---------------------
__BSS_RUN__               000682 RLA    __BSS_SIZE__              000230 REA    
__CONSTRUCTOR_COUNT__     000000 REA    __CONSTRUCTOR_TABLE__     0084A5 RLA    
__DATA_LOAD__             008000 RLA    __DATA_RUN__              000200 RLA    
__DATA_SIZE__             000482 REA    __DESTRUCTOR_COUNT__      000000 REA    
__DESTRUCTOR_TABLE__      0084A5 RLA    __RAM_SIZE__              007D00 REA    
__RAM_START__             000200 RLA    __STARTUP__               000001 REA    
__ctype                   00AF74 RLA    __errno                   0008B0 RLA    
__hextab                  00AF58 RLA    __longminstr              00AF68 RLA    
__printf                  009DF2 RLA    __seterrno                00A0A4 RLA    
_delay_ms                 008600 RLA    _gpio_init                008925 RLA    
_gpio_read                008AE4 RLA    _gpio_write               008A21 RLA    
_hours                    000022 RLZ    _interrupted              00002B RLZ    
_isdigit                  00A231 RLA    _islower                  00A240 RLA    
_isspace                  00A24F RLA    _isupper                  00A25E RLA    
_jiffies                  00001F RLZ    _led_init                 008692 RLA    
_led_set                  0086A3 RLA    _ltoa                     00A44A RLA    
_main                     0086C3 RLA    _mdelay                   0086B9 RLA    
_memcpy                   00A5AD RLA    _millis                   00001B RLZ    
_minutes                  000021 RLZ    _ps2_getc                 0099A1 RLA    
_ps2_init                 009919 RLA    _ps2_process              0098DF RLA    
_seconds                  000020 RLZ    _strcmp                   00A755 RLA    
_strlen                   00A77C RLA    _strlower                 00A792 RLA    
_strtoul                  00A7BA RLA    _uart_handler             008891 RLA    
_uart_init                0087B1 RLA    _uart_printf              00883E RLA    
_uart_puts                0087FC RLA    _uart_shell               009812 RLA    
_ultoa                    00A4A1 RLA    _vga_ctrl                 009A81 RLA    
_vga_init                 009B81 RLA    _vsnprintf                00AA14 RLA    
addeqysp                  00A0C9 RLA    addysp                    00A0D9 RLA    
addysp1                   00A0D8 RLA    aslax1                    00A0E6 RLA    
aslax2                    00A0EE RLA    aslaxy                    00A6C7 RLA    
axlong                    00A111 RLA    axulong                   00A10A RLA    
booleq                    00A582 RLA    boolne                    00A57C RLA    
boolugt                   00A5A0 RLA    boolult                   00A59A RLA    
callax                    00A11C RLA    copydata                  00A12F RLA    
decax1                    00A15C RLA    decax2                    00A163 RLA    
decaxy                    00A16A RLA    decsp1                    00A173 RLA    
decsp2                    00A17C RLA    decsp3                    00A189 RLA    
decsp4                    00A196 RLA    decsp6                    00A1A3 RLA    
decsp7                    00A1B0 RLA    decsp8                    00A1BD RLA    
donelib                   00A123 RLA    enter                     00A1CA RLA    
getlop                    00A4EE RLA    incax1                    00A1D8 RLA    
incax2                    00A1DF RLA    incax3                    00A1E6 RLA    
incax5                    00A1EB RLA    incax8                    00A1F0 RLA    
incaxy                    00A1F7 RLA    inceaxy                   00A360 RLA    
incsp1                    00A200 RLA    incsp2                    00A20F RLA    
incsp3                    00A21D RLA    incsp4                    00A222 RLA    
incsp6                    00A227 RLA    incsp7                    00A22C RLA    
initlib                   0084A5 RLA    irq_handler               008530 RLA    
irq_init                  008500 RLA    ldax0sp                   00A2FE RLA    
ldaxidx                   00A2F3 RLA    ldaxysp                   00A300 RLA    
ldeax0sp                  00A31E RLA    ldeaxi                    00A307 RLA    
ldeaxidx                  00A309 RLA    ldeaxysp                  00A320 RLA    
leaa0sp                   00A331 RLA    leavey                    00A347 RLA    
mulax6                    00A628 RLA    negeax                    00A3D3 RLA    
nmi_handler               008529 RLA    popax                     00A207 RLA    
popsreg                   00A650 RLA    ptr1                      000008 RLZ    
ptr2                      00000A RLZ    ptr3                      00000C RLZ    
ptr4                      00000E RLZ    push0                     00A67B RLA    
push0ax                   00A3F4 RLA    push1                     00A660 RLA    
pusha                     00A669 RLA    pusha0                    00A67D RLA    
pushax                    00A67F RLA    pusheax                   00A3FA RLA    
pushl0                    00A3F1 RLA    pushw                     00A695 RLA    
pushw0sp                  00A6A4 RLA    pushwidx                  00A697 RLA    
pushwysp                  00A6A6 RLA    regbank                   000014 RLZ    
regsave                   000004 RLZ    resteax                   00A421 RLA    
saveeax                   00A412 RLA    shleax4                   00A0F9 RLA    
shrax4                    00A6F3 RLA    sp                        000000 RLZ    
sreg                      000002 RLZ    staspidx                  00A704 RLA    
stax0sp                   00A71A RLA    staxspidx                 00A725 RLA    
staxysp                   00A71C RLA    steax0sp                  00A740 RLA    
steaxysp                  00A742 RLA    subeq0sp                  00A9F2 RLA    
subysp                    00AA07 RLA    tmp1                      000010 RLZ    
tmp2                      000011 RLZ    tmp3                      000012 RLZ    
tmp4                      000013 RLZ    tmpstack                  00001A RLZ    
tosaddax                  00A0AF RLA    tosaddeax                 00A273 RLA    
tosand0ax                 00A292 RLA    toseqeax                  00A35A RLA    
toslcmp                   00A2B6 RLA    tosmula0                  00A5EE RLA    
tosneeax                  00A3CD RLA    tosorax                   00A640 RLA    
tosudiveax                00A4E3 RLA    tosugteax                 00A557 RLA    
tosulteax                 00A55D RLA    tosumodeax                00A569 RLA    
tosumuleax                00A377 RLA    udiv32                    00A512 RLA    
zerobss                   0084B1 RLA    


Exports list by value:
----------------------
__CONSTRUCTOR_COUNT__     000000 REA    __DESTRUCTOR_COUNT__      000000 REA    
sp                        000000 RLZ    __STARTUP__               000001 REA    
sreg                      000002 RLZ    regsave                   000004 RLZ    
ptr1                      000008 RLZ    ptr2                      00000A RLZ    
ptr3                      00000C RLZ    ptr4                      00000E RLZ    
tmp1                      000010 RLZ    tmp2                      000011 RLZ    
tmp3                      000012 RLZ    tmp4                      000013 RLZ    
regbank                   000014 RLZ    tmpstack                  00001A RLZ    
_millis                   00001B RLZ    _jiffies                  00001F RLZ    
_seconds                  000020 RLZ    _minutes                  000021 RLZ    
_hours                    000022 RLZ    _interrupted              00002B RLZ    
__DATA_RUN__              000200 RLA    __RAM_START__             000200 RLA    
__BSS_SIZE__              000230 REA    __DATA_SIZE__             000482 REA    
__BSS_RUN__               000682 RLA    __errno                   0008B0 RLA    
__RAM_SIZE__              007D00 REA    __DATA_LOAD__             008000 RLA    
__CONSTRUCTOR_TABLE__     0084A5 RLA    __DESTRUCTOR_TABLE__      0084A5 RLA    
initlib                   0084A5 RLA    zerobss                   0084B1 RLA    
irq_init                  008500 RLA    nmi_handler               008529 RLA    
irq_handler               008530 RLA    _delay_ms                 008600 RLA    
_led_init                 008692 RLA    _led_set                  0086A3 RLA    
_mdelay                   0086B9 RLA    _main                     0086C3 RLA    
_uart_init                0087B1 RLA    _uart_puts                0087FC RLA    
_uart_printf              00883E RLA    _uart_handler             008891 RLA    
_gpio_init                008925 RLA    _gpio_write               008A21 RLA    
_gpio_read                008AE4 RLA    _uart_shell               009812 RLA    
_ps2_process              0098DF RLA    _ps2_init                 009919 RLA    
_ps2_getc                 0099A1 RLA    _vga_ctrl                 009A81 RLA    
_vga_init                 009B81 RLA    __printf                  009DF2 RLA    
__seterrno                00A0A4 RLA    tosaddax                  00A0AF RLA    
addeqysp                  00A0C9 RLA    addysp1                   00A0D8 RLA    
addysp                    00A0D9 RLA    aslax1                    00A0E6 RLA    
aslax2                    00A0EE RLA    shleax4                   00A0F9 RLA    
axulong                   00A10A RLA    axlong                    00A111 RLA    
callax                    00A11C RLA    donelib                   00A123 RLA    
copydata                  00A12F RLA    decax1                    00A15C RLA    
decax2                    00A163 RLA    decaxy                    00A16A RLA    
decsp1                    00A173 RLA    decsp2                    00A17C RLA    
decsp3                    00A189 RLA    decsp4                    00A196 RLA    
decsp6                    00A1A3 RLA    decsp7                    00A1B0 RLA    
decsp8                    00A1BD RLA    enter                     00A1CA RLA    
incax1                    00A1D8 RLA    incax2                    00A1DF RLA    
incax3                    00A1E6 RLA    incax5                    00A1EB RLA    
incax8                    00A1F0 RLA    incaxy                    00A1F7 RLA    
incsp1                    00A200 RLA    popax                     00A207 RLA    
incsp2                    00A20F RLA    incsp3                    00A21D RLA    
incsp4                    00A222 RLA    incsp6                    00A227 RLA    
incsp7                    00A22C RLA    _isdigit                  00A231 RLA    
_islower                  00A240 RLA    _isspace                  00A24F RLA    
_isupper                  00A25E RLA    tosaddeax                 00A273 RLA    
tosand0ax                 00A292 RLA    toslcmp                   00A2B6 RLA    
ldaxidx                   00A2F3 RLA    ldax0sp                   00A2FE RLA    
ldaxysp                   00A300 RLA    ldeaxi                    00A307 RLA    
ldeaxidx                  00A309 RLA    ldeax0sp                  00A31E RLA    
ldeaxysp                  00A320 RLA    leaa0sp                   00A331 RLA    
leavey                    00A347 RLA    toseqeax                  00A35A RLA    
inceaxy                   00A360 RLA    tosumuleax                00A377 RLA    
tosneeax                  00A3CD RLA    negeax                    00A3D3 RLA    
pushl0                    00A3F1 RLA    push0ax                   00A3F4 RLA    
pusheax                   00A3FA RLA    saveeax                   00A412 RLA    
resteax                   00A421 RLA    _ltoa                     00A44A RLA    
_ultoa                    00A4A1 RLA    tosudiveax                00A4E3 RLA    
getlop                    00A4EE RLA    udiv32                    00A512 RLA    
tosugteax                 00A557 RLA    tosulteax                 00A55D RLA    
tosumodeax                00A569 RLA    boolne                    00A57C RLA    
booleq                    00A582 RLA    boolult                   00A59A RLA    
boolugt                   00A5A0 RLA    _memcpy                   00A5AD RLA    
tosmula0                  00A5EE RLA    mulax6                    00A628 RLA    
tosorax                   00A640 RLA    popsreg                   00A650 RLA    
push1                     00A660 RLA    pusha                     00A669 RLA    
push0                     00A67B RLA    pusha0                    00A67D RLA    
pushax                    00A67F RLA    pushw                     00A695 RLA    
pushwidx                  00A697 RLA    pushw0sp                  00A6A4 RLA    
pushwysp                  00A6A6 RLA    aslaxy                    00A6C7 RLA    
shrax4                    00A6F3 RLA    staspidx                  00A704 RLA    
stax0sp                   00A71A RLA    staxysp                   00A71C RLA    
staxspidx                 00A725 RLA    steax0sp                  00A740 RLA    
steaxysp                  00A742 RLA    _strcmp                   00A755 RLA    
_strlen                   00A77C RLA    _strlower                 00A792 RLA    
_strtoul                  00A7BA RLA    subeq0sp                  00A9F2 RLA    
subysp                    00AA07 RLA    _vsnprintf                00AA14 RLA    
__hextab                  00AF58 RLA    __longminstr              00AF68 RLA    
__ctype                   00AF74 RLA    


Imports list:
-------------
__BSS_RUN__ ([linker generated]):
    zerobss.o                 common/zerobss.s(8)
__BSS_SIZE__ ([linker generated]):
    zerobss.o                 common/zerobss.s(8)
__CONSTRUCTOR_COUNT__ ([linker generated]):
    condes.o                  runtime/condes.s(18)
__CONSTRUCTOR_TABLE__ ([linker generated]):
    condes.o                  runtime/condes.s(18)
__DATA_LOAD__ ([linker generated]):
    copydata.o                common/copydata.s(8)
__DATA_RUN__ ([linker generated]):
    copydata.o                common/copydata.s(8)
__DATA_SIZE__ ([linker generated]):
    copydata.o                common/copydata.s(8)
__DESTRUCTOR_COUNT__ ([linker generated]):
    condes.o                  runtime/condes.s(19)
__DESTRUCTOR_TABLE__ ([linker generated]):
    condes.o                  runtime/condes.s(19)
__RAM_SIZE__ ([linker generated]):
    startup.o                 startup.s65(8)
__RAM_START__ ([linker generated]):
    startup.o                 startup.s65(7)
__STARTUP__ (startup.o):
    main.o                    main.s(13)
__ctype (ctype.o):
    strlower.o                common/strlower.s(13)
    isupper.o                 /home/grappendorf/cc65/asminc/ctype.inc(9)
    isspace.o                 /home/grappendorf/cc65/asminc/ctype.inc(9)
    islower.o                 /home/grappendorf/cc65/asminc/ctype.inc(9)
    isdigit.o                 /home/grappendorf/cc65/asminc/ctype.inc(9)
__errno (errno.o):
    _seterrno.o               /home/grappendorf/cc65/asminc/errno.inc(7)
__hextab (_hextab.o):
    ltoa.o                    common/ltoa.s(10)
__longminstr (_longminstr.o):
    ltoa.o                    common/ltoa.s(10)
__printf (_printf.o):
    vsnprintf.o               common/vsnprintf.s(9)
__seterrno (_seterrno.o):
    strtoul.o                 ../libwrk/sim6502/strtoul.s(17)
_delay_ms (utils.o):
    main.o                    main.s(16)
_gpio_init (gpio.o):
    vga.o                     vga.s(13)
    ps2.o                     ps2.s(14)
    shell.o                   shell.s(21)
_gpio_read (gpio.o):
    vga.o                     vga.s(15)
    ps2.o                     ps2.s(16)
    shell.o                   shell.s(23)
_gpio_write (gpio.o):
    vga.o                     vga.s(14)
    ps2.o                     ps2.s(15)
    shell.o                   shell.s(22)
_hours (zeropage.o):
    shell.o                   shell.s(19)
    interrupt.o               zeropage.inc65(18)
_interrupted (zeropage.o):
    interrupt.o               zeropage.inc65(27)
_isdigit (isdigit.o):
    strtoul.o                 ../libwrk/sim6502/strtoul.s(13)
_islower (islower.o):
    strtoul.o                 ../libwrk/sim6502/strtoul.s(14)
_isspace (isspace.o):
    strtoul.o                 ../libwrk/sim6502/strtoul.s(15)
_isupper (isupper.o):
    strtoul.o                 ../libwrk/sim6502/strtoul.s(16)
_jiffies (zeropage.o):
    interrupt.o               zeropage.inc65(15)
_led_init (led.o):
    main.o                    main.s(14)
_led_set (led.o):
    main.o                    main.s(15)
_ltoa (ltoa.o):
    _printf.o                 common/_printf.s(12)
_main (main.o):
    startup.o                 startup.s65(9)
_mdelay (main.o):
    vga.o                     vga.s(16)
    ps2.o                     ps2.s(17)
_memcpy (memcpy.o):
    vsnprintf.o               common/vsnprintf.s(9)
_millis (zeropage.o):
    interrupt.o               zeropage.inc65(14)
_minutes (zeropage.o):
    shell.o                   shell.s(18)
    interrupt.o               zeropage.inc65(17)
_ps2_getc (ps2.o):
    shell.o                   shell.s(25)
_ps2_init (ps2.o):
    main.o                    main.s(22)
_ps2_process (ps2.o):
    shell.o                   shell.s(24)
_seconds (zeropage.o):
    shell.o                   shell.s(17)
    interrupt.o               zeropage.inc65(16)
_strcmp (strcmp.o):
    shell.o                   shell.s(14)
_strlen (strlen.o):
    _printf.o                 common/_printf.s(13)
    shell.o                   shell.s(15)
_strlower (strlower.o):
    _printf.o                 common/_printf.s(13)
_strtoul (strtoul.o):
    shell.o                   shell.s(13)
_uart_handler (uart.o):
    main.o                    main.s(20)
_uart_init (uart.o):
    main.o                    main.s(17)
_uart_printf (uart.o):
    ps2.o                     ps2.s(13)
    shell.o                   shell.s(20)
    main.o                    main.s(19)
_uart_puts (uart.o):
    main.o                    main.s(18)
_uart_shell (shell.o):
    uart.o                    uart.s(20)
_ultoa (ltoa.o):
    _printf.o                 common/_printf.s(12)
_vga_ctrl (vga.o):
    shell.o                   shell.s(26)
_vga_init (vga.o):
    main.o                    main.s(23)
_vsnprintf (vsnprintf.o):
    uart.o                    uart.s(13)
addeqysp (addeqsp.o):
    strtoul.o                 ../libwrk/sim6502/strtoul.s(295)
addysp (addysp.o):
    strtoul.o                 ../libwrk/sim6502/strtoul.s(295)
    leave.o                   runtime/leave.s(13)
    incsp7.o                  runtime/incsp7.s(8)
    incsp6.o                  runtime/incsp6.s(8)
    incsp4.o                  runtime/incsp4.s(8)
    incsp3.o                  runtime/incsp3.s(8)
    shell.o                   shell.s(1988)
    shell.o                   shell.s(1988)
    shell.o                   shell.s(1988)
    shell.o                   shell.s(1988)
    shell.o                   shell.s(1988)
    shell.o                   shell.s(1988)
    gpio.o                    gpio.s(321)
    gpio.o                    gpio.s(321)
    gpio.o                    gpio.s(321)
addysp1 (addysp.o):
    ludiv.o                   runtime/ludiv.s(8)
    lmul.o                    runtime/lmul.s(8)
    or.o                      runtime/or.s(8)
    land.o                    runtime/land.s(8)
    ladd.o                    runtime/ladd.s(8)
aslax1 (aslax1.o):
    shell.o                   shell.s(1988)
    shell.o                   shell.s(1988)
    shell.o                   shell.s(1988)
aslax2 (aslax2.o):
    vga.o                     vga.s(344)
    vga.o                     vga.s(344)
    ps2.o                     ps2.s(274)
    ps2.o                     ps2.s(274)
aslaxy (shl.o):
    vga.o                     vga.s(344)
    ps2.o                     ps2.s(274)
    gpio.o                    gpio.s(321)
    gpio.o                    gpio.s(321)
    gpio.o                    gpio.s(321)
axlong (axlong.o):
    _printf.o                 common/_printf.s(11)
    strtoul.o                 ../libwrk/sim6502/strtoul.s(295)
    uart.o                    uart.s(279)
axulong (axlong.o):
    _printf.o                 common/_printf.s(11)
    strtoul.o                 ../libwrk/sim6502/strtoul.s(295)
    shell.o                   shell.s(1988)
    shell.o                   shell.s(1988)
    shell.o                   shell.s(1988)
booleq (makebool.o):
    leq.o                     runtime/leq.s(8)
boolne (makebool.o):
    lne.o                     runtime/lne.s(8)
boolugt (makebool.o):
    lugt.o                    runtime/lugt.s(8)
boolult (makebool.o):
    lult.o                    runtime/lult.s(8)
callax (call.o):
    shell.o                   shell.s(1988)
    shell.o                   shell.s(1988)
copydata (copydata.o):
    startup.o                 startup.s65(11)
decax1 (decax1.o):
    main.o                    main.s(192)
decax2 (decax2.o):
    shell.o                   shell.s(1988)
decaxy (decaxy.o):
    strtoul.o                 ../libwrk/sim6502/strtoul.s(295)
decsp1 (decsp1.o):
    vga.o                     vga.s(344)
    vga.o                     vga.s(344)
    ps2.o                     ps2.s(274)
    ps2.o                     ps2.s(274)
    ps2.o                     ps2.s(274)
    ps2.o                     ps2.s(274)
    uart.o                    uart.s(279)
    uart.o                    uart.s(279)
    uart.o                    uart.s(279)
decsp2 (decsp2.o):
    shell.o                   shell.s(1988)
    uart.o                    uart.s(279)
    uart.o                    uart.s(279)
decsp3 (decsp3.o):
    shell.o                   shell.s(1988)
    shell.o                   shell.s(1988)
decsp4 (decsp4.o):
    lpush.o                   runtime/lpush.s(11)
    shell.o                   shell.s(1988)
    shell.o                   shell.s(1988)
decsp6 (decsp6.o):
    _printf.o                 common/_printf.s(11)
    strtoul.o                 ../libwrk/sim6502/strtoul.s(295)
    uart.o                    uart.s(279)
decsp7 (decsp7.o):
    shell.o                   shell.s(1988)
decsp8 (decsp8.o):
    shell.o                   shell.s(1988)
    shell.o                   shell.s(1988)
donelib (condes.o):
    startup.o                 startup.s65(13)
enter (enter.o):
    vga.o                     vga.s(344)
    uart.o                    uart.s(279)
getlop (ludiv.o):
    lumod.o                   runtime/lumod.s(8)
incax1 (incax1.o):
    shell.o                   shell.s(1988)
    shell.o                   shell.s(1988)
    gpio.o                    gpio.s(321)
    gpio.o                    gpio.s(321)
    gpio.o                    gpio.s(321)
    uart.o                    uart.s(279)
    uart.o                    uart.s(279)
incax2 (incax2.o):
    shell.o                   shell.s(1988)
    gpio.o                    gpio.s(321)
    gpio.o                    gpio.s(321)
    gpio.o                    gpio.s(321)
incax3 (incax3.o):
    gpio.o                    gpio.s(321)
    gpio.o                    gpio.s(321)
    gpio.o                    gpio.s(321)
incax5 (incax5.o):
    uart.o                    uart.s(279)
incax8 (incax8.o):
    vga.o                     vga.s(344)
incaxy (incaxy.o):
    incax8.o                  runtime/incax8.s(8)
    incax5.o                  runtime/incax5.s(8)
    incax3.o                  runtime/incax3.s(8)
    uart.o                    uart.s(279)
inceaxy (linc.o):
    shell.o                   shell.s(1988)
    shell.o                   shell.s(1988)
    shell.o                   shell.s(1988)
    shell.o                   shell.s(1988)
    shell.o                   shell.s(1988)
    shell.o                   shell.s(1988)
incsp1 (incsp1.o):
    vga.o                     vga.s(344)
    ps2.o                     ps2.s(274)
    ps2.o                     ps2.s(274)
    shell.o                   shell.s(1988)
    uart.o                    uart.s(279)
    uart.o                    uart.s(279)
incsp2 (incsp2.o):
    vsnprintf.o               common/vsnprintf.s(8)
    staxspi.o                 runtime/staxspi.s(8)
    staspidx.o                runtime/staspidx.s(8)
    popsreg.o                 runtime/popsreg.s(8)
    vga.o                     vga.s(344)
    ps2.o                     ps2.s(274)
    shell.o                   shell.s(1988)
    uart.o                    uart.s(279)
    uart.o                    uart.s(279)
    main.o                    main.s(192)
incsp3 (incsp3.o):
    shell.o                   shell.s(1988)
    shell.o                   shell.s(1988)
incsp4 (incsp4.o):
    lcmp.o                    runtime/lcmp.s(9)
    shell.o                   shell.s(1988)
    shell.o                   shell.s(1988)
    uart.o                    uart.s(279)
incsp6 (incsp6.o):
    vsnprintf.o               common/vsnprintf.s(8)
    shell.o                   shell.s(1988)
incsp7 (incsp7.o):
    shell.o                   shell.s(1988)
initlib (condes.o):
    startup.o                 startup.s65(12)
irq_handler (interrupt.o):
    startup.o                 startup.s65(15)
irq_init (interrupt.o):
    startup.o                 startup.s65(16)
ldax0sp (ldaxsp.o):
    shell.o                   shell.s(1988)
    uart.o                    uart.s(279)
    main.o                    main.s(192)
ldaxidx (ldaxi.o):
    shell.o                   shell.s(1988)
ldaxysp (ldaxsp.o):
    vsnprintf.o               common/vsnprintf.s(8)
    strtoul.o                 ../libwrk/sim6502/strtoul.s(295)
    shell.o                   shell.s(1988)
    shell.o                   shell.s(1988)
    shell.o                   shell.s(1988)
    shell.o                   shell.s(1988)
    shell.o                   shell.s(1988)
    shell.o                   shell.s(1988)
    shell.o                   shell.s(1988)
    shell.o                   shell.s(1988)
    shell.o                   shell.s(1988)
    gpio.o                    gpio.s(321)
    gpio.o                    gpio.s(321)
    gpio.o                    gpio.s(321)
    uart.o                    uart.s(279)
ldeax0sp (ldeaxysp.o):
    shell.o                   shell.s(1988)
    shell.o                   shell.s(1988)
    shell.o                   shell.s(1988)
    shell.o                   shell.s(1988)
ldeaxi (ldeaxi.o):
    vga.o                     vga.s(344)
    vga.o                     vga.s(344)
    vga.o                     vga.s(344)
    ps2.o                     ps2.s(274)
    ps2.o                     ps2.s(274)
ldeaxidx (ldeaxi.o):
    shell.o                   shell.s(1988)
ldeaxysp (ldeaxysp.o):
    strtoul.o                 ../libwrk/sim6502/strtoul.s(295)
    shell.o                   shell.s(1988)
    shell.o                   shell.s(1988)
    shell.o                   shell.s(1988)
    shell.o                   shell.s(1988)
    shell.o                   shell.s(1988)
    shell.o                   shell.s(1988)
    shell.o                   shell.s(1988)
    gpio.o                    gpio.s(321)
    gpio.o                    gpio.s(321)
    gpio.o                    gpio.s(321)
leaa0sp (leaaxsp.o):
    vga.o                     vga.s(344)
    shell.o                   shell.s(1988)
    uart.o                    uart.s(279)
leavey (leave.o):
    vga.o                     vga.s(344)
    uart.o                    uart.s(279)
mulax6 (mulax6.o):
    shell.o                   shell.s(1988)
    shell.o                   shell.s(1988)
    shell.o                   shell.s(1988)
negeax (lneg.o):
    strtoul.o                 ../libwrk/sim6502/strtoul.s(295)
nmi_handler (interrupt.o):
    startup.o                 startup.s65(14)
popax (incsp2.o):
    memcpy.o                  common/memcpy.s(14)
    ltoa.o                    common/ltoa.s(9)
    _printf.o                 common/_printf.s(11)
    vsnprintf.o               common/vsnprintf.s(8)
    strcmp.o                  common/strcmp.s(8)
    shl.o                     runtime/shl.s(15)
    acia.o                    acia.s65(12)
popsreg (popsreg.o):
    mul8.o                    runtime/mul8.s(9)
ptr1 (zeropage.o):
    strlower.o                common/strlower.s(14)
    memcpy.o                  common/memcpy.s(15)
    ludiv.o                   runtime/ludiv.s(9)
    ltoa.o                    common/ltoa.s(11)
    lmul.o                    runtime/lmul.s(9)
    lcmp.o                    runtime/lcmp.s(10)
    _printf.o                 /home/grappendorf/cc65/asminc/zeropage.inc(12)
    zerobss.o                 common/zerobss.s(9)
    vsnprintf.o               common/vsnprintf.s(10)
    strlen.o                  common/strlen.s(8)
    strcmp.o                  common/strcmp.s(9)
    staxspi.o                 runtime/staxspi.s(9)
    staspidx.o                runtime/staspidx.s(9)
    pushw.o                   runtime/pushw.s(9)
    mulax6.o                  runtime/mulax6.s(9)
    ldeaxi.o                  runtime/ldeaxi.s(8)
    ldaxi.o                   runtime/ldaxi.s(8)
    copydata.o                common/copydata.s(9)
    call.o                    runtime/call.s(8)
    vga.o                     vga.s(11)
    ps2.o                     ps2.s(11)
    shell.o                   shell.s(11)
    gpio.o                    gpio.s(11)
    uart.o                    uart.s(11)
    acia.o                    zeropage.inc65(10)
ptr2 (zeropage.o):
    strlower.o                common/strlower.s(14)
    memcpy.o                  common/memcpy.s(15)
    lumod.o                   runtime/lumod.s(9)
    ludiv.o                   runtime/ludiv.s(9)
    ltoa.o                    common/ltoa.s(11)
    _printf.o                 /home/grappendorf/cc65/asminc/zeropage.inc(12)
    strcmp.o                  common/strcmp.s(9)
    copydata.o                common/copydata.s(9)
ptr3 (zeropage.o):
    memcpy.o                  common/memcpy.s(15)
    ludiv.o                   runtime/ludiv.s(9)
    ltoa.o                    common/ltoa.s(11)
    lmul.o                    runtime/lmul.s(9)
ptr4 (zeropage.o):
    ludiv.o                   runtime/ludiv.s(9)
    lmul.o                    runtime/lmul.s(9)
    mul8.o                    runtime/mul8.s(10)
    linc.o                    runtime/linc.s(8)
push0 (pushax.o):
    strtoul.o                 ../libwrk/sim6502/strtoul.s(295)
    shell.o                   shell.s(1988)
    shell.o                   shell.s(1988)
    shell.o                   shell.s(1988)
    shell.o                   shell.s(1988)
    shell.o                   shell.s(1988)
    shell.o                   shell.s(1988)
push0ax (lpush.o):
    shell.o                   shell.s(1988)
    shell.o                   shell.s(1988)
push1 (push1.o):
    _printf.o                 common/_printf.s(11)
pusha (pusha.o):
    strtoul.o                 ../libwrk/sim6502/strtoul.s(295)
    vga.o                     vga.s(344)
    vga.o                     vga.s(344)
    vga.o                     vga.s(344)
    ps2.o                     ps2.s(274)
    ps2.o                     ps2.s(274)
    shell.o                   shell.s(1988)
    shell.o                   shell.s(1988)
    uart.o                    uart.s(279)
    uart.o                    uart.s(279)
pusha0 (pushax.o):
    push1.o                   runtime/push1.s(8)
    vga.o                     vga.s(344)
    ps2.o                     ps2.s(274)
    ps2.o                     ps2.s(274)
    ps2.o                     ps2.s(274)
    shell.o                   shell.s(1988)
    shell.o                   shell.s(1988)
    shell.o                   shell.s(1988)
    shell.o                   shell.s(1988)
    shell.o                   shell.s(1988)
    shell.o                   shell.s(1988)
    main.o                    main.s(192)
pushax (pushax.o):
    _printf.o                 common/_printf.s(11)
    strtoul.o                 ../libwrk/sim6502/strtoul.s(295)
    pushw.o                   runtime/pushw.s(8)
    ps2.o                     ps2.s(274)
    ps2.o                     ps2.s(274)
    shell.o                   shell.s(1988)
    shell.o                   shell.s(1988)
    shell.o                   shell.s(1988)
    shell.o                   shell.s(1988)
    shell.o                   shell.s(1988)
    shell.o                   shell.s(1988)
    shell.o                   shell.s(1988)
    shell.o                   shell.s(1988)
    shell.o                   shell.s(1988)
    shell.o                   shell.s(1988)
    shell.o                   shell.s(1988)
    shell.o                   shell.s(1988)
    uart.o                    uart.s(279)
    uart.o                    uart.s(279)
    main.o                    main.s(192)
pusheax (lpush.o):
    _printf.o                 common/_printf.s(11)
    strtoul.o                 ../libwrk/sim6502/strtoul.s(295)
    vga.o                     vga.s(344)
    vga.o                     vga.s(344)
    ps2.o                     ps2.s(274)
    ps2.o                     ps2.s(274)
    shell.o                   shell.s(1988)
    shell.o                   shell.s(1988)
    shell.o                   shell.s(1988)
    shell.o                   shell.s(1988)
    shell.o                   shell.s(1988)
    shell.o                   shell.s(1988)
    shell.o                   shell.s(1988)
    gpio.o                    gpio.s(321)
    gpio.o                    gpio.s(321)
    gpio.o                    gpio.s(321)
    main.o                    main.s(192)
pushl0 (lpush.o):
    strtoul.o                 ../libwrk/sim6502/strtoul.s(295)
    shell.o                   shell.s(1988)
pushw (pushw.o):
    shell.o                   shell.s(1988)
    shell.o                   shell.s(1988)
    shell.o                   shell.s(1988)
    shell.o                   shell.s(1988)
    uart.o                    uart.s(279)
pushw0sp (pushwsp.o):
    shell.o                   shell.s(1988)
pushwidx (pushw.o):
    shell.o                   shell.s(1988)
pushwysp (pushwsp.o):
    shell.o                   shell.s(1988)
    shell.o                   shell.s(1988)
    shell.o                   shell.s(1988)
    shell.o                   shell.s(1988)
    shell.o                   shell.s(1988)
    shell.o                   shell.s(1988)
regbank (zeropage.o):
    _printf.o                 /home/grappendorf/cc65/asminc/zeropage.inc(14)
    strtoul.o                 ../libwrk/sim6502/strtoul.s(10)
regsave (zeropage.o):
    lsave.o                   runtime/lsave.s(8)
    main.o                    main.s(10)
resteax (lsave.o):
    shell.o                   shell.s(1988)
    shell.o                   shell.s(1988)
    shell.o                   shell.s(1988)
    shell.o                   shell.s(1988)
    shell.o                   shell.s(1988)
    shell.o                   shell.s(1988)
saveeax (lsave.o):
    shell.o                   shell.s(1988)
    shell.o                   shell.s(1988)
    shell.o                   shell.s(1988)
    shell.o                   shell.s(1988)
    shell.o                   shell.s(1988)
    shell.o                   shell.s(1988)
shleax4 (asleax4.o):
    shell.o                   shell.s(1988)
shrax4 (shrax4.o):
    shell.o                   shell.s(1988)
sp (zeropage.o):
    memcpy.o                  common/memcpy.s(15)
    ludiv.o                   runtime/ludiv.s(9)
    lmul.o                    runtime/lmul.s(9)
    lcmp.o                    runtime/lcmp.s(10)
    addeqsp.o                 runtime/addeqsp.s(8)
    _printf.o                 /home/grappendorf/cc65/asminc/zeropage.inc(11)
    vsnprintf.o               common/vsnprintf.s(10)
    subysp.o                  runtime/subysp.s(9)
    subeqsp.o                 runtime/subeqsp.s(8)
    strtoul.o                 ../libwrk/sim6502/strtoul.s(10)
    steaxsp.o                 runtime/steaxsp.s(8)
    staxspi.o                 runtime/staxspi.s(9)
    staxsp.o                  runtime/staxsp.s(8)
    staspidx.o                runtime/staspidx.s(9)
    pushwsp.o                 runtime/pushwsp.s(8)
    pushax.o                  runtime/pushax.s(8)
    pusha.o                   runtime/pusha.s(8)
    popsreg.o                 runtime/popsreg.s(9)
    or.o                      runtime/or.s(9)
    lpush.o                   runtime/lpush.s(12)
    leave.o                   runtime/leave.s(14)
    leaaxsp.o                 runtime/leaaxsp.s(8)
    ldeaxysp.o                runtime/ldeaxysp.s(12)
    ldaxsp.o                  runtime/ldaxsp.s(8)
    land.o                    runtime/land.s(9)
    ladd.o                    runtime/ladd.s(9)
    incsp2.o                  runtime/incsp2.s(8)
    incsp1.o                  runtime/incsp1.s(8)
    enter.o                   runtime/enter.s(8)
    decsp8.o                  runtime/decsp8.s(8)
    decsp7.o                  runtime/decsp7.s(8)
    decsp6.o                  runtime/decsp6.s(8)
    decsp4.o                  runtime/decsp4.s(8)
    decsp3.o                  runtime/decsp3.s(8)
    decsp2.o                  runtime/decsp2.s(8)
    decsp1.o                  runtime/decsp1.s(8)
    addysp.o                  runtime/addysp.s(8)
    add.o                     runtime/add.s(11)
    vga.o                     vga.s(10)
    ps2.o                     ps2.s(10)
    shell.o                   shell.s(10)
    gpio.o                    gpio.s(10)
    uart.o                    uart.s(10)
    main.o                    main.s(10)
    startup.o                 zeropage.inc65(1)
sreg (zeropage.o):
    lumod.o                   runtime/lumod.s(9)
    ludiv.o                   runtime/ludiv.s(9)
    ltoa.o                    common/ltoa.s(11)
    lneg.o                    runtime/lneg.s(11)
    lmul.o                    runtime/lmul.s(9)
    lcmp.o                    runtime/lcmp.s(10)
    _printf.o                 /home/grappendorf/cc65/asminc/zeropage.inc(11)
    strtoul.o                 ../libwrk/sim6502/strtoul.s(10)
    steaxsp.o                 runtime/steaxsp.s(8)
    popsreg.o                 runtime/popsreg.s(9)
    mul8.o                    runtime/mul8.s(10)
    lsave.o                   runtime/lsave.s(8)
    lpush.o                   runtime/lpush.s(12)
    linc.o                    runtime/linc.s(8)
    ldeaxysp.o                runtime/ldeaxysp.s(12)
    ldeaxi.o                  runtime/ldeaxi.s(8)
    land.o                    runtime/land.s(9)
    ladd.o                    runtime/ladd.s(9)
    axlong.o                  runtime/axlong.s(8)
    asleax4.o                 runtime/asleax4.s(8)
    vga.o                     vga.s(10)
    ps2.o                     ps2.s(10)
    shell.o                   shell.s(10)
    gpio.o                    gpio.s(10)
    main.o                    main.s(10)
staspidx (staspidx.o):
    shell.o                   shell.s(1988)
stax0sp (staxsp.o):
    vga.o                     vga.s(344)
    shell.o                   shell.s(1988)
    shell.o                   shell.s(1988)
    shell.o                   shell.s(1988)
    shell.o                   shell.s(1988)
    uart.o                    uart.s(279)
    uart.o                    uart.s(279)
    main.o                    main.s(192)
staxspidx (staxspi.o):
    shell.o                   shell.s(1988)
staxysp (staxsp.o):
    strtoul.o                 ../libwrk/sim6502/strtoul.s(295)
    shell.o                   shell.s(1988)
    shell.o                   shell.s(1988)
    shell.o                   shell.s(1988)
    shell.o                   shell.s(1988)
    shell.o                   shell.s(1988)
    shell.o                   shell.s(1988)
    gpio.o                    gpio.s(321)
    gpio.o                    gpio.s(321)
    gpio.o                    gpio.s(321)
steax0sp (steaxsp.o):
    shell.o                   shell.s(1988)
    shell.o                   shell.s(1988)
    shell.o                   shell.s(1988)
    shell.o                   shell.s(1988)
steaxysp (steaxsp.o):
    strtoul.o                 ../libwrk/sim6502/strtoul.s(295)
    vga.o                     vga.s(344)
    shell.o                   shell.s(1988)
    shell.o                   shell.s(1988)
    shell.o                   shell.s(1988)
    shell.o                   shell.s(1988)
    shell.o                   shell.s(1988)
    shell.o                   shell.s(1988)
    uart.o                    uart.s(279)
subeq0sp (subeqsp.o):
    vga.o                     vga.s(344)
subysp (subysp.o):
    vga.o                     vga.s(344)
    shell.o                   shell.s(1988)
    shell.o                   shell.s(1988)
    shell.o                   shell.s(1988)
    shell.o                   shell.s(1988)
    gpio.o                    gpio.s(321)
    gpio.o                    gpio.s(321)
    gpio.o                    gpio.s(321)
tmp1 (zeropage.o):
    ltoa.o                    common/ltoa.s(11)
    decaxy.o                  runtime/decaxy.s(8)
    _printf.o                 /home/grappendorf/cc65/asminc/zeropage.inc(13)
    strtoul.o                 ../libwrk/sim6502/strtoul.s(11)
    staxspi.o                 runtime/staxspi.s(9)
    staspidx.o                runtime/staspidx.s(9)
    shrax4.o                  runtime/shrax4.s(8)
    shl.o                     runtime/shl.s(16)
    or.o                      runtime/or.s(9)
    land.o                    runtime/land.s(9)
    ladd.o                    runtime/ladd.s(9)
    incaxy.o                  runtime/incaxy.s(8)
    copydata.o                common/copydata.s(9)
    asleax4.o                 runtime/asleax4.s(8)
    aslax2.o                  runtime/aslax2.s(8)
    aslax1.o                  runtime/aslax1.s(8)
    acia.o                    zeropage.inc65(5)
    utils.o                   zeropage.inc65(5)
tmp2 (zeropage.o):
    lmul.o                    runtime/lmul.s(9)
tmp3 (zeropage.o):
    lumod.o                   runtime/lumod.s(9)
    ludiv.o                   runtime/ludiv.s(9)
    lmul.o                    runtime/lmul.s(9)
tmp4 (zeropage.o):
    lumod.o                   runtime/lumod.s(9)
    ludiv.o                   runtime/ludiv.s(9)
    lmul.o                    runtime/lmul.s(9)
tmpstack (zeropage.o):
    acia.o                    zeropage.inc65(9)
tosaddax (add.o):
    shell.o                   shell.s(1988)
    shell.o                   shell.s(1988)
    shell.o                   shell.s(1988)
tosaddeax (ladd.o):
    strtoul.o                 ../libwrk/sim6502/strtoul.s(295)
    shell.o                   shell.s(1988)
tosand0ax (land.o):
    gpio.o                    gpio.s(321)
    gpio.o                    gpio.s(321)
    gpio.o                    gpio.s(321)
toseqeax (leq.o):
    strtoul.o                 ../libwrk/sim6502/strtoul.s(295)
    shell.o                   shell.s(1988)
    shell.o                   shell.s(1988)
    shell.o                   shell.s(1988)
    shell.o                   shell.s(1988)
toslcmp (lcmp.o):
    lugt.o                    runtime/lugt.s(8)
    lult.o                    runtime/lult.s(8)
    lne.o                     runtime/lne.s(8)
    leq.o                     runtime/leq.s(8)
tosmula0 (mul8.o):
    shell.o                   shell.s(1988)
tosneeax (lne.o):
    shell.o                   shell.s(1988)
tosorax (or.o):
    ps2.o                     ps2.s(274)
tosudiveax (ludiv.o):
    strtoul.o                 ../libwrk/sim6502/strtoul.s(295)
tosugteax (lugt.o):
    strtoul.o                 ../libwrk/sim6502/strtoul.s(295)
tosulteax (lult.o):
    shell.o                   shell.s(1988)
    shell.o                   shell.s(1988)
tosumodeax (lumod.o):
    strtoul.o                 ../libwrk/sim6502/strtoul.s(295)
tosumuleax (lmul.o):
    strtoul.o                 ../libwrk/sim6502/strtoul.s(295)
udiv32 (ludiv.o):
    lumod.o                   runtime/lumod.s(8)
zerobss (zerobss.o):
    startup.o                 startup.s65(10)

